06-24 16:48:16.780 23948 24025 W ReflectHelper: 	at android.os.Looper.loopOnce(Looper.java:205)
06-24 16:48:16.780 23948 24025 W ReflectHelper: 	at android.os.Looper.loop(Looper.java:294)
06-24 16:48:16.780 23948 24025 W ReflectHelper: 	at android.os.HandlerThread.run(HandlerThread.java:67)
06-24 16:48:16.783 23948 24025 I DefaultTransitionHandler: activityInMultiWindow Exception e = java.lang.NullPointerException: Attempt to invoke virtual method 'java.lang.Object java.lang.reflect.Method.invoke(java.lang.Object, java.lang.Object[])' on a null object reference
06-24 16:48:16.783 23948 24025 I isAnimateWithFlipScreenSmartWindow: TransitionInfo.type:1
06-24 16:48:16.783 23948 24025 D isAnimateWithFlipScreenSmartWindow: isAnimateWithFlipScreenSmartWindow(info):  false
06-24 16:48:16.783 23948 24025 I isAnimateWithFlipScreenSmartWindow: TransitionInfo.type:1
06-24 16:48:16.783 23948 24025 I isAnimateWithFlipScreenSmartWindow: TransitionInfo.type:1
06-24 16:48:16.785 23948 24025 V WindowManagerShell: loadAnimation: anim=android.view.animation.AnimationSet@3cfd4bb animAttr=0x13 type=OPEN isEntrance=false
06-24 16:48:16.785   620   710 I mali_gralloc: allocate: id=26c00008b3b, hal_format=RGBA8888, mali_format=RGBA8888, afbc=SPLIT, usage=GPU_RW|HWC, size=720x1612(4727808), stride=720, name=VRI[generatormobile]#13(BLAST Consumer)13
06-24 16:48:16.785 23948 24025 D ShellTransitions: animationRange:  Rect(0, 0 - 720, 1612)
06-24 16:48:16.786 23948 32103 D mali_gralloc: register: id=26c00008b3b, handle=0xea01ba60, importpid=-1, gRegisteredHandles=19
06-24 16:48:16.786 23948 24025 I DefaultTransitionHandler: activityInMultiWindow Exception e = java.lang.NullPointerException: Attempt to invoke virtual method 'java.lang.Object java.lang.reflect.Method.invoke(java.lang.Object, java.lang.Object[])' on a null object reference
06-24 16:48:16.786 23948 24025 I isAnimateWithFlipScreenSmartWindow: TransitionInfo.type:1
06-24 16:48:16.786 23948 24025 D isAnimateWithFlipScreenSmartWindow: isAnimateWithFlipScreenSmartWindow(info):  false
06-24 16:48:16.786 23948 24025 I isAnimateWithFlipScreenSmartWindow: TransitionInfo.type:1
06-24 16:48:16.786 23948 24025 I isAnimateWithFlipScreenSmartWindow: TransitionInfo.type:1
06-24 16:48:16.788   620   710 I mali_gralloc: allocate: id=26c00008b3c, hal_format=RGBA8888, mali_format=RGBA8888, afbc=SPLIT, usage=GPU_RW|HWC, size=720x1612(4727808), stride=720, name=VRI[generatormobile]#13(BLAST Consumer)13
06-24 16:48:16.788 23948 24025 V WindowManagerShell: loadAnimation: anim=android.view.animation.AnimationSet@c9fdf84 animAttr=0x12 type=OPEN isEntrance=true
06-24 16:48:16.788 23948 24025 D ShellTransitions: animationRange:  Rect(0, 0 - 720, 1612)
06-24 16:48:16.791 23948 32103 D mali_gralloc: register: id=26c00008b3c, handle=0xea01bb40, importpid=-1, gRegisteredHandles=20
06-24 16:48:16.791   621   621 I DPUModule: DpuR5P0::checkLayerFormat <149>: checkLayerFormat: Format(1)
06-24 16:48:16.791   621   621 I DPUModule: DpuR5P0::checkTransform <44>: checkTransform: Transform(0), SRCRect(0,0)
06-24 16:48:16.791   621   621 I DPUModule: DpuR5P0::checkAFBCBlockSize <105>: checkAFBCBlockSize: compressed(1),format(1), pitch(1152), vstride(1616)
06-24 16:48:16.791   621   621 I DPUModule: DpuR5P0::checkLayerFormat <149>: checkLayerFormat: Format(1)
06-24 16:48:16.791   621   621 I DPUModule: DpuR5P0::checkTransform <44>: checkTransform: Transform(0), SRCRect(0,0)
06-24 16:48:16.791   621   621 I DPUModule: DpuR5P0::checkAFBCBlockSize <105>: checkAFBCBlockSize: compressed(1),format(1), pitch(720), vstride(1616)
06-24 16:48:16.791   621   621 I DPUModule: DpuR5P0::checkLayerFormat <149>: checkLayerFormat: Format(1)
06-24 16:48:16.791   621   621 I DPUModule: DpuR5P0::checkTransform <44>: checkTransform: Transform(0), SRCRect(0,0)
06-24 16:48:16.791   621   621 I DPUModule: DpuR5P0::checkAFBCBlockSize <105>: checkAFBCBlockSize: compressed(1),format(1), pitch(720), vstride(80)
06-24 16:48:16.791   621   621 I DPUModule: DpuR5P0::checkLayerFormat <149>: checkLayerFormat: Format(1)
06-24 16:48:16.791   621   621 I DPUModule: DpuR5P0::checkTransform <44>: checkTransform: Transform(0), SRCRect(0,0)
06-24 16:48:16.791   621   621 I DPUModule: DpuR5P0::checkAFBCBlockSize <105>: checkAFBCBlockSize: compressed(1),format(1), pitch(720), vstride(80)
06-24 16:48:16.791   621   621 D DPUModule: [©┤Č #] support: 0
06-24 16:48:16.793   620   710 I mali_gralloc: allocate: id=26c00008b3d, hal_format=RGBA8888, mali_format=RGBA8888, afbc=SPLIT, usage=GPU_RW|HWC, size=720x1612(4727808), stride=720, name=VRI[generatormobile]#13(BLAST Consumer)13
06-24 16:48:16.794 23948 24025 V WindowManagerShell:  animated by com.android.wm.shell.transition.DefaultTransitionHandler@bcd1c2c
06-24 16:48:16.794 23948 24025 V TranThreePointMenuManager: checkWindowStateDisplayInner params is null
06-24 16:48:16.794 23948 32103 D mali_gralloc: register: id=26c00008b3d, handle=0xea01bc20, importpid=-1, gRegisteredHandles=21
06-24 16:48:16.797  1089  1142 D WindowManager: isSupportDynamicNavbar user0, navBarMode = 2, is3buttonModeNavbar = false
06-24 16:48:16.798   649   649 D SurfaceFlinger: VRR attempt to change display mode to 0
06-24 16:48:16.798   649   649 I RefreshRateSelector: Display 4619827259835644672 policy changed
06-24 16:48:16.798   649   649 I RefreshRateSelector: Previous: {defaultModeId=1, allowGroupSwitching=false, primaryRanges={physical=[60.00 Hz, 120.00 Hz], render=[60.00 Hz, 90.00 Hz]}, appRequestRanges={physical=[0.00 Hz, 120.00 Hz], render=[0.00 Hz, 120.00 Hz]}}
06-24 16:48:16.798   649   649 I RefreshRateSelector: Current:  DisplayManagerPolicy{defaultModeId=0, allowGroupSwitching=false, primaryRanges={physical=[60.00 Hz, 120.00 Hz], render=[60.00 Hz, 90.00 Hz]}, appRequestRanges={physical=[0.00 Hz, 120.00 Hz], render=[0.00 Hz, 120.00 Hz]}}
06-24 16:48:16.798   649   649 I RefreshRateSelector: 0 mode changes were performed under the previous policy
06-24 16:48:16.798 17969 17987 D mali_gralloc: unregister: id=26c00008b39, handle=0xefa431a0, base=0x0, importpid=17969, count:1
06-24 16:48:16.799 17969 17987 D mali_gralloc: unregister: id=26c00008b2f, handle=0xefa40b20, base=0x0, importpid=17969, count:1
06-24 16:48:16.799 17969 17987 D mali_gralloc: unregister: id=26c00008b2b, handle=0xf1879b40, base=0x0, importpid=17969, count:1
06-24 16:48:16.799 17969 17988 W System  : A resource failed to call HardwareBuffer.close. 
06-24 16:48:16.799 17969 17988 D mali_gralloc: unregister: id=26c00008b39, handle=0xefa42640, base=0x0, importpid=17969, count:0
06-24 16:48:16.799 17969 17988 W System  : A resource failed to call HardwareBuffer.close. 
06-24 16:48:16.800 17969 17988 D mali_gralloc: unregister: id=26c00008b2f, handle=0xf0f91e40, base=0x0, importpid=17969, count:0
06-24 16:48:16.801   649   649 I Layer   : fillInputInfo layer:b0c3db7 ActivityRecordInputSink com.generatormobile/.MainActivity#19533, visible=1 (hasInputInfo:1, isHidden:0, alpha:0.000000, parent:ActivityRecord{18e3924 u0 com.generatormobile/.MainActivity#19527,parenthidden:0, parentalpha:0.000000, mBuffer:0, mSidebandStream:0,hasSomethingToDraw:0, hasEffect:0, fillsColor:0, drawShadows:0, hasBlur:0)
06-24 16:48:16.802   621   621 I DPUModule: DpuR5P0::checkLayerFormat <149>: checkLayerFormat: Format(1)
06-24 16:48:16.802   621   621 I DPUModule: DpuR5P0::checkTransform <44>: checkTransform: Transform(0), SRCRect(0,0)
06-24 16:48:16.802   621   621 I DPUModule: DpuR5P0::checkAFBCBlockSize <105>: checkAFBCBlockSize: compressed(1),format(1), pitch(1152), vstride(1616)
06-24 16:48:16.802   621   621 I DPUModule: DpuR5P0::checkLayerFormat <149>: checkLayerFormat: Format(1)
06-24 16:48:16.802   621   621 I DPUModule: DpuR5P0::checkTransform <44>: checkTransform: Transform(0), SRCRect(0,0)
06-24 16:48:16.802   621   621 I DPUModule: DpuR5P0::checkAFBCBlockSize <105>: checkAFBCBlockSize: compressed(1),format(1), pitch(720), vstride(1616)
06-24 16:48:16.802   621   621 I DPUModule: DpuR5P0::checkLayerFormat <149>: checkLayerFormat: Format(1)
06-24 16:48:16.802   621   621 I DPUModule: DpuR5P0::checkTransform <44>: checkTransform: Transform(0), SRCRect(0,0)
06-24 16:48:16.803   621   621 I DPUModule: DpuR5P0::checkAFBCBlockSize <105>: checkAFBCBlockSize: compressed(1),format(1), pitch(720), vstride(80)
06-24 16:48:16.803   621   621 I DPUModule: DpuR5P0::checkLayerFormat <149>: checkLayerFormat: Format(1)
06-24 16:48:16.803   621   621 I DPUModule: DpuR5P0::checkTransform <44>: checkTransform: Transform(0), SRCRect(0,0)
06-24 16:48:16.803   621   621 I DPUModule: DpuR5P0::checkAFBCBlockSize <105>: checkAFBCBlockSize: compressed(1),format(1), pitch(720), vstride(80)
06-24 16:48:16.803   621   621 D DPUModule: [©┤Č #] support: 0
06-24 16:48:16.803 17969 17988 W System  : A resource failed to call HardwareBuffer.close. 
06-24 16:48:16.803 17969 17988 D mali_gralloc: unregister: id=26c00008b2b, handle=0xf18796e0, base=0x0, importpid=17969, count:0
06-24 16:48:16.809 32102 32102 I generatormobile: Using generational CollectorTypeCMC GC.
06-24 16:48:16.813   892   967 I adbd    : jdwp connection from 32102
06-24 16:48:16.820 32102 32102 D nativeloader: Load libframework-connectivity-tiramisu-jni.so using APEX ns com_android_tethering for caller /apex/com.android.tethering/javalib/framework-connectivity-t.jar: ok
06-24 16:48:16.822  1493  2337 D MultiLinkController: onTaskStackChanged 
06-24 16:48:16.822  1089  1332 D os.permission.PermissionInfo: checkPermission 10176:android.permission.INTERACT_ACROSS_USERS:true
06-24 16:48:16.822  1089  1332 I os.permission: Grant permission: android.permission.INTERACT_ACROSS_USERS to uid: 10176
06-24 16:48:16.827 23948 24025 W RecentTasksController: baseActivity and topActivity is null: com.google.android.youtube/com.google.android.youtube.app.honeycomb.Shell$HomeActivity
06-24 16:48:16.827  1089  1224 D ParticularFeatureManager: enforcePermission,  do hasFeature
06-24 16:48:16.830  1089  1224 D os.permission.PermissionInfo: checkPermission 10176:android.permission.READ_FRAME_BUFFER:true
06-24 16:48:16.830  1089  1224 I os.permission: Grant permission: android.permission.READ_FRAME_BUFFER to uid: 10176
06-24 16:48:16.833   620   710 I mali_gralloc: allocate: id=26c00008b3e, hal_format=RGBA8888, mali_format=RGBA8888, afbc=false, usage=CPU_RW|GPU_RW|HWC, size=576x1289(2969856), stride=576, name=screenshot
06-24 16:48:16.833   649  2249 D mali_gralloc: register: id=26c00008b3e, handle=0xf58d0560, importpid=-1, gRegisteredHandles=16
06-24 16:48:16.833   649   649 I Layer   : fillInputInfo layer:Splash Screen com.generatormobile#19529, visible=1 (hasInputInfo:1, isHidden:0, alpha:0.082703, parent:1cfec8e Splash Screen com.generatormobile#19528,parenthidden:0, parentalpha:0.082703, mBuffer:1, mSidebandStream:0,hasSomethingToDraw:1, hasEffect:0, fillsColor:0, drawShadows:0, hasBlur:0)
06-24 16:48:16.835   621   621 D SPRDHWComposer: HWC Range:1, HWC_Transfer:4
06-24 16:48:16.835   621   621 D mali_gralloc: register: id=26c00008b3a, handle=0xebc30b60, importpid=649, gRegisteredHandles=16
06-24 16:48:16.835   621   621 I DPUModule: DpuR5P0::checkLayerFormat <149>: checkLayerFormat: Format(1)
06-24 16:48:16.835   621   621 I DPUModule: DpuR5P0::checkTransform <44>: checkTransform: Transform(0), SRCRect(0,0)
06-24 16:48:16.835   621   621 I DPUModule: DpuR5P0::checkAFBCBlockSize <105>: checkAFBCBlockSize: compressed(1),format(1), pitch(1152), vstride(1616)
06-24 16:48:16.835   621   621 I DPUModule: DpuR5P0::checkLayerFormat <149>: checkLayerFormat: Format(1)
06-24 16:48:16.835   621   621 I DPUModule: DpuR5P0::checkTransform <44>: checkTransform: Transform(0), SRCRect(0,0)
06-24 16:48:16.835   621   621 I DPUModule: DpuR5P0::checkAFBCBlockSize <105>: checkAFBCBlockSize: compressed(1),format(1), pitch(720), vstride(1616)
06-24 16:48:16.835   621   621 I DPUModule: DpuR5P0::checkLayerFormat <149>: checkLayerFormat: Format(1)
06-24 16:48:16.835   621   621 I DPUModule: DpuR5P0::checkTransform <44>: checkTransform: Transform(0), SRCRect(0,0)
06-24 16:48:16.835   621   621 I DPUModule: DpuR5P0::checkLayerFormat <149>: checkLayerFormat: Format(1)
06-24 16:48:16.835   621   621 I DPUModule: DpuR5P0::checkTransform <44>: checkTransform: Transform(0), SRCRect(0,0)
06-24 16:48:16.835   621   621 I DPUModule: DpuR5P0::checkAFBCBlockSize <105>: checkAFBCBlockSize: compressed(1),format(1), pitch(720), vstride(80)
06-24 16:48:16.835   621   621 I DPUModule: DpuR5P0::checkLayerFormat <149>: checkLayerFormat: Format(1)
06-24 16:48:16.835   621   621 I DPUModule: DpuR5P0::checkTransform <44>: checkTransform: Transform(0), SRCRect(0,0)
06-24 16:48:16.835   621   621 I DPUModule: DpuR5P0::checkAFBCBlockSize <105>: checkAFBCBlockSize: compressed(1),format(1), pitch(720), vstride(80)
06-24 16:48:16.835   621   621 D DPUModule: [©┤Č #] support: 0
06-24 16:48:16.844  1089  1128 D mali_gralloc: register: id=26c00008b3e, handle=0x8771bee0, importpid=649, gRegisteredHandles=5
06-24 16:48:16.845 17969 29668 D mali_gralloc: register: id=26c00008b3e, handle=0xf18791a0, importpid=1089, gRegisteredHandles=6
06-24 16:48:16.845 17969 29668 D mali_gralloc: register: id=26c00008b3e, handle=0xf18796e0, importpid=17969, gRegisteredHandles=7
06-24 16:48:16.845   621   621 I DPUModule: DpuR5P0::checkLayerFormat <149>: checkLayerFormat: Format(1)
06-24 16:48:16.845   621   621 I DPUModule: DpuR5P0::checkTransform <44>: checkTransform: Transform(0), SRCRect(0,0)
06-24 16:48:16.845   621   621 I DPUModule: DpuR5P0::checkAFBCBlockSize <105>: checkAFBCBlockSize: compressed(1),format(1), pitch(1152), vstride(1616)
06-24 16:48:16.845   621   621 I DPUModule: DpuR5P0::checkLayerFormat <149>: checkLayerFormat: Format(1)
06-24 16:48:16.845   621   621 I DPUModule: DpuR5P0::checkTransform <44>: checkTransform: Transform(0), SRCRect(0,0)
06-24 16:48:16.845   621   621 I DPUModule: DpuR5P0::checkAFBCBlockSize <105>: checkAFBCBlockSize: compressed(1),format(1), pitch(720), vstride(1616)
06-24 16:48:16.845   621   621 I DPUModule: DpuR5P0::checkLayerFormat <149>: checkLayerFormat: Format(1)
06-24 16:48:16.845   621   621 I DPUModule: DpuR5P0::checkTransform <44>: checkTransform: Transform(0), SRCRect(0,0)
06-24 16:48:16.845   621   621 I DPUModule: DpuR5P0::checkLayerFormat <149>: checkLayerFormat: Format(1)
06-24 16:48:16.845   621   621 I DPUModule: DpuR5P0::checkTransform <44>: checkTransform: Transform(0), SRCRect(0,0)
06-24 16:48:16.845   621   621 I DPUModule: DpuR5P0::checkAFBCBlockSize <105>: checkAFBCBlockSize: compressed(1),format(1), pitch(720), vstride(80)
06-24 16:48:16.845   621   621 I DPUModule: DpuR5P0::checkLayerFormat <149>: checkLayerFormat: Format(1)
06-24 16:48:16.845   621   621 I DPUModule: DpuR5P0::checkTransform <44>: checkTransform: Transform(0), SRCRect(0,0)
06-24 16:48:16.845   621   621 I DPUModule: DpuR5P0::checkAFBCBlockSize <105>: checkAFBCBlockSize: compressed(1),format(1), pitch(720), vstride(80)
06-24 16:48:16.845   621   621 D DPUModule: [©┤Č #] support: 0
06-24 16:48:16.846  1089  1332 D os.ActivityManagerServiceLice: make process active com.generatormobile(32102)
06-24 16:48:16.848  1089  1332 I AppsFilter: interaction: PackageSetting{edd18d3 com.generatormobile/10300} -> PackageSetting{9f9f5d8 com.transsion.hilauncher/10176} BLOCKED
06-24 16:48:16.849  1089  1332 D os.fingerprint: onRealStartActivityLocked next:ActivityRecord{18e3924 u0 com.generatormobile/.MainActivity t251 d0} isKeyguardShowing:false
06-24 16:48:16.849  1089  1332 D os.fingerprint: activityComponent = ComponentInfo{com.generatormobile/com.generatormobile.MainActivity} inMultiWindow = false
06-24 16:48:16.849  1089  1332 I ActivityTaskManager: delivered LaunchActivityItem: ActivityRecord{18e3924 u0 com.generatormobile/.MainActivity t251 d0}
06-24 16:48:16.849  1089  1332 D os.fingerprint: onUpdateFocusedApp oldPackageName:com.transsion.hilauncher oldComponent:ComponentInfo{com.transsion.hilauncher/com.android.quickstep.src.com.android.launcher3.uioverrides.QuickstepLauncher} newPackageName:com.generatormobile newComponent:ComponentInfo{com.generatormobile/com.generatormobile.MainActivity} mFm :android.hardware.fingerprint.FingerprintManager@8a65b18
06-24 16:48:16.850  1089  1332 D WindowManager: setFocusedApp mFocusedApp = ActivityRecord{18e3924 u0 com.generatormobile/.MainActivity t251 d0}displayId = 0Callers = com.android.server.wm.ActivityTaskManagerService.setLastResumedActivityUncheckLocked:5349 com.android.server.wm.ActivityTaskSupervisor.updateTopResumedActivityIfNeeded:2565 com.android.server.wm.TaskFragment.setResumedActivity:574 com.android.server.wm.TaskFragment.onActivityStateChanged:870 
06-24 16:48:16.850  1089  1332 D InputDispatcher: setFocusedApplication displayId=0 ActivityRecord{18e3924 u0 com.generatormobile/.MainActivity t251 d0}
06-24 16:48:16.852  1089  1332 D os.fingerprint: onActivityResume next:ActivityRecord{18e3924 u0 com.generatormobile/.MainActivity t251 d0}
06-24 16:48:16.852  1089  1332 D os.fingerprint: activityComponent = ComponentInfo{com.generatormobile/com.generatormobile.MainActivity} inMultiWindow = false
06-24 16:48:16.852  1089  1486 W libc    : Access denied finding property "ro.vendor.pnpmgr.game.record"
06-24 16:48:16.852  1089  1486 W libc    : Access denied finding property "ro.vendor.pnpmgr.touch.ctl"
06-24 16:48:16.848  1089  1089 W com.transsion.p: type=1400 audit(0.0:141260): avc:  denied  { read } for  name="u:object_r:vendor_default_prop:s0" dev="tmpfs" ino=429 scontext=u:r:system_server:s0 tcontext=u:object_r:vendor_default_prop:s0 tclass=file permissive=0
06-24 16:48:16.848  1089  1089 W com.transsion.p: type=1400 audit(0.0:141261): avc:  denied  { read } for  name="u:object_r:vendor_default_prop:s0" dev="tmpfs" ino=429 scontext=u:r:system_server:s0 tcontext=u:object_r:vendor_default_prop:s0 tclass=file permissive=0
06-24 16:48:16.857   621   621 I DPUModule: DpuR5P0::checkLayerFormat <149>: checkLayerFormat: Format(1)
06-24 16:48:16.857   621   621 I DPUModule: DpuR5P0::checkTransform <44>: checkTransform: Transform(0), SRCRect(0,0)
06-24 16:48:16.857   621   621 I DPUModule: DpuR5P0::checkAFBCBlockSize <105>: checkAFBCBlockSize: compressed(1),format(1), pitch(1152), vstride(1616)
06-24 16:48:16.857   621   621 I DPUModule: DpuR5P0::checkLayerFormat <149>: checkLayerFormat: Format(1)
06-24 16:48:16.857   621   621 I DPUModule: DpuR5P0::checkTransform <44>: checkTransform: Transform(0), SRCRect(0,0)
06-24 16:48:16.857   621   621 I DPUModule: DpuR5P0::checkAFBCBlockSize <105>: checkAFBCBlockSize: compressed(1),format(1), pitch(720), vstride(1616)
06-24 16:48:16.857   621   621 I DPUModule: DpuR5P0::checkLayerFormat <149>: checkLayerFormat: Format(1)
06-24 16:48:16.857   621   621 I DPUModule: DpuR5P0::checkTransform <44>: checkTransform: Transform(0), SRCRect(0,0)
06-24 16:48:16.857   621   621 I DPUModule: DpuR5P0::checkLayerFormat <149>: checkLayerFormat: Format(1)
06-24 16:48:16.857   621   621 I DPUModule: DpuR5P0::checkTransform <44>: checkTransform: Transform(0), SRCRect(0,0)
06-24 16:48:16.857   621   621 I DPUModule: DpuR5P0::checkAFBCBlockSize <105>: checkAFBCBlockSize: compressed(1),format(1), pitch(720), vstride(80)
06-24 16:48:16.857   621   621 I DPUModule: DpuR5P0::checkLayerFormat <149>: checkLayerFormat: Format(1)
06-24 16:48:16.857   621   621 I DPUModule: DpuR5P0::checkTransform <44>: checkTransform: Transform(0), SRCRect(0,0)
06-24 16:48:16.857   621   621 I DPUModule: DpuR5P0::checkAFBCBlockSize <105>: checkAFBCBlockSize: compressed(1),format(1), pitch(720), vstride(80)
06-24 16:48:16.857   621   621 D DPUModule: [©┤Č #] support: 0
06-24 16:48:16.860  1089  1139 I ActivityManager: isUserAMonkey mUserIsMonkey = false
06-24 16:48:16.864 32102 32102 D CompatibilityChangeReporter: Compat change id reported: 171979766; UID 10300; state: ENABLED
06-24 16:48:16.865 32102 32102 D CompatibilityChangeReporter: Compat change id reported: 242716250; UID 10300; state: ENABLED
06-24 16:48:16.868   621   621 I DPUModule: DpuR5P0::checkLayerFormat <149>: checkLayerFormat: Format(1)
06-24 16:48:16.868   621   621 I DPUModule: DpuR5P0::checkTransform <44>: checkTransform: Transform(0), SRCRect(0,0)
06-24 16:48:16.868   621   621 I DPUModule: DpuR5P0::checkAFBCBlockSize <105>: checkAFBCBlockSize: compressed(1),format(1), pitch(1152), vstride(1616)
06-24 16:48:16.868   621   621 I DPUModule: DpuR5P0::checkLayerFormat <149>: checkLayerFormat: Format(1)
06-24 16:48:16.868   621   621 I DPUModule: DpuR5P0::checkTransform <44>: checkTransform: Transform(0), SRCRect(0,0)
06-24 16:48:16.868   621   621 I DPUModule: DpuR5P0::checkAFBCBlockSize <105>: checkAFBCBlockSize: compressed(1),format(1), pitch(720), vstride(1616)
06-24 16:48:16.868   621   621 I DPUModule: DpuR5P0::checkLayerFormat <149>: checkLayerFormat: Format(1)
06-24 16:48:16.868   621   621 I DPUModule: DpuR5P0::checkTransform <44>: checkTransform: Transform(0), SRCRect(0,0)
06-24 16:48:16.868   621   621 I DPUModule: DpuR5P0::checkLayerFormat <149>: checkLayerFormat: Format(1)
06-24 16:48:16.868   621   621 I DPUModule: DpuR5P0::checkTransform <44>: checkTransform: Transform(0), SRCRect(0,0)
06-24 16:48:16.868   621   621 I DPUModule: DpuR5P0::checkAFBCBlockSize <105>: checkAFBCBlockSize: compressed(1),format(1), pitch(720), vstride(80)
06-24 16:48:16.868   621   621 I DPUModule: DpuR5P0::checkLayerFormat <149>: checkLayerFormat: Format(1)
06-24 16:48:16.868   621   621 I DPUModule: DpuR5P0::checkTransform <44>: checkTransform: Transform(0), SRCRect(0,0)
06-24 16:48:16.868   621   621 I DPUModule: DpuR5P0::checkAFBCBlockSize <105>: checkAFBCBlockSize: compressed(1),format(1), pitch(720), vstride(80)
06-24 16:48:16.868   621   621 D DPUModule: [©┤Č #] support: 0
06-24 16:48:16.875 32102 32102 D TranClassInfo: instance successfully. com.transsion.hubcore.graphics.TranGraphicImpl@cbff06 from com.transsion.hubcore.graphics.ITranGraphic
06-24 16:48:16.876 32102 32102 D os.SingleLiceFactory: instance successfully. com.transsion.typeface.v1.TypefaceLice@b2633a0 from android.graphics.IGraphicLice
06-24 16:48:16.876 32102 32102 D os.LiceInfo: instance successfully. com.transsion.graphics.GraphicLice@33399c7 from android.graphics.IGraphicLice
06-24 16:48:16.876 32102 32102 W generatormobile: Monitor::Inflate: Install failed 0x72e034f0
06-24 16:48:16.879   621   621 I DPUModule: DpuR5P0::checkLayerFormat <149>: checkLayerFormat: Format(1)
06-24 16:48:16.879   621   621 I DPUModule: DpuR5P0::checkTransform <44>: checkTransform: Transform(0), SRCRect(0,0)
06-24 16:48:16.879   621   621 I DPUModule: DpuR5P0::checkAFBCBlockSize <105>: checkAFBCBlockSize: compressed(1),format(1), pitch(1152), vstride(1616)
06-24 16:48:16.879   621   621 I DPUModule: DpuR5P0::checkLayerFormat <149>: checkLayerFormat: Format(1)
06-24 16:48:16.879   621   621 I DPUModule: DpuR5P0::checkTransform <44>: checkTransform: Transform(0), SRCRect(0,0)
06-24 16:48:16.879   621   621 I DPUModule: DpuR5P0::checkAFBCBlockSize <105>: checkAFBCBlockSize: compressed(1),format(1), pitch(720), vstride(1616)
06-24 16:48:16.879   621   621 I DPUModule: DpuR5P0::checkLayerFormat <149>: checkLayerFormat: Format(1)
06-24 16:48:16.879   621   621 I DPUModule: DpuR5P0::checkTransform <44>: checkTransform: Transform(0), SRCRect(0,0)
06-24 16:48:16.879   621   621 I DPUModule: DpuR5P0::checkLayerFormat <149>: checkLayerFormat: Format(1)
06-24 16:48:16.879   621   621 I DPUModule: DpuR5P0::checkTransform <44>: checkTransform: Transform(0), SRCRect(0,0)
06-24 16:48:16.879   621   621 I DPUModule: DpuR5P0::checkAFBCBlockSize <105>: checkAFBCBlockSize: compressed(1),format(1), pitch(720), vstride(80)
06-24 16:48:16.879   621   621 I DPUModule: DpuR5P0::checkLayerFormat <149>: checkLayerFormat: Format(1)
06-24 16:48:16.879   621   621 I DPUModule: DpuR5P0::checkTransform <44>: checkTransform: Transform(0), SRCRect(0,0)
06-24 16:48:16.879   621   621 I DPUModule: DpuR5P0::checkAFBCBlockSize <105>: checkAFBCBlockSize: compressed(1),format(1), pitch(720), vstride(80)
06-24 16:48:16.879   621   621 D DPUModule: [©┤Č #] support: 0
06-24 16:48:16.890   621   621 I DPUModule: DpuR5P0::checkLayerFormat <149>: checkLayerFormat: Format(1)
06-24 16:48:16.890   621   621 I DPUModule: DpuR5P0::checkTransform <44>: checkTransform: Transform(0), SRCRect(0,0)
06-24 16:48:16.890   621   621 I DPUModule: DpuR5P0::checkAFBCBlockSize <105>: checkAFBCBlockSize: compressed(1),format(1), pitch(1152), vstride(1616)
06-24 16:48:16.890   621   621 I DPUModule: DpuR5P0::checkLayerFormat <149>: checkLayerFormat: Format(1)
06-24 16:48:16.890   621   621 I DPUModule: DpuR5P0::checkTransform <44>: checkTransform: Transform(0), SRCRect(0,0)
06-24 16:48:16.890   621   621 I DPUModule: DpuR5P0::checkAFBCBlockSize <105>: checkAFBCBlockSize: compressed(1),format(1), pitch(720), vstride(1616)
06-24 16:48:16.890   621   621 I DPUModule: DpuR5P0::checkLayerFormat <149>: checkLayerFormat: Format(1)
06-24 16:48:16.890   621   621 I DPUModule: DpuR5P0::checkTransform <44>: checkTransform: Transform(0), SRCRect(0,0)
06-24 16:48:16.890   621   621 I DPUModule: DpuR5P0::checkLayerFormat <149>: checkLayerFormat: Format(1)
06-24 16:48:16.890   621   621 I DPUModule: DpuR5P0::checkTransform <44>: checkTransform: Transform(0), SRCRect(0,0)
06-24 16:48:16.890   621   621 I DPUModule: DpuR5P0::checkAFBCBlockSize <105>: checkAFBCBlockSize: compressed(1),format(1), pitch(720), vstride(80)
06-24 16:48:16.890   621   621 I DPUModule: DpuR5P0::checkLayerFormat <149>: checkLayerFormat: Format(1)
06-24 16:48:16.890   621   621 I DPUModule: DpuR5P0::checkTransform <44>: checkTransform: Transform(0), SRCRect(0,0)
06-24 16:48:16.890   621   621 I DPUModule: DpuR5P0::checkAFBCBlockSize <105>: checkAFBCBlockSize: compressed(1),format(1), pitch(720), vstride(80)
06-24 16:48:16.890   621   621 D DPUModule: [©┤Č #] support: 0
06-24 16:48:16.901   621   621 I DPUModule: DpuR5P0::checkLayerFormat <149>: checkLayerFormat: Format(1)
06-24 16:48:16.901   621   621 I DPUModule: DpuR5P0::checkTransform <44>: checkTransform: Transform(0), SRCRect(0,0)
06-24 16:48:16.901   621   621 I DPUModule: DpuR5P0::checkAFBCBlockSize <105>: checkAFBCBlockSize: compressed(1),format(1), pitch(1152), vstride(1616)
06-24 16:48:16.901   621   621 I DPUModule: DpuR5P0::checkLayerFormat <149>: checkLayerFormat: Format(1)
06-24 16:48:16.901   621   621 I DPUModule: DpuR5P0::checkTransform <44>: checkTransform: Transform(0), SRCRect(0,0)
06-24 16:48:16.901   621   621 I DPUModule: DpuR5P0::checkAFBCBlockSize <105>: checkAFBCBlockSize: compressed(1),format(1), pitch(720), vstride(1616)
06-24 16:48:16.901   621   621 I DPUModule: DpuR5P0::checkLayerFormat <149>: checkLayerFormat: Format(1)
06-24 16:48:16.901   621   621 I DPUModule: DpuR5P0::checkTransform <44>: checkTransform: Transform(0), SRCRect(0,0)
06-24 16:48:16.901   621   621 I DPUModule: DpuR5P0::checkLayerFormat <149>: checkLayerFormat: Format(1)
06-24 16:48:16.901   621   621 I DPUModule: DpuR5P0::checkTransform <44>: checkTransform: Transform(0), SRCRect(0,0)
06-24 16:48:16.901   621   621 I DPUModule: DpuR5P0::checkAFBCBlockSize <105>: checkAFBCBlockSize: compressed(1),format(1), pitch(720), vstride(80)
06-24 16:48:16.901   621   621 I DPUModule: DpuR5P0::checkLayerFormat <149>: checkLayerFormat: Format(1)
06-24 16:48:16.901   621   621 I DPUModule: DpuR5P0::checkTransform <44>: checkTransform: Transform(0), SRCRect(0,0)
06-24 16:48:16.901   621   621 I DPUModule: DpuR5P0::checkAFBCBlockSize <105>: checkAFBCBlockSize: compressed(1),format(1), pitch(720), vstride(80)
06-24 16:48:16.901   621   621 D DPUModule: [©┤Č #] support: 0
06-24 16:48:16.912   621   621 I DPUModule: DpuR5P0::checkLayerFormat <149>: checkLayerFormat: Format(1)
06-24 16:48:16.912   621   621 I DPUModule: DpuR5P0::checkTransform <44>: checkTransform: Transform(0), SRCRect(0,0)
06-24 16:48:16.912   621   621 I DPUModule: DpuR5P0::checkAFBCBlockSize <105>: checkAFBCBlockSize: compressed(1),format(1), pitch(1152), vstride(1616)
06-24 16:48:16.912   621   621 I DPUModule: DpuR5P0::checkLayerFormat <149>: checkLayerFormat: Format(1)
06-24 16:48:16.912   621   621 I DPUModule: DpuR5P0::checkTransform <44>: checkTransform: Transform(0), SRCRect(0,0)
06-24 16:48:16.912   621   621 I DPUModule: DpuR5P0::checkAFBCBlockSize <105>: checkAFBCBlockSize: compressed(1),format(1), pitch(720), vstride(1616)
06-24 16:48:16.912   621   621 I DPUModule: DpuR5P0::checkLayerFormat <149>: checkLayerFormat: Format(1)
06-24 16:48:16.912   621   621 I DPUModule: DpuR5P0::checkTransform <44>: checkTransform: Transform(0), SRCRect(0,0)
06-24 16:48:16.912   621   621 I DPUModule: DpuR5P0::checkLayerFormat <149>: checkLayerFormat: Format(1)
06-24 16:48:16.912   621   621 I DPUModule: DpuR5P0::checkTransform <44>: checkTransform: Transform(0), SRCRect(0,0)
06-24 16:48:16.912   621   621 I DPUModule: DpuR5P0::checkAFBCBlockSize <105>: checkAFBCBlockSize: compressed(1),format(1), pitch(720), vstride(80)
06-24 16:48:16.912   621   621 I DPUModule: DpuR5P0::checkLayerFormat <149>: checkLayerFormat: Format(1)
06-24 16:48:16.912   621   621 I DPUModule: DpuR5P0::checkTransform <44>: checkTransform: Transform(0), SRCRect(0,0)
06-24 16:48:16.912   621   621 I DPUModule: DpuR5P0::checkAFBCBlockSize <105>: checkAFBCBlockSize: compressed(1),format(1), pitch(720), vstride(80)
06-24 16:48:16.912   621   621 D DPUModule: [©┤Č #] support: 0
06-24 16:48:16.923   621   621 I DPUModule: DpuR5P0::checkLayerFormat <149>: checkLayerFormat: Format(1)
06-24 16:48:16.923   621   621 I DPUModule: DpuR5P0::checkTransform <44>: checkTransform: Transform(0), SRCRect(0,0)
06-24 16:48:16.923   621   621 I DPUModule: DpuR5P0::checkAFBCBlockSize <105>: checkAFBCBlockSize: compressed(1),format(1), pitch(1152), vstride(1616)
06-24 16:48:16.923   621   621 I DPUModule: DpuR5P0::checkLayerFormat <149>: checkLayerFormat: Format(1)
06-24 16:48:16.923   621   621 I DPUModule: DpuR5P0::checkTransform <44>: checkTransform: Transform(0), SRCRect(0,0)
06-24 16:48:16.923   621   621 I DPUModule: DpuR5P0::checkAFBCBlockSize <105>: checkAFBCBlockSize: compressed(1),format(1), pitch(720), vstride(1616)
06-24 16:48:16.923   621   621 I DPUModule: DpuR5P0::checkLayerFormat <149>: checkLayerFormat: Format(1)
06-24 16:48:16.923   621   621 I DPUModule: DpuR5P0::checkTransform <44>: checkTransform: Transform(0), SRCRect(0,0)
06-24 16:48:16.923   621   621 I DPUModule: DpuR5P0::checkLayerFormat <149>: checkLayerFormat: Format(1)
06-24 16:48:16.923   621   621 I DPUModule: DpuR5P0::checkTransform <44>: checkTransform: Transform(0), SRCRect(0,0)
06-24 16:48:16.923   621   621 I DPUModule: DpuR5P0::checkAFBCBlockSize <105>: checkAFBCBlockSize: compressed(1),format(1), pitch(720), vstride(80)
06-24 16:48:16.923   621   621 I DPUModule: DpuR5P0::checkLayerFormat <149>: checkLayerFormat: Format(1)
06-24 16:48:16.923   621   621 I DPUModule: DpuR5P0::checkTransform <44>: checkTransform: Transform(0), SRCRect(0,0)
06-24 16:48:16.923   621   621 I DPUModule: DpuR5P0::checkAFBCBlockSize <105>: checkAFBCBlockSize: compressed(1),format(1), pitch(720), vstride(80)
06-24 16:48:16.923   621   621 D DPUModule: [©┤Č #] support: 0
06-24 16:48:16.934 31942 32039 I WM-WorkerWrapper: Worker result SUCCESS for Work [ id=f815b7c8-30ea-4c4d-8379-b809e322eb83, tags={ com.linkedin.tracking.grpc.transport.restproxy.worker.RestProxyWorker,grest_dispatch_batches } ]
06-24 16:48:16.934   621   621 I DPUModule: DpuR5P0::checkLayerFormat <149>: checkLayerFormat: Format(1)
06-24 16:48:16.934   621   621 I DPUModule: DpuR5P0::checkTransform <44>: checkTransform: Transform(0), SRCRect(0,0)
06-24 16:48:16.934   621   621 I DPUModule: DpuR5P0::checkAFBCBlockSize <105>: checkAFBCBlockSize: compressed(1),format(1), pitch(1152), vstride(1616)
06-24 16:48:16.934   621   621 I DPUModule: DpuR5P0::checkLayerFormat <149>: checkLayerFormat: Format(1)
06-24 16:48:16.934   621   621 I DPUModule: DpuR5P0::checkTransform <44>: checkTransform: Transform(0), SRCRect(0,0)
06-24 16:48:16.934   621   621 I DPUModule: DpuR5P0::checkAFBCBlockSize <105>: checkAFBCBlockSize: compressed(1),format(1), pitch(720), vstride(1616)
06-24 16:48:16.934   621   621 I DPUModule: DpuR5P0::checkLayerFormat <149>: checkLayerFormat: Format(1)
06-24 16:48:16.934   621   621 I DPUModule: DpuR5P0::checkTransform <44>: checkTransform: Transform(0), SRCRect(0,0)
06-24 16:48:16.934   621   621 I DPUModule: DpuR5P0::checkLayerFormat <149>: checkLayerFormat: Format(1)
06-24 16:48:16.934   621   621 I DPUModule: DpuR5P0::checkTransform <44>: checkTransform: Transform(0), SRCRect(0,0)
06-24 16:48:16.934   621   621 I DPUModule: DpuR5P0::checkAFBCBlockSize <105>: checkAFBCBlockSize: compressed(1),format(1), pitch(720), vstride(80)
06-24 16:48:16.934   621   621 I DPUModule: DpuR5P0::checkLayerFormat <149>: checkLayerFormat: Format(1)
06-24 16:48:16.934   621   621 I DPUModule: DpuR5P0::checkTransform <44>: checkTransform: Transform(0), SRCRect(0,0)
06-24 16:48:16.934   621   621 I DPUModule: DpuR5P0::checkAFBCBlockSize <105>: checkAFBCBlockSize: compressed(1),format(1), pitch(720), vstride(80)
06-24 16:48:16.934   621   621 D DPUModule: [©┤Č #] support: 0
06-24 16:48:16.938 31942 31942 D WM-Processor: Processor f815b7c8-30ea-4c4d-8379-b809e322eb83 executed; reschedule = false
06-24 16:48:16.939 31942 31942 D WM-SystemJobService: f815b7c8-30ea-4c4d-8379-b809e322eb83 executed on JobScheduler
06-24 16:48:16.942 31942 32039 D WM-GreedyScheduler: Cancelling work ID f815b7c8-30ea-4c4d-8379-b809e322eb83
06-24 16:48:16.945   621   621 I DPUModule: DpuR5P0::checkLayerFormat <149>: checkLayerFormat: Format(1)
06-24 16:48:16.945   621   621 I DPUModule: DpuR5P0::checkTransform <44>: checkTransform: Transform(0), SRCRect(0,0)
06-24 16:48:16.945   621   621 I DPUModule: DpuR5P0::checkAFBCBlockSize <105>: checkAFBCBlockSize: compressed(1),format(1), pitch(1152), vstride(1616)
06-24 16:48:16.945   621   621 I DPUModule: DpuR5P0::checkLayerFormat <149>: checkLayerFormat: Format(1)
06-24 16:48:16.945   621   621 I DPUModule: DpuR5P0::checkTransform <44>: checkTransform: Transform(0), SRCRect(0,0)
06-24 16:48:16.945   621   621 I DPUModule: DpuR5P0::checkAFBCBlockSize <105>: checkAFBCBlockSize: compressed(1),format(1), pitch(720), vstride(1616)
06-24 16:48:16.945   621   621 I DPUModule: DpuR5P0::checkLayerFormat <149>: checkLayerFormat: Format(1)
06-24 16:48:16.945   621   621 I DPUModule: DpuR5P0::checkTransform <44>: checkTransform: Transform(0), SRCRect(0,0)
06-24 16:48:16.945   621   621 I DPUModule: DpuR5P0::checkLayerFormat <149>: checkLayerFormat: Format(1)
06-24 16:48:16.945   621   621 I DPUModule: DpuR5P0::checkTransform <44>: checkTransform: Transform(0), SRCRect(0,0)
06-24 16:48:16.945   621   621 I DPUModule: DpuR5P0::checkAFBCBlockSize <105>: checkAFBCBlockSize: compressed(1),format(1), pitch(720), vstride(80)
06-24 16:48:16.945   621   621 I DPUModule: DpuR5P0::checkLayerFormat <149>: checkLayerFormat: Format(1)
06-24 16:48:16.945   621   621 I DPUModule: DpuR5P0::checkTransform <44>: checkTransform: Transform(0), SRCRect(0,0)
06-24 16:48:16.945   621   621 I DPUModule: DpuR5P0::checkAFBCBlockSize <105>: checkAFBCBlockSize: compressed(1),format(1), pitch(720), vstride(80)
06-24 16:48:16.945   621   621 D DPUModule: [©┤Č #] support: 0
06-24 16:48:16.946 31942 32039 D WM-GreedyScheduler: Ignoring {WorkSpec: 41054d9e-8f2a-447e-bd49-711499af7495}. Requires device idle.
06-24 16:48:16.956   621   621 I DPUModule: DpuR5P0::checkLayerFormat <149>: checkLayerFormat: Format(1)
06-24 16:48:16.956   621   621 I DPUModule: DpuR5P0::checkTransform <44>: checkTransform: Transform(0), SRCRect(0,0)
06-24 16:48:16.956   621   621 I DPUModule: DpuR5P0::checkAFBCBlockSize <105>: checkAFBCBlockSize: compressed(1),format(1), pitch(1152), vstride(1616)
06-24 16:48:16.956   621   621 I DPUModule: DpuR5P0::checkLayerFormat <149>: checkLayerFormat: Format(1)
06-24 16:48:16.956   621   621 I DPUModule: DpuR5P0::checkTransform <44>: checkTransform: Transform(0), SRCRect(0,0)
06-24 16:48:16.956   621   621 I DPUModule: DpuR5P0::checkAFBCBlockSize <105>: checkAFBCBlockSize: compressed(1),format(1), pitch(720), vstride(1616)
06-24 16:48:16.956   621   621 I DPUModule: DpuR5P0::checkLayerFormat <149>: checkLayerFormat: Format(1)
06-24 16:48:16.956   621   621 I DPUModule: DpuR5P0::checkTransform <44>: checkTransform: Transform(0), SRCRect(0,0)
06-24 16:48:16.956   621   621 I DPUModule: DpuR5P0::checkLayerFormat <149>: checkLayerFormat: Format(1)
06-24 16:48:16.956   621   621 I DPUModule: DpuR5P0::checkTransform <44>: checkTransform: Transform(0), SRCRect(0,0)
06-24 16:48:16.956   621   621 I DPUModule: DpuR5P0::checkAFBCBlockSize <105>: checkAFBCBlockSize: compressed(1),format(1), pitch(720), vstride(80)
06-24 16:48:16.957   621   621 I DPUModule: DpuR5P0::checkLayerFormat <149>: checkLayerFormat: Format(1)
06-24 16:48:16.957   621   621 I DPUModule: DpuR5P0::checkTransform <44>: checkTransform: Transform(0), SRCRect(0,0)
06-24 16:48:16.957   621   621 I DPUModule: DpuR5P0::checkAFBCBlockSize <105>: checkAFBCBlockSize: compressed(1),format(1), pitch(720), vstride(80)
06-24 16:48:16.957   621   621 D DPUModule: [©┤Č #] support: 0
06-24 16:48:16.967   621   621 I DPUModule: DpuR5P0::checkLayerFormat <149>: checkLayerFormat: Format(1)
06-24 16:48:16.968   621   621 I DPUModule: DpuR5P0::checkTransform <44>: checkTransform: Transform(0), SRCRect(0,0)
06-24 16:48:16.968   621   621 I DPUModule: DpuR5P0::checkAFBCBlockSize <105>: checkAFBCBlockSize: compressed(1),format(1), pitch(1152), vstride(1616)
06-24 16:48:16.968   621   621 I DPUModule: DpuR5P0::checkLayerFormat <149>: checkLayerFormat: Format(1)
06-24 16:48:16.968   621   621 I DPUModule: DpuR5P0::checkTransform <44>: checkTransform: Transform(0), SRCRect(0,0)
06-24 16:48:16.968   621   621 I DPUModule: DpuR5P0::checkAFBCBlockSize <105>: checkAFBCBlockSize: compressed(1),format(1), pitch(720), vstride(1616)
06-24 16:48:16.968   621   621 I DPUModule: DpuR5P0::checkLayerFormat <149>: checkLayerFormat: Format(1)
06-24 16:48:16.968   621   621 I DPUModule: DpuR5P0::checkTransform <44>: checkTransform: Transform(0), SRCRect(0,0)
06-24 16:48:16.968   621   621 I DPUModule: DpuR5P0::checkLayerFormat <149>: checkLayerFormat: Format(1)
06-24 16:48:16.968   621   621 I DPUModule: DpuR5P0::checkTransform <44>: checkTransform: Transform(0), SRCRect(0,0)
06-24 16:48:16.968   621   621 I DPUModule: DpuR5P0::checkAFBCBlockSize <105>: checkAFBCBlockSize: compressed(1),format(1), pitch(720), vstride(80)
06-24 16:48:16.968   621   621 I DPUModule: DpuR5P0::checkLayerFormat <149>: checkLayerFormat: Format(1)
06-24 16:48:16.968   621   621 I DPUModule: DpuR5P0::checkTransform <44>: checkTransform: Transform(0), SRCRect(0,0)
06-24 16:48:16.968   621   621 I DPUModule: DpuR5P0::checkAFBCBlockSize <105>: checkAFBCBlockSize: compressed(1),format(1), pitch(720), vstride(80)
06-24 16:48:16.968   621   621 D DPUModule: [©┤Č #] support: 0
06-24 16:48:16.979   621   621 I DPUModule: DpuR5P0::checkLayerFormat <149>: checkLayerFormat: Format(1)
06-24 16:48:16.979   621   621 I DPUModule: DpuR5P0::checkTransform <44>: checkTransform: Transform(0), SRCRect(0,0)
06-24 16:48:16.979   621   621 I DPUModule: DpuR5P0::checkAFBCBlockSize <105>: checkAFBCBlockSize: compressed(1),format(1), pitch(1152), vstride(1616)
06-24 16:48:16.979   621   621 I DPUModule: DpuR5P0::checkLayerFormat <149>: checkLayerFormat: Format(1)
06-24 16:48:16.979   621   621 I DPUModule: DpuR5P0::checkTransform <44>: checkTransform: Transform(0), SRCRect(0,0)
06-24 16:48:16.979   621   621 I DPUModule: DpuR5P0::checkAFBCBlockSize <105>: checkAFBCBlockSize: compressed(1),format(1), pitch(720), vstride(1616)
06-24 16:48:16.979   621   621 I DPUModule: DpuR5P0::checkLayerFormat <149>: checkLayerFormat: Format(1)
06-24 16:48:16.979   621   621 I DPUModule: DpuR5P0::checkTransform <44>: checkTransform: Transform(0), SRCRect(0,0)
06-24 16:48:16.979   621   621 I DPUModule: DpuR5P0::checkLayerFormat <149>: checkLayerFormat: Format(1)
06-24 16:48:16.979   621   621 I DPUModule: DpuR5P0::checkTransform <44>: checkTransform: Transform(0), SRCRect(0,0)
06-24 16:48:16.979   621   621 I DPUModule: DpuR5P0::checkAFBCBlockSize <105>: checkAFBCBlockSize: compressed(1),format(1), pitch(720), vstride(80)
06-24 16:48:16.979   621   621 I DPUModule: DpuR5P0::checkLayerFormat <149>: checkLayerFormat: Format(1)
06-24 16:48:16.979   621   621 I DPUModule: DpuR5P0::checkTransform <44>: checkTransform: Transform(0), SRCRect(0,0)
06-24 16:48:16.979   621   621 I DPUModule: DpuR5P0::checkAFBCBlockSize <105>: checkAFBCBlockSize: compressed(1),format(1), pitch(720), vstride(80)
06-24 16:48:16.979   621   621 D DPUModule: [©┤Č #] support: 0
06-24 16:48:16.990   621   621 I DPUModule: DpuR5P0::checkLayerFormat <149>: checkLayerFormat: Format(1)
06-24 16:48:16.990   621   621 I DPUModule: DpuR5P0::checkTransform <44>: checkTransform: Transform(0), SRCRect(0,0)
06-24 16:48:16.990   621   621 I DPUModule: DpuR5P0::checkAFBCBlockSize <105>: checkAFBCBlockSize: compressed(1),format(1), pitch(1152), vstride(1616)
06-24 16:48:16.990   621   621 I DPUModule: DpuR5P0::checkLayerFormat <149>: checkLayerFormat: Format(1)
06-24 16:48:16.990   621   621 I DPUModule: DpuR5P0::checkTransform <44>: checkTransform: Transform(0), SRCRect(0,0)
06-24 16:48:16.990   621   621 I DPUModule: DpuR5P0::checkAFBCBlockSize <105>: checkAFBCBlockSize: compressed(1),format(1), pitch(720), vstride(1616)
06-24 16:48:16.990   621   621 I DPUModule: DpuR5P0::checkLayerFormat <149>: checkLayerFormat: Format(1)
06-24 16:48:16.990   621   621 I DPUModule: DpuR5P0::checkTransform <44>: checkTransform: Transform(0), SRCRect(0,0)
06-24 16:48:16.990   621   621 I DPUModule: DpuR5P0::checkLayerFormat <149>: checkLayerFormat: Format(1)
06-24 16:48:16.990   621   621 I DPUModule: DpuR5P0::checkTransform <44>: checkTransform: Transform(0), SRCRect(0,0)
06-24 16:48:16.990   621   621 I DPUModule: DpuR5P0::checkAFBCBlockSize <105>: checkAFBCBlockSize: compressed(1),format(1), pitch(720), vstride(80)
06-24 16:48:16.990   621   621 I DPUModule: DpuR5P0::checkLayerFormat <149>: checkLayerFormat: Format(1)
06-24 16:48:16.990   621   621 I DPUModule: DpuR5P0::checkTransform <44>: checkTransform: Transform(0), SRCRect(0,0)
06-24 16:48:16.990   621   621 I DPUModule: DpuR5P0::checkAFBCBlockSize <105>: checkAFBCBlockSize: compressed(1),format(1), pitch(720), vstride(80)
06-24 16:48:16.990   621   621 D DPUModule: [©┤Č #] support: 0
06-24 16:48:17.001   621   621 I DPUModule: DpuR5P0::checkLayerFormat <149>: checkLayerFormat: Format(1)
06-24 16:48:17.001   621   621 I DPUModule: DpuR5P0::checkTransform <44>: checkTransform: Transform(0), SRCRect(0,0)
06-24 16:48:17.001   621   621 I DPUModule: DpuR5P0::checkAFBCBlockSize <105>: checkAFBCBlockSize: compressed(1),format(1), pitch(1152), vstride(1616)
06-24 16:48:17.001   621   621 I DPUModule: DpuR5P0::checkLayerFormat <149>: checkLayerFormat: Format(1)
06-24 16:48:17.001   621   621 I DPUModule: DpuR5P0::checkTransform <44>: checkTransform: Transform(0), SRCRect(0,0)
06-24 16:48:17.001   621   621 I DPUModule: DpuR5P0::checkAFBCBlockSize <105>: checkAFBCBlockSize: compressed(1),format(1), pitch(720), vstride(1616)
06-24 16:48:17.001   621   621 I DPUModule: DpuR5P0::checkLayerFormat <149>: checkLayerFormat: Format(1)
06-24 16:48:17.001   621   621 I DPUModule: DpuR5P0::checkTransform <44>: checkTransform: Transform(0), SRCRect(0,0)
06-24 16:48:17.001   621   621 I DPUModule: DpuR5P0::checkLayerFormat <149>: checkLayerFormat: Format(1)
06-24 16:48:17.001   621   621 I DPUModule: DpuR5P0::checkTransform <44>: checkTransform: Transform(0), SRCRect(0,0)
06-24 16:48:17.001   621   621 I DPUModule: DpuR5P0::checkAFBCBlockSize <105>: checkAFBCBlockSize: compressed(1),format(1), pitch(720), vstride(80)
06-24 16:48:17.001   621   621 I DPUModule: DpuR5P0::checkLayerFormat <149>: checkLayerFormat: Format(1)
06-24 16:48:17.001   621   621 I DPUModule: DpuR5P0::checkTransform <44>: checkTransform: Transform(0), SRCRect(0,0)
06-24 16:48:17.001   621   621 I DPUModule: DpuR5P0::checkAFBCBlockSize <105>: checkAFBCBlockSize: compressed(1),format(1), pitch(720), vstride(80)
06-24 16:48:17.001   621   621 D DPUModule: [©┤Č #] support: 0
06-24 16:48:17.012   621   621 I DPUModule: DpuR5P0::checkLayerFormat <149>: checkLayerFormat: Format(1)
06-24 16:48:17.012   621   621 I DPUModule: DpuR5P0::checkTransform <44>: checkTransform: Transform(0), SRCRect(0,0)
06-24 16:48:17.012   621   621 I DPUModule: DpuR5P0::checkAFBCBlockSize <105>: checkAFBCBlockSize: compressed(1),format(1), pitch(1152), vstride(1616)
06-24 16:48:17.012   621   621 I DPUModule: DpuR5P0::checkLayerFormat <149>: checkLayerFormat: Format(1)
06-24 16:48:17.012   621   621 I DPUModule: DpuR5P0::checkTransform <44>: checkTransform: Transform(0), SRCRect(0,0)
06-24 16:48:17.012   621   621 I DPUModule: DpuR5P0::checkAFBCBlockSize <105>: checkAFBCBlockSize: compressed(1),format(1), pitch(720), vstride(1616)
06-24 16:48:17.012   621   621 I DPUModule: DpuR5P0::checkLayerFormat <149>: checkLayerFormat: Format(1)
06-24 16:48:17.012   621   621 I DPUModule: DpuR5P0::checkTransform <44>: checkTransform: Transform(0), SRCRect(0,0)
06-24 16:48:17.012   621   621 I DPUModule: DpuR5P0::checkLayerFormat <149>: checkLayerFormat: Format(1)
06-24 16:48:17.012   621   621 I DPUModule: DpuR5P0::checkTransform <44>: checkTransform: Transform(0), SRCRect(0,0)
06-24 16:48:17.012   621   621 I DPUModule: DpuR5P0::checkAFBCBlockSize <105>: checkAFBCBlockSize: compressed(1),format(1), pitch(720), vstride(80)
06-24 16:48:17.012   621   621 I DPUModule: DpuR5P0::checkLayerFormat <149>: checkLayerFormat: Format(1)
06-24 16:48:17.012   621   621 I DPUModule: DpuR5P0::checkTransform <44>: checkTransform: Transform(0), SRCRect(0,0)
06-24 16:48:17.012   621   621 I DPUModule: DpuR5P0::checkAFBCBlockSize <105>: checkAFBCBlockSize: compressed(1),format(1), pitch(720), vstride(80)
06-24 16:48:17.012   621   621 D DPUModule: [©┤Č #] support: 0
06-24 16:48:17.015 31942 32039 I WM-WorkerWrapper: Worker result SUCCESS for Work [ id=f3668fe9-94bd-40a0-accc-9fb09c720fad, tags={ com.linkedin.tracking.grpc.transport.restproxy.worker.RestProxyWorker,grest_dispatch_batches } ]
06-24 16:48:17.023   621   621 I DPUModule: DpuR5P0::checkLayerFormat <149>: checkLayerFormat: Format(1)
06-24 16:48:17.023   621   621 I DPUModule: DpuR5P0::checkTransform <44>: checkTransform: Transform(0), SRCRect(0,0)
06-24 16:48:17.023   621   621 I DPUModule: DpuR5P0::checkAFBCBlockSize <105>: checkAFBCBlockSize: compressed(1),format(1), pitch(1152), vstride(1616)
06-24 16:48:17.023   621   621 I DPUModule: DpuR5P0::checkLayerFormat <149>: checkLayerFormat: Format(1)
06-24 16:48:17.023   621   621 I DPUModule: DpuR5P0::checkTransform <44>: checkTransform: Transform(0), SRCRect(0,0)
06-24 16:48:17.023   621   621 I DPUModule: DpuR5P0::checkAFBCBlockSize <105>: checkAFBCBlockSize: compressed(1),format(1), pitch(720), vstride(1616)
06-24 16:48:17.023   621   621 I DPUModule: DpuR5P0::checkLayerFormat <149>: checkLayerFormat: Format(1)
06-24 16:48:17.023   621   621 I DPUModule: DpuR5P0::checkTransform <44>: checkTransform: Transform(0), SRCRect(0,0)
06-24 16:48:17.023   621   621 I DPUModule: DpuR5P0::checkLayerFormat <149>: checkLayerFormat: Format(1)
06-24 16:48:17.023   621   621 I DPUModule: DpuR5P0::checkTransform <44>: checkTransform: Transform(0), SRCRect(0,0)
06-24 16:48:17.023   621   621 I DPUModule: DpuR5P0::checkAFBCBlockSize <105>: checkAFBCBlockSize: compressed(1),format(1), pitch(720), vstride(80)
06-24 16:48:17.023   621   621 I DPUModule: DpuR5P0::checkLayerFormat <149>: checkLayerFormat: Format(1)
06-24 16:48:17.023   621   621 I DPUModule: DpuR5P0::checkTransform <44>: checkTransform: Transform(0), SRCRect(0,0)
06-24 16:48:17.023   621   621 I DPUModule: DpuR5P0::checkAFBCBlockSize <105>: checkAFBCBlockSize: compressed(1),format(1), pitch(720), vstride(80)
06-24 16:48:17.023   621   621 D DPUModule: [©┤Č #] support: 0
06-24 16:48:17.024 31942 31942 D WM-Processor: Processor f3668fe9-94bd-40a0-accc-9fb09c720fad executed; reschedule = false
06-24 16:48:17.024 31942 31942 D WM-SystemJobService: f3668fe9-94bd-40a0-accc-9fb09c720fad executed on JobScheduler
06-24 16:48:17.024 31942 31942 D WM-GreedyScheduler: Stopping tracking for WorkGenerationalId(workSpecId=f3668fe9-94bd-40a0-accc-9fb09c720fad, generation=0)
06-24 16:48:17.034 31942 32010 D WM-GreedyScheduler: Cancelling work ID f3668fe9-94bd-40a0-accc-9fb09c720fad
06-24 16:48:17.034   621   621 I DPUModule: DpuR5P0::checkLayerFormat <149>: checkLayerFormat: Format(1)
06-24 16:48:17.034   621   621 I DPUModule: DpuR5P0::checkTransform <44>: checkTransform: Transform(0), SRCRect(0,0)
06-24 16:48:17.034   621   621 I DPUModule: DpuR5P0::checkAFBCBlockSize <105>: checkAFBCBlockSize: compressed(1),format(1), pitch(1152), vstride(1616)
06-24 16:48:17.034   621   621 I DPUModule: DpuR5P0::checkLayerFormat <149>: checkLayerFormat: Format(1)
06-24 16:48:17.034   621   621 I DPUModule: DpuR5P0::checkTransform <44>: checkTransform: Transform(0), SRCRect(0,0)
06-24 16:48:17.034   621   621 I DPUModule: DpuR5P0::checkAFBCBlockSize <105>: checkAFBCBlockSize: compressed(1),format(1), pitch(720), vstride(1616)
06-24 16:48:17.034   621   621 I DPUModule: DpuR5P0::checkLayerFormat <149>: checkLayerFormat: Format(1)
06-24 16:48:17.034   621   621 I DPUModule: DpuR5P0::checkTransform <44>: checkTransform: Transform(0), SRCRect(0,0)
06-24 16:48:17.034   621   621 I DPUModule: DpuR5P0::checkLayerFormat <149>: checkLayerFormat: Format(1)
06-24 16:48:17.034   621   621 I DPUModule: DpuR5P0::checkTransform <44>: checkTransform: Transform(0), SRCRect(0,0)
06-24 16:48:17.034   621   621 I DPUModule: DpuR5P0::checkAFBCBlockSize <105>: checkAFBCBlockSize: compressed(1),format(1), pitch(720), vstride(80)
06-24 16:48:17.034   621   621 I DPUModule: DpuR5P0::checkLayerFormat <149>: checkLayerFormat: Format(1)
