--------- beginning of main
06-24 16:48:04.121   627   627 D enhanceHAL: sunlightRead: current ambient = 25
--------- beginning of system
06-24 16:48:04.542  1089  4237 D CompetitionModeConfig: sys.apm.competition_mode_config is not support!
06-24 16:48:04.545  1089  4237 D CompetitionModeConfig: sys.apm.competition_mode_config is not support!
06-24 16:48:04.547  1089  4237 V BroadcastQueue: Enqueuing BroadcastRecord{2e21adc Intent { flg=0x10 cmp=com.instagram.android/com.instagram.util.startup.appwarmer.KeepWarmReceiver (has extras) }/u0} from uid 10241 pid 31245 for 1 receivers
06-24 16:48:04.605   627   627 D enhanceHAL: sunlightRead: current ambient = 27
06-24 16:48:05.196   621   621 D SPRDHWComposer: HWCDisplay::get_display_attribute <601>: config = 0
06-24 16:48:05.196   621   621 D SPRDHWComposer: SprdDrm:: getActiveConfig: 1
06-24 16:48:05.196   621   621 D SPRDHWComposer: HWCDisplay::get_display_attribute <601>: config = 1
06-24 16:48:05.197   621   621 D SPRDHWComposer: SprdDrm:: getActiveConfig: 1
06-24 16:48:05.197   621   621 D SPRDHWComposer: HWCDisplay::get_display_attribute <601>: config = 0
06-24 16:48:05.197   621   621 I SPRDHWComposer: SprdDrm:: setActiveConfig: 0, DisplayType:0
06-24 16:48:05.197   621   621 I SPRDHWComposer: Create blob_id: 95
06-24 16:48:05.198   621   728 E SPRDHWComposer: Failed to request vblank 22
06-24 16:48:05.198   621   728 I SPRDHWComposer: send vblank request failed -1, try again
06-24 16:48:05.198   649   969 W VSyncPredictor: VSyncPredictor::setPeriod current period =16666667
06-24 16:48:05.354 23948 23948 D StatusBarIconController: ignoring old pipeline callback because the new wifi icon is enabled
06-24 16:48:05.379   621   621 D SPRDHWComposer: HWCDisplay::get_display_attribute <601>: config = 1
06-24 16:48:05.380   621   621 D SPRDHWComposer: SprdDrm:: getActiveConfig: 0
06-24 16:48:05.380   621   621 D SPRDHWComposer: HWCDisplay::get_display_attribute <601>: config = 0
06-24 16:48:05.381   621   621 D SPRDHWComposer: SprdDrm:: getActiveConfig: 0
06-24 16:48:05.381   621   621 D SPRDHWComposer: HWCDisplay::get_display_attribute <601>: config = 1
06-24 16:48:05.381   621   621 I SPRDHWComposer: SprdDrm:: setActiveConfig: 1, DisplayType:0
06-24 16:48:05.381   621   621 I SPRDHWComposer: Create blob_id: 96
06-24 16:48:05.382   621   728 E SPRDHWComposer: Failed to request vblank 22
06-24 16:48:05.382   621   728 I SPRDHWComposer: send vblank request failed -1, try again
06-24 16:48:05.382   621   728 E SPRDHWComposer: Failed to request vblank 22
06-24 16:48:05.382   621   728 I SPRDHWComposer: send vblank request failed -1, try again
06-24 16:48:05.382   621   728 E SPRDHWComposer: Failed to request vblank 22
06-24 16:48:05.382   621   728 I SPRDHWComposer: send vblank request failed -1, try again
06-24 16:48:05.382   621   728 E SPRDHWComposer: Failed to request vblank 22
06-24 16:48:05.382   621   728 I SPRDHWComposer: send vblank request failed -1, try again
06-24 16:48:05.382   621   728 E SPRDHWComposer: Failed to request vblank 22
06-24 16:48:05.382   621   728 I SPRDHWComposer: send vblank request failed -1, try again
06-24 16:48:05.382   621   728 E SPRDHWComposer: Failed to request vblank 22
06-24 16:48:05.382   621   728 I SPRDHWComposer: send vblank request failed -1, try again
06-24 16:48:05.382   621   728 E SPRDHWComposer: Failed to request vblank 22
06-24 16:48:05.382   621   728 I SPRDHWComposer: send vblank request failed -1, try again
06-24 16:48:05.382   621   728 E SPRDHWComposer: Failed to request vblank 22
06-24 16:48:05.382   649   969 W HWComposer: Ignoring duplicate VSYNC event from HWC for display 4619827259835644672 (t=92971663660000)
06-24 16:48:05.382   621   728 I SPRDHWComposer: send vblank request failed -1, try again
06-24 16:48:05.382   621   728 E SPRDHWComposer: Failed to request vblank 22
06-24 16:48:05.382   621   728 I SPRDHWComposer: send vblank request failed -1, try again
06-24 16:48:05.382   621   728 E SPRDHWComposer: Failed to request vblank 22
06-24 16:48:05.382   621   728 I SPRDHWComposer: send vblank request failed -1, try again
06-24 16:48:05.382   621   728 E SPRDHWComposer: Failed to request vblank 22
06-24 16:48:05.382   621   728 I SPRDHWComposer: send vblank request failed -1, try again
06-24 16:48:05.382   621   728 E SPRDHWComposer: Failed to request vblank 22
06-24 16:48:05.382   621   728 I SPRDHWComposer: send vblank request failed -1, try again
06-24 16:48:05.382   621   728 E SPRDHWComposer: Failed to request vblank 22
06-24 16:48:05.382   621   728 I SPRDHWComposer: send vblank request failed -1, try again
06-24 16:48:05.383   621   621 I DPUModule: DpuR5P0::checkLayerFormat <149>: checkLayerFormat: Format(1)
06-24 16:48:05.383   621   621 I DPUModule: DpuR5P0::checkTransform <44>: checkTransform: Transform(0), SRCRect(0,0)
06-24 16:48:05.383   621   621 I DPUModule: DpuR5P0::checkAFBCBlockSize <105>: checkAFBCBlockSize: compressed(1),format(1), pitch(1152), vstride(1616)
06-24 16:48:05.383   621   621 I DPUModule: DpuR5P0::checkLayerFormat <149>: checkLayerFormat: Format(1)
06-24 16:48:05.383   621   621 I DPUModule: DpuR5P0::checkTransform <44>: checkTransform: Transform(0), SRCRect(0,0)
06-24 16:48:05.383   621   621 I DPUModule: DpuR5P0::checkAFBCBlockSize <105>: checkAFBCBlockSize: compressed(1),format(1), pitch(720), vstride(1616)
06-24 16:48:05.383   621   621 I DPUModule: DpuR5P0::checkLayerFormat <149>: checkLayerFormat: Format(1)
06-24 16:48:05.383   621   621 I DPUModule: DpuR5P0::checkTransform <44>: checkTransform: Transform(0), SRCRect(0,0)
06-24 16:48:05.383   621   621 I DPUModule: DpuR5P0::checkAFBCBlockSize <105>: checkAFBCBlockSize: compressed(1),format(1), pitch(720), vstride(80)
06-24 16:48:05.383   621   621 I DPUModule: DpuR5P0::checkLayerFormat <149>: checkLayerFormat: Format(1)
06-24 16:48:05.383   621   621 I DPUModule: DpuR5P0::checkTransform <44>: checkTransform: Transform(0), SRCRect(0,0)
06-24 16:48:05.383   621   621 I DPUModule: DpuR5P0::checkAFBCBlockSize <105>: checkAFBCBlockSize: compressed(1),format(1), pitch(720), vstride(80)
06-24 16:48:05.383   621   621 D DPUModule: [©┤Č #] support: 0
06-24 16:48:05.388 23948 25918 D BLASTBufferQueue: [VRI[StatusBar]#3](f:0,a:3) PendingRelease=2, PendingBuffersToHold=1, SyncedFrameNumbers=0, lacfnr:246, lapfnr:246
06-24 16:48:05.389 23948 25918 D BLASTBufferQueue: [VRI[StatusBar]#3](f:0,a:2) PendingRelease=1, PendingBuffersToHold=1, SyncedFrameNumbers=0, lacfnr:246, lapfnr:246
06-24 16:48:05.389   649   969 W VSyncPredictor: VSyncPredictor::setPeriod current period =11111111
06-24 16:48:05.402   621   621 I DPUModule: DpuR5P0::checkLayerFormat <149>: checkLayerFormat: Format(1)
06-24 16:48:05.402   621   621 I DPUModule: DpuR5P0::checkTransform <44>: checkTransform: Transform(0), SRCRect(0,0)
06-24 16:48:05.402   621   621 I DPUModule: DpuR5P0::checkAFBCBlockSize <105>: checkAFBCBlockSize: compressed(1),format(1), pitch(1152), vstride(1616)
06-24 16:48:05.402   621   621 I DPUModule: DpuR5P0::checkLayerFormat <149>: checkLayerFormat: Format(1)
06-24 16:48:05.402   621   621 I DPUModule: DpuR5P0::checkTransform <44>: checkTransform: Transform(0), SRCRect(0,0)
06-24 16:48:05.402   621   621 I DPUModule: DpuR5P0::checkAFBCBlockSize <105>: checkAFBCBlockSize: compressed(1),format(1), pitch(720), vstride(1616)
06-24 16:48:05.402   621   621 I DPUModule: DpuR5P0::checkLayerFormat <149>: checkLayerFormat: Format(1)
06-24 16:48:05.402   621   621 I DPUModule: DpuR5P0::checkTransform <44>: checkTransform: Transform(0), SRCRect(0,0)
06-24 16:48:05.402   621   621 I DPUModule: DpuR5P0::checkAFBCBlockSize <105>: checkAFBCBlockSize: compressed(1),format(1), pitch(720), vstride(80)
06-24 16:48:05.402   621   621 I DPUModule: DpuR5P0::checkLayerFormat <149>: checkLayerFormat: Format(1)
06-24 16:48:05.402   621   621 I DPUModule: DpuR5P0::checkTransform <44>: checkTransform: Transform(0), SRCRect(0,0)
06-24 16:48:05.402   621   621 I DPUModule: DpuR5P0::checkAFBCBlockSize <105>: checkAFBCBlockSize: compressed(1),format(1), pitch(720), vstride(80)
06-24 16:48:05.402   621   621 D DPUModule: [©┤Č #] support: 0
06-24 16:48:05.458  1493  1493 D TranSignalStrengthComponentImpl: [LTE] dbm: -112
06-24 16:48:05.459  1493  1493 D TranSignalStrengthComponentImpl: [LTE] dbm: -112
06-24 16:48:05.461  1493  1708 I TranPhoneInterfaceManager: MPSTCB - onSignalStrengthsChanged
06-24 16:48:05.461  1493  1708 D TranPhoneInterfaceManager: [onSignalStrengthsChanged]
06-24 16:48:05.461  1493  1708 D TranSmartAllocController: mDefaultDataSubId = 5  subId = 10
06-24 16:48:05.461  1493  1708 D TranSmartAllocController: mSupport = true  mBwAllocEnable = true mSimReady =true  mScreenOn =true
06-24 16:48:05.461  1089  1168 D TranSignalStrengthComponentImpl: [LTE] dbm: -112
06-24 16:48:05.462  1089  4237 D ActivityManager: Skip enqueue broadcast because no receiver with Intent { act=android.intent.action.SIG_STR flg=0x10 (has extras) }
06-24 16:48:05.464 23948 23948 D StatusBarIconController: ignoring old pipeline callbacks, because the new mobile icons are enabled
06-24 16:48:05.549  1089  1332 D CompetitionModeConfig: sys.apm.competition_mode_config is not support!
06-24 16:48:05.553  1089  1332 D CompetitionModeConfig: sys.apm.competition_mode_config is not support!
06-24 16:48:05.556  1089  1332 V BroadcastQueue: Enqueuing BroadcastRecord{9ca7e5 Intent { flg=0x10 cmp=com.instagram.android/com.instagram.util.startup.appwarmer.KeepWarmReceiver (has extras) }/u0} from uid 10241 pid 31245 for 1 receivers
06-24 16:48:06.556  1089  4237 D CompetitionModeConfig: sys.apm.competition_mode_config is not support!
06-24 16:48:06.560  1089  4237 D CompetitionModeConfig: sys.apm.competition_mode_config is not support!
06-24 16:48:06.563  1089  4237 V BroadcastQueue: Enqueuing BroadcastRecord{df972ba Intent { flg=0x10 cmp=com.instagram.android/com.instagram.util.startup.appwarmer.KeepWarmReceiver (has extras) }/u0} from uid 10241 pid 31245 for 1 receivers
06-24 16:48:06.574   621   621 D SPRDHWComposer: HWCDisplay::get_display_attribute <601>: config = 0
06-24 16:48:06.574   621   621 D SPRDHWComposer: SprdDrm:: getActiveConfig: 1
06-24 16:48:06.574   621   621 D SPRDHWComposer: HWCDisplay::get_display_attribute <601>: config = 1
06-24 16:48:06.577   621   621 D SPRDHWComposer: SprdDrm:: getActiveConfig: 1
06-24 16:48:06.577   621   621 D SPRDHWComposer: HWCDisplay::get_display_attribute <601>: config = 0
06-24 16:48:06.577   621   621 I SPRDHWComposer: SprdDrm:: setActiveConfig: 0, DisplayType:0
06-24 16:48:06.578   621   621 I SPRDHWComposer: Create blob_id: 97
06-24 16:48:06.579   621   728 E SPRDHWComposer: Failed to request vblank 22
06-24 16:48:06.579   621   728 I SPRDHWComposer: send vblank request failed -1, try again
06-24 16:48:06.579   649   969 W HWComposer: Ignoring duplicate VSYNC event from HWC for display 4619827259835644672 (t=92972868795000)
06-24 16:48:06.588   649   969 W VSyncPredictor: VSyncPredictor::setPeriod current period =16666667
06-24 16:48:07.506   627   627 D enhanceHAL: sunlightRead: current ambient = 40
06-24 16:48:07.563  1089  1332 D CompetitionModeConfig: sys.apm.competition_mode_config is not support!
06-24 16:48:07.566  1089  1332 D CompetitionModeConfig: sys.apm.competition_mode_config is not support!
06-24 16:48:07.569  1089  1332 V BroadcastQueue: Enqueuing BroadcastRecord{a06b56b Intent { flg=0x10 cmp=com.instagram.android/com.instagram.util.startup.appwarmer.KeepWarmReceiver (has extras) }/u0} from uid 10241 pid 31245 for 1 receivers
06-24 16:48:07.989   627   627 D enhanceHAL: sunlightRead: current ambient = 46
06-24 16:48:08.151   627   627 D enhanceHAL: sunlightRead: current ambient = 50
06-24 16:48:08.168  1089  1162 I ActivityManager: Test idle failed due to 73bedde 31245:com.instagram.android/u0a241 runnable at -2s612ms because CONTAINS_MANIFEST
06-24 16:48:08.312   627   627 D enhanceHAL: sunlightRead: current ambient = 47
06-24 16:48:08.568  1089  4237 D CompetitionModeConfig: sys.apm.competition_mode_config is not support!
06-24 16:48:08.573  1089  4237 D CompetitionModeConfig: sys.apm.competition_mode_config is not support!
06-24 16:48:08.576  1089  4237 V BroadcastQueue: Enqueuing BroadcastRecord{be408c8 Intent { flg=0x10 cmp=com.instagram.android/com.instagram.util.startup.appwarmer.KeepWarmReceiver (has extras) }/u0} from uid 10241 pid 31245 for 1 receivers
06-24 16:48:08.634   627   627 D enhanceHAL: sunlightRead: current ambient = 40
06-24 16:48:08.971   649   969 W VSyncPredictor: VSyncPredictor::setPeriod current period =16666667
06-24 16:48:08.979   621   621 D SPRDHWComposer: HWCDisplay::get_display_attribute <601>: config = 1
06-24 16:48:08.979   621   621 D SPRDHWComposer: SprdDrm:: getActiveConfig: 0
06-24 16:48:08.979   621   621 D SPRDHWComposer: HWCDisplay::get_display_attribute <601>: config = 0
06-24 16:48:08.980   621   621 D SPRDHWComposer: SprdDrm:: getActiveConfig: 0
06-24 16:48:08.980   621   621 D SPRDHWComposer: HWCDisplay::get_display_attribute <601>: config = 1
06-24 16:48:08.980   621   621 I SPRDHWComposer: SprdDrm:: setActiveConfig: 1, DisplayType:0
06-24 16:48:08.980   621   621 I SPRDHWComposer: Create blob_id: 94
06-24 16:48:08.981   649   969 W HWComposer: Ignoring duplicate VSYNC event from HWC for display 4619827259835644672 (t=92975262797000)
06-24 16:48:08.981   621   621 I DPUModule: DpuR5P0::checkLayerFormat <149>: checkLayerFormat: Format(1)
06-24 16:48:08.982   621   621 I DPUModule: DpuR5P0::checkTransform <44>: checkTransform: Transform(0), SRCRect(0,0)
06-24 16:48:08.982   621   621 I DPUModule: DpuR5P0::checkAFBCBlockSize <105>: checkAFBCBlockSize: compressed(1),format(1), pitch(1152), vstride(1616)
06-24 16:48:08.982   621   621 I DPUModule: DpuR5P0::checkLayerFormat <149>: checkLayerFormat: Format(1)
06-24 16:48:08.982   621   621 I DPUModule: DpuR5P0::checkTransform <44>: checkTransform: Transform(0), SRCRect(0,0)
06-24 16:48:08.982   621   621 I DPUModule: DpuR5P0::checkAFBCBlockSize <105>: checkAFBCBlockSize: compressed(1),format(1), pitch(720), vstride(1616)
06-24 16:48:08.982   621   621 I DPUModule: DpuR5P0::checkLayerFormat <149>: checkLayerFormat: Format(1)
06-24 16:48:08.982   621   621 I DPUModule: DpuR5P0::checkTransform <44>: checkTransform: Transform(0), SRCRect(0,0)
06-24 16:48:08.982   621   621 I DPUModule: DpuR5P0::checkAFBCBlockSize <105>: checkAFBCBlockSize: compressed(1),format(1), pitch(720), vstride(80)
06-24 16:48:08.982   621   621 I DPUModule: DpuR5P0::checkLayerFormat <149>: checkLayerFormat: Format(1)
06-24 16:48:08.982   621   621 I DPUModule: DpuR5P0::checkTransform <44>: checkTransform: Transform(0), SRCRect(0,0)
06-24 16:48:08.982   621   621 I DPUModule: DpuR5P0::checkAFBCBlockSize <105>: checkAFBCBlockSize: compressed(1),format(1), pitch(720), vstride(80)
06-24 16:48:08.982   621   621 D DPUModule: [©┤Č #] support: 0
06-24 16:48:08.987 23948 25918 D BLASTBufferQueue: [VRI[StatusBar]#3](f:0,a:3) PendingRelease=2, PendingBuffersToHold=1, SyncedFrameNumbers=0, lacfnr:247, lapfnr:247
06-24 16:48:08.987   649   969 W VSyncPredictor: VSyncPredictor::setPeriod current period =11111111
06-24 16:48:08.987 23948 25918 D BLASTBufferQueue: [VRI[StatusBar]#3](f:0,a:2) PendingRelease=1, PendingBuffersToHold=1, SyncedFrameNumbers=0, lacfnr:247, lapfnr:247
06-24 16:48:09.000   621   621 I DPUModule: DpuR5P0::checkLayerFormat <149>: checkLayerFormat: Format(1)
06-24 16:48:09.001   621   621 I DPUModule: DpuR5P0::checkTransform <44>: checkTransform: Transform(0), SRCRect(0,0)
06-24 16:48:09.001   621   621 I DPUModule: DpuR5P0::checkAFBCBlockSize <105>: checkAFBCBlockSize: compressed(1),format(1), pitch(1152), vstride(1616)
06-24 16:48:09.001   621   621 I DPUModule: DpuR5P0::checkLayerFormat <149>: checkLayerFormat: Format(1)
06-24 16:48:09.001   621   621 I DPUModule: DpuR5P0::checkTransform <44>: checkTransform: Transform(0), SRCRect(0,0)
06-24 16:48:09.001   621   621 I DPUModule: DpuR5P0::checkAFBCBlockSize <105>: checkAFBCBlockSize: compressed(1),format(1), pitch(720), vstride(1616)
06-24 16:48:09.001   621   621 I DPUModule: DpuR5P0::checkLayerFormat <149>: checkLayerFormat: Format(1)
06-24 16:48:09.001   621   621 I DPUModule: DpuR5P0::checkTransform <44>: checkTransform: Transform(0), SRCRect(0,0)
06-24 16:48:09.001   621   621 I DPUModule: DpuR5P0::checkAFBCBlockSize <105>: checkAFBCBlockSize: compressed(1),format(1), pitch(720), vstride(80)
06-24 16:48:09.001   621   621 I DPUModule: DpuR5P0::checkLayerFormat <149>: checkLayerFormat: Format(1)
06-24 16:48:09.001   621   621 I DPUModule: DpuR5P0::checkTransform <44>: checkTransform: Transform(0), SRCRect(0,0)
06-24 16:48:09.001   621   621 I DPUModule: DpuR5P0::checkAFBCBlockSize <105>: checkAFBCBlockSize: compressed(1),format(1), pitch(720), vstride(80)
06-24 16:48:09.001   621   621 D DPUModule: [©┤Č #] support: 0
06-24 16:48:09.062   649   999 D mali_gralloc: register: id=26c00008b2d, handle=0xf360fb40, importpid=17969, gRegisteredHandles=15
06-24 16:48:09.068   621   621 D mali_gralloc: register: id=26c00008b2d, handle=0xebc30b60, importpid=649, gRegisteredHandles=16
06-24 16:48:09.068   621   621 I DPUModule: DpuR5P0::checkLayerFormat <149>: checkLayerFormat: Format(1)
06-24 16:48:09.068   621   621 I DPUModule: DpuR5P0::checkTransform <44>: checkTransform: Transform(0), SRCRect(0,0)
06-24 16:48:09.068   621   621 I DPUModule: DpuR5P0::checkAFBCBlockSize <105>: checkAFBCBlockSize: compressed(1),format(1), pitch(1152), vstride(1616)
06-24 16:48:09.068   621   621 I DPUModule: DpuR5P0::checkLayerFormat <149>: checkLayerFormat: Format(1)
06-24 16:48:09.068   621   621 I DPUModule: DpuR5P0::checkTransform <44>: checkTransform: Transform(0), SRCRect(0,0)
06-24 16:48:09.068   621   621 I DPUModule: DpuR5P0::checkAFBCBlockSize <105>: checkAFBCBlockSize: compressed(1),format(1), pitch(720), vstride(1616)
06-24 16:48:09.068   621   621 I DPUModule: DpuR5P0::checkLayerFormat <149>: checkLayerFormat: Format(1)
06-24 16:48:09.068   621   621 I DPUModule: DpuR5P0::checkTransform <44>: checkTransform: Transform(0), SRCRect(0,0)
06-24 16:48:09.068   621   621 I DPUModule: DpuR5P0::checkAFBCBlockSize <105>: checkAFBCBlockSize: compressed(1),format(1), pitch(720), vstride(80)
06-24 16:48:09.068   621   621 I DPUModule: DpuR5P0::checkLayerFormat <149>: checkLayerFormat: Format(1)
06-24 16:48:09.068   621   621 I DPUModule: DpuR5P0::checkTransform <44>: checkTransform: Transform(0), SRCRect(0,0)
06-24 16:48:09.068   621   621 I DPUModule: DpuR5P0::checkAFBCBlockSize <105>: checkAFBCBlockSize: compressed(1),format(1), pitch(720), vstride(80)
06-24 16:48:09.068   621   621 D DPUModule: [©┤Č #] support: 0
06-24 16:48:09.070  1089  1141 I DisplayDeviceRepository: Display device changed: DisplayDeviceInfo{"├ēcran int├®gr├®": uniqueId="local:4619827259835644672", 720 x 1612, modeId 2, renderFrameRate 90.0, defaultModeId 2, supportedModes [{id=1, width=720, height=1612, fps=60.0, alternativeRefreshRates=[90.0], supportedHdrTypes=[]}, {id=2, width=720, height=1612, fps=90.0, alternativeRefreshRates=[60.0], supportedHdrTypes=[]}], colorMode 0, supportedColorModes [0], hdrCapabilities HdrCapabilities{mSupportedHdrTypes=[], mMaxLuminance=500.0, mMaxAverageLuminance=500.0, mMinLuminance=0.0}, allmSupported false, gameContentTypeSupported false, density 320, 268.941 x 269.373 dpi, appVsyncOff 2000000, presDeadline 11111111, cutout DisplayCutout{insets=Rect(0, 80 - 0, 0) waterfall=Insets{left=0, top=0, right=0, bottom=0} boundingRect={Bounds=[Rect(0, 0 - 0, 0), Rect(312, 0 - 408, 80), Rect(0, 0 - 0, 0), Rect(0, 0 - 0, 0)]} cutoutPathParserInfo={CutoutPathParserInfo{displayWidth=720 displayHeight=1612 physicalDisplayWidth=720 physicalDisplayHeight=1612 density={2.0} cutoutSpec={M -24,0 L -24,40 L 24,40 L 24,0 Z @dp} rotation={0} scale={1.0} physicalPixelDisplaySizeRatio={1.0}}}}, touch INTERNAL, rotation 0, type INTERNAL, address {port=0, model=0x401cec6a7a2b7b}, deviceProductInfo DeviceProductInfo{name=EMU_display_0, manufacturerPnpId=GGL, productId=1, modelYear=null, manufactureDate=ManufactureDate{week=27, year=2006}, connectionToSinkType=0}, state ON, committedState ON, frameRateOverride {uid=10176 frameRateHz=90.0} , brightnessMinimum 0.0, brightnessMaximum 1.0, brightnessDefault 0.38188976, hdrSdrRatio NaN, FLAG_ALLOWED_TO_BE_DEFAULT_DISPLAY, FLAG_ROTATES_WITH_CONTENT, FLAG_SECURE, FLAG_SUPPORTS_PROTECTED_BUFFERS, FLAG_TRUSTED, installOrientation 0, displayShape DisplayShape{ spec=-1329894761 displayWidth=720 displayHeight=1612 physicalPixelDisplaySizeRatio=1.0 rotation=0 offsetX=0 offsetY=0 scale=1.0}}
06-24 16:48:09.073  1089  1141 D Griffin/DeviceState: virtualDisplayPackageName :{}
06-24 16:48:09.075  1089  1142 D WindowManager: isSupportDynamicNavbar user0, navBarMode = 2, is3buttonModeNavbar = false
06-24 16:48:09.128  1493  1493 D TranSignalStrengthComponentImpl: [LTE] dbm: -112
06-24 16:48:09.128  1493  1493 D TranSignalStrengthComponentImpl: [LTE] dbm: -112
06-24 16:48:09.130  1493  1708 I TranPhoneInterfaceManager: MPSTCB - onSignalStrengthsChanged
06-24 16:48:09.130  1493  1708 D TranPhoneInterfaceManager: [onSignalStrengthsChanged]
06-24 16:48:09.130  1493  1708 D TranSmartAllocController: mDefaultDataSubId = 5  subId = 10
06-24 16:48:09.130  1493  1708 D TranSmartAllocController: mSupport = true  mBwAllocEnable = true mSimReady =true  mScreenOn =true
06-24 16:48:09.130  1089  1168 D TranSignalStrengthComponentImpl: [LTE] dbm: -112
06-24 16:48:09.131  1089  4237 D ActivityManager: Skip enqueue broadcast because no receiver with Intent { act=android.intent.action.SIG_STR flg=0x10 (has extras) }
06-24 16:48:09.133 23948 23948 D StatusBarIconController: ignoring old pipeline callbacks, because the new mobile icons are enabled
06-24 16:48:09.575  1089  1332 D CompetitionModeConfig: sys.apm.competition_mode_config is not support!
06-24 16:48:09.578  1089  1332 D CompetitionModeConfig: sys.apm.competition_mode_config is not support!
06-24 16:48:09.581  1089  1332 V BroadcastQueue: Enqueuing BroadcastRecord{d74dd61 Intent { flg=0x10 cmp=com.instagram.android/com.instagram.util.startup.appwarmer.KeepWarmReceiver (has extras) }/u0} from uid 10241 pid 31245 for 1 receivers
06-24 16:48:10.295   621   621 D SPRDHWComposer: HWCDisplay::get_display_attribute <601>: config = 0
06-24 16:48:10.295   621   621 D SPRDHWComposer: SprdDrm:: getActiveConfig: 1
06-24 16:48:10.295   621   621 D SPRDHWComposer: HWCDisplay::get_display_attribute <601>: config = 1
06-24 16:48:10.296   621   621 D SPRDHWComposer: SprdDrm:: getActiveConfig: 1
06-24 16:48:10.296   621   621 D SPRDHWComposer: HWCDisplay::get_display_attribute <601>: config = 0
06-24 16:48:10.296   621   621 I SPRDHWComposer: SprdDrm:: setActiveConfig: 0, DisplayType:0
06-24 16:48:10.296   621   621 I SPRDHWComposer: Create blob_id: 97
06-24 16:48:10.297   621   728 E SPRDHWComposer: Failed to request vblank 22
06-24 16:48:10.297   621   728 I SPRDHWComposer: send vblank request failed -1, try again
06-24 16:48:10.297   621   728 E SPRDHWComposer: Failed to request vblank 22
06-24 16:48:10.297   621   728 I SPRDHWComposer: send vblank request failed -1, try again
06-24 16:48:10.297   621   728 E SPRDHWComposer: Failed to request vblank 22
06-24 16:48:10.297   621   728 I SPRDHWComposer: send vblank request failed -1, try again
06-24 16:48:10.297   621   728 E SPRDHWComposer: Failed to request vblank 22
06-24 16:48:10.297   621   728 I SPRDHWComposer: send vblank request failed -1, try again
06-24 16:48:10.297   621   728 E SPRDHWComposer: Failed to request vblank 22
06-24 16:48:10.297   621   728 I SPRDHWComposer: send vblank request failed -1, try again
06-24 16:48:10.297   621   728 E SPRDHWComposer: Failed to request vblank 22
06-24 16:48:10.297   621   728 I SPRDHWComposer: send vblank request failed -1, try again
06-24 16:48:10.297   621   728 E SPRDHWComposer: Failed to request vblank 22
06-24 16:48:10.298   621   728 I SPRDHWComposer: send vblank request failed -1, try again
06-24 16:48:10.298   649   969 W VSyncPredictor: VSyncPredictor::setPeriod current period =16666667
06-24 16:48:10.298   621   728 E SPRDHWComposer: Failed to request vblank 22
06-24 16:48:10.298   621   728 I SPRDHWComposer: send vblank request failed -1, try again
06-24 16:48:10.298   621   621 I DPUModule: DpuR5P0::checkLayerFormat <149>: checkLayerFormat: Format(1)
06-24 16:48:10.298   621   621 I DPUModule: DpuR5P0::checkTransform <44>: checkTransform: Transform(0), SRCRect(0,0)
06-24 16:48:10.298   621   621 I DPUModule: DpuR5P0::checkAFBCBlockSize <105>: checkAFBCBlockSize: compressed(1),format(1), pitch(1152), vstride(1616)
06-24 16:48:10.298   621   621 I DPUModule: DpuR5P0::checkLayerFormat <149>: checkLayerFormat: Format(1)
06-24 16:48:10.298   621   621 I DPUModule: DpuR5P0::checkTransform <44>: checkTransform: Transform(0), SRCRect(0,0)
06-24 16:48:10.298   621   621 I DPUModule: DpuR5P0::checkAFBCBlockSize <105>: checkAFBCBlockSize: compressed(1),format(1), pitch(720), vstride(1616)
06-24 16:48:10.298   621   621 I DPUModule: DpuR5P0::checkLayerFormat <149>: checkLayerFormat: Format(1)
06-24 16:48:10.298   621   621 I DPUModule: DpuR5P0::checkTransform <44>: checkTransform: Transform(0), SRCRect(0,0)
06-24 16:48:10.298   621   621 I DPUModule: DpuR5P0::checkAFBCBlockSize <105>: checkAFBCBlockSize: compressed(1),format(1), pitch(720), vstride(80)
06-24 16:48:10.298   621   621 I DPUModule: DpuR5P0::checkLayerFormat <149>: checkLayerFormat: Format(1)
06-24 16:48:10.298   621   621 I DPUModule: DpuR5P0::checkTransform <44>: checkTransform: Transform(0), SRCRect(0,0)
06-24 16:48:10.298   621   621 I DPUModule: DpuR5P0::checkAFBCBlockSize <105>: checkAFBCBlockSize: compressed(1),format(1), pitch(720), vstride(80)
06-24 16:48:10.298   621   621 D DPUModule: [©┤Č #] support: 0
06-24 16:48:10.580  1089  4237 D CompetitionModeConfig: sys.apm.competition_mode_config is not support!
06-24 16:48:10.582  1089  4237 D CompetitionModeConfig: sys.apm.competition_mode_config is not support!
06-24 16:48:10.584  1089  4237 V BroadcastQueue: Enqueuing BroadcastRecord{3c0086 Intent { flg=0x10 cmp=com.instagram.android/com.instagram.util.startup.appwarmer.KeepWarmReceiver (has extras) }/u0} from uid 10241 pid 31245 for 1 receivers
06-24 16:48:10.777 31245 31249 I stagram.android: CollectorTransition concurrent mark compact GC freed 928KB AllocSpace bytes, 2(40KB) LOS objects, 66% free, 12MB/36MB, paused 1.767ms,8.860ms total 197.038ms
06-24 16:48:11.135  1493  1493 D TranSignalStrengthComponentImpl: [LTE] dbm: -96
06-24 16:48:11.135  1493  1493 D TranSignalStrengthComponentImpl: [LTE] dbm: -96
06-24 16:48:11.137  1493  1708 I TranPhoneInterfaceManager: MPSTCB - onSignalStrengthsChanged
06-24 16:48:11.137  1493  1708 D TranPhoneInterfaceManager: [onSignalStrengthsChanged]
06-24 16:48:11.137  1493  1708 D TranSmartAllocController: mDefaultDataSubId = 5  subId = 5
06-24 16:48:11.137  1493  1708 D TranSmartAllocController: mSupport = true  mBwAllocEnable = true mSimReady =true  mScreenOn =true
06-24 16:48:11.137  1089  1168 D TranSignalStrengthComponentImpl: [LTE] dbm: -96
06-24 16:48:11.138 31245 31481 D TranSignalStrengthComponentImpl: [LTE] dbm: -96
06-24 16:48:11.138  1089  4237 D ActivityManager: Skip enqueue broadcast because no receiver with Intent { act=android.intent.action.SIG_STR flg=0x10 (has extras) }
06-24 16:48:11.140  1493  1493 D TranSignalStrengthComponentImpl: [LTE] dbm: -113
06-24 16:48:11.140  1493  1493 D TranSignalStrengthComponentImpl: [LTE] dbm: -113
06-24 16:48:11.141  1493  1708 I TranPhoneInterfaceManager: MPSTCB - onSignalStrengthsChanged
06-24 16:48:11.141 23948 23948 D StatusBarIconController: ignoring old pipeline callbacks, because the new mobile icons are enabled
06-24 16:48:11.141  1493  1708 D TranPhoneInterfaceManager: [onSignalStrengthsChanged]
06-24 16:48:11.141  1493  1708 D TranSmartAllocController: mDefaultDataSubId = 5  subId = 10
06-24 16:48:11.141  1493  1708 D TranSmartAllocController: mSupport = true  mBwAllocEnable = true mSimReady =true  mScreenOn =true
06-24 16:48:11.142  1089  1168 D TranSignalStrengthComponentImpl: [LTE] dbm: -113
06-24 16:48:11.143  1089  4237 D ActivityManager: Skip enqueue broadcast because no receiver with Intent { act=android.intent.action.SIG_STR flg=0x10 (has extras) }
06-24 16:48:11.144  1493  1493 D UpLinkDataController: onSignalStrengthsChanged
06-24 16:48:11.145  1493  9089 D UpLinkDataController: InitialState.processMessage:2
06-24 16:48:11.145 23948 23948 D StatusBarIconController: ignoring old pipeline callbacks, because the new mobile icons are enabled
06-24 16:48:11.261  1089  1252 D AlarmManager: waitForAlarm result:8currentTime=1782316091261, elapsedRealtime=114254017
06-24 16:48:11.263  1089  1252 I AlarmManager: going to acquire wakelock now
06-24 16:48:11.267  1089  1252 D AlarmManager: sending alarm.type = 3, action = null, alarm = Alarm{f593d47 type 3 origWhen 114254017 whenElapsed 114254017 com.google.android.gms}, cn = null, operation = null, listener=android.app.IAlarmListener$Stub$Proxy@ba024f9, listenerTag=NLPShim:inferred_location_delivery, workSource=WorkSource{1001 com.unisoc.phone}
06-24 16:48:11.268  1089  1252 D AlarmManagerService: set alarm to kernel: 114751.395000000, type=2 
06-24 16:48:11.269  1089  1252 D AlarmManagerService: set alarm to kernel: 114271.238000000, type=3 
06-24 16:48:11.333  1089  4237 V AlarmManager: set(null) : type=3 listener=android.app.IAlarmListener$Stub$Proxy@594e974 listenerTag=NLPShim:inferred_location_delivery workSource=WorkSource{1001 com.unisoc.phone} callingPackage=com.google.android.gms callingUid=10124 triggerAtTime=114434029 win=0 tElapsed=114434029 maxElapsed=114434029 interval=0 flags=0x1
06-24 16:48:11.334  1089  4237 D AlarmManagerService: set alarm to kernel: 114751.395000000, type=2 
06-24 16:48:11.334  1089  4237 D AlarmManagerService: set alarm to kernel: 114271.238000000, type=3 
06-24 16:48:11.355  1089  4237 I LocationManagerService: incoming location: locationResult [[Location[network 4****** , 11******  hAcc=200.0 et=+1d7h44m14s29ms]]]
06-24 16:48:11.392  1089  4237 D os.LocationLice: wz1 wz=Location[network 4****** , 11******  hAcc=200.0 et=+1d7h44m14s29ms], this=com.transsion.server.location.LocationLice@94efe79
06-24 16:48:11.408  1089  1138 D LocationManagerService: network provider location send to 1000/android[GnssService]/225A8A5F
06-24 16:48:11.408  1089  4237 I LocationManagerService: incoming location: locationResult [[Location[network 4****** , 11******  hAcc=200.0 et=+1d7h44m14s29ms]]]
06-24 16:48:11.408  1089  4237 D os.LocationLice: wz1 wz=Location[network 4****** , 11******  hAcc=200.0 et=+1d7h44m14s29ms], this=com.transsion.server.location.LocationLice@94efe79
06-24 16:48:11.413  1089  4237 D LocationManagerService: passive provider location send to 10124/com.google.android.gms[fused_location_provider]/4760CF63
06-24 16:48:11.416  1089  4237 D LocationManagerService: passive provider location send to 10124/com.google.android.gms[network_location_provider]/7C1AAC07
06-24 16:48:11.432   633   633 D GnssAidl: injectLocation
06-24 16:48:11.434   633   633 D GPS_HAL : gps_injectLocation enter
06-24 16:48:11.439   633   633 D GNSSMGT : gnssmgt_injectLocation: enter
06-24 16:48:11.441   633   633 D GNSSMGT : gps_inject_location: enter
06-24 16:48:11.586  1089  4237 D CompetitionModeConfig: sys.apm.competition_mode_config is not support!
06-24 16:48:11.589  1089  4237 D CompetitionModeConfig: sys.apm.competition_mode_config is not support!
06-24 16:48:11.593  1089  4237 V BroadcastQueue: Enqueuing BroadcastRecord{340ee9d Intent { flg=0x10 cmp=com.instagram.android/com.instagram.util.startup.appwarmer.KeepWarmReceiver (has extras) }/u0} from uid 10241 pid 31245 for 1 receivers
06-24 16:48:12.142  1493  1493 D TranSignalStrengthComponentImpl: [LTE] dbm: -113
06-24 16:48:12.142  1493  1493 D TranSignalStrengthComponentImpl: [LTE] dbm: -113
06-24 16:48:12.144  1493  1708 I TranPhoneInterfaceManager: MPSTCB - onSignalStrengthsChanged
06-24 16:48:12.144  1493  1708 D TranPhoneInterfaceManager: [onSignalStrengthsChanged]
06-24 16:48:12.144  1493  1708 D TranSmartAllocController: mDefaultDataSubId = 5  subId = 10
06-24 16:48:12.144  1493  1708 D TranSmartAllocController: mSupport = true  mBwAllocEnable = true mSimReady =true  mScreenOn =true
06-24 16:48:12.145  1089  1168 D TranSignalStrengthComponentImpl: [LTE] dbm: -113
06-24 16:48:12.145  1089  4237 D ActivityManager: Skip enqueue broadcast because no receiver with Intent { act=android.intent.action.SIG_STR flg=0x10 (has extras) }
06-24 16:48:12.148 23948 23948 D StatusBarIconController: ignoring old pipeline callbacks, because the new mobile icons are enabled
06-24 16:48:12.225  1089  1271 D InputReader: dispatchTouches action DOWN now(ns): 92978517291571
06-24 16:48:12.225  1089  1271 D InputReader: notifyMotion call dispatcher
06-24 16:48:12.231 23948 24434 D TrEdgeBackGestureHandler: onHandleEvent: isControlCenterExpand=false
06-24 16:48:12.232 17969 17969 D Launcher: #shouldBlockNavGestureTouchWithAnimation result : false isFreezerAnimRunning = false isFolderOrDockAnimatingRunning = false isAllAppStateAnimRunning = false isWorkspaceFollowHandAnimRunning = false isDragging = false isGuideShown = false isSortThreadRunning = false isRemoteAnimShowing = false isFinishedSwitchingState = false isConfigAnimationRunning = false inRecentViewTranslate = false isStaggeredWorkspaceAnimRunning = false isGestureFollowHandMoving = false isAZFollowHandMoving = false isSearchAppLocateRunning = false isResizeFoerAnimRunning = false
06-24 16:48:12.236  1089  1141 I DisplayDeviceRepository: Display device changed: DisplayDeviceInfo{"├ēcran int├®gr├®": uniqueId="local:4619827259835644672", 720 x 1612, modeId 2, renderFrameRate 90.0, defaultModeId 2, supportedModes [{id=1, width=720, height=1612, fps=60.0, alternativeRefreshRates=[90.0], supportedHdrTypes=[]}, {id=2, width=720, height=1612, fps=90.0, alternativeRefreshRates=[60.0], supportedHdrTypes=[]}], colorMode 0, supportedColorModes [0], hdrCapabilities HdrCapabilities{mSupportedHdrTypes=[], mMaxLuminance=500.0, mMaxAverageLuminance=500.0, mMinLuminance=0.0}, allmSupported false, gameContentTypeSupported false, density 320, 268.941 x 269.373 dpi, appVsyncOff 2000000, presDeadline 11111111, cutout DisplayCutout{insets=Rect(0, 80 - 0, 0) waterfall=Insets{left=0, top=0, right=0, bottom=0} boundingRect={Bounds=[Rect(0, 0 - 0, 0), Rect(312, 0 - 408, 80), Rect(0, 0 - 0, 0), Rect(0, 0 - 0, 0)]} cutoutPathParserInfo={CutoutPathParserInfo{displayWidth=720 displayHeight=1612 physicalDisplayWidth=720 physicalDisplayHeight=1612 density={2.0} cutoutSpec={M -24,0 L -24,40 L 24,40 L 24,0 Z @dp} rotation={0} scale={1.0} physicalPixelDisplaySizeRatio={1.0}}}}, touch INTERNAL, rotation 0, type INTERNAL, address {port=0, model=0x401cec6a7a2b7b}, deviceProductInfo DeviceProductInfo{name=EMU_display_0, manufacturerPnpId=GGL, productId=1, modelYear=null, manufactureDate=ManufactureDate{week=27, year=2006}, connectionToSinkType=0}, state ON, committedState ON, frameRateOverride , brightnessMinimum 0.0, brightnessMaximum 1.0, brightnessDefault 0.38188976, hdrSdrRatio NaN, FLAG_ALLOWED_TO_BE_DEFAULT_DISPLAY, FLAG_ROTATES_WITH_CONTENT, FLAG_SECURE, FLAG_SUPPORTS_PROTECTED_BUFFERS, FLAG_TRUSTED, installOrientation 0, displayShape DisplayShape{ spec=-1329894761 displayWidth=720 displayHeight=1612 physicalPixelDisplaySizeRatio=1.0 rotation=0 offsetX=0 offsetY=0 scale=1.0}}
06-24 16:48:12.239  1089  1141 D Griffin/DeviceState: virtualDisplayPackageName :{}
06-24 16:48:12.241  1089  1142 D WindowManager: isSupportDynamicNavbar user0, navBarMode = 2, is3buttonModeNavbar = false
06-24 16:48:12.250   621   621 D SPRDHWComposer: HWCDisplay::get_display_attribute <601>: config = 1
06-24 16:48:12.250   621   621 D SPRDHWComposer: SprdDrm:: getActiveConfig: 0
06-24 16:48:12.250   621   621 D SPRDHWComposer: HWCDisplay::get_display_attribute <601>: config = 0
06-24 16:48:12.251   621   621 D SPRDHWComposer: SprdDrm:: getActiveConfig: 0
06-24 16:48:12.251   621   621 D SPRDHWComposer: HWCDisplay::get_display_attribute <601>: config = 1
06-24 16:48:12.251   621   621 I SPRDHWComposer: SprdDrm:: setActiveConfig: 1, DisplayType:0
06-24 16:48:12.251   621   621 I SPRDHWComposer: Create blob_id: 95
06-24 16:48:12.252   621   728 E SPRDHWComposer: Failed to request vblank 22
06-24 16:48:12.252   621   728 I SPRDHWComposer: send vblank request failed -1, try again
06-24 16:48:12.252   621   728 E SPRDHWComposer: Failed to request vblank 22
06-24 16:48:12.252   621   728 I SPRDHWComposer: send vblank request failed -1, try again
06-24 16:48:12.252   621   728 E SPRDHWComposer: Failed to request vblank 22
06-24 16:48:12.252   621   728 I SPRDHWComposer: send vblank request failed -1, try again
06-24 16:48:12.252   621   728 E SPRDHWComposer: Failed to request vblank 22
06-24 16:48:12.252   621   728 I SPRDHWComposer: send vblank request failed -1, try again
06-24 16:48:12.252   621   728 E SPRDHWComposer: Failed to request vblank 22
06-24 16:48:12.252   621   728 I SPRDHWComposer: send vblank request failed -1, try again
06-24 16:48:12.252   621   728 E SPRDHWComposer: Failed to request vblank 22
06-24 16:48:12.252   621   728 I SPRDHWComposer: send vblank request failed -1, try again
06-24 16:48:12.252   621   728 E SPRDHWComposer: Failed to request vblank 22
06-24 16:48:12.252   649   969 W HWComposer: Ignoring duplicate VSYNC event from HWC for display 4619827259835644672 (t=92978533334000)
06-24 16:48:12.252   621   728 I SPRDHWComposer: send vblank request failed -1, try again
06-24 16:48:12.257   649   969 W VSyncPredictor: VSyncPredictor::setPeriod current period =11111111
06-24 16:48:12.272   621   621 I DPUModule: DpuR5P0::checkLayerFormat <149>: checkLayerFormat: Format(1)
06-24 16:48:12.272   621   621 I DPUModule: DpuR5P0::checkTransform <44>: checkTransform: Transform(0), SRCRect(0,0)
06-24 16:48:12.272   621   621 I DPUModule: DpuR5P0::checkAFBCBlockSize <105>: checkAFBCBlockSize: compressed(1),format(1), pitch(1152), vstride(1616)
06-24 16:48:12.272   621   621 I DPUModule: DpuR5P0::checkLayerFormat <149>: checkLayerFormat: Format(1)
06-24 16:48:12.272   621   621 I DPUModule: DpuR5P0::checkTransform <44>: checkTransform: Transform(0), SRCRect(0,0)
06-24 16:48:12.272   621   621 I DPUModule: DpuR5P0::checkAFBCBlockSize <105>: checkAFBCBlockSize: compressed(1),format(1), pitch(720), vstride(1616)
06-24 16:48:12.272   621   621 I DPUModule: DpuR5P0::checkLayerFormat <149>: checkLayerFormat: Format(1)
06-24 16:48:12.272   621   621 I DPUModule: DpuR5P0::checkTransform <44>: checkTransform: Transform(0), SRCRect(0,0)
06-24 16:48:12.272   621   621 I DPUModule: DpuR5P0::checkAFBCBlockSize <105>: checkAFBCBlockSize: compressed(1),format(1), pitch(720), vstride(80)
06-24 16:48:12.272   621   621 I DPUModule: DpuR5P0::checkLayerFormat <149>: checkLayerFormat: Format(1)
06-24 16:48:12.272   621   621 I DPUModule: DpuR5P0::checkTransform <44>: checkTransform: Transform(0), SRCRect(0,0)
06-24 16:48:12.272   621   621 I DPUModule: DpuR5P0::checkAFBCBlockSize <105>: checkAFBCBlockSize: compressed(1),format(1), pitch(720), vstride(80)
06-24 16:48:12.272   621   621 D DPUModule: [©┤Č #] support: 0
06-24 16:48:12.273  1089  1141 I DisplayDeviceRepository: Display device changed: DisplayDeviceInfo{"├ēcran int├®gr├®": uniqueId="local:4619827259835644672", 720 x 1612, modeId 2, renderFrameRate 90.0, defaultModeId 2, supportedModes [{id=1, width=720, height=1612, fps=60.0, alternativeRefreshRates=[90.0], supportedHdrTypes=[]}, {id=2, width=720, height=1612, fps=90.0, alternativeRefreshRates=[60.0], supportedHdrTypes=[]}], colorMode 0, supportedColorModes [0], hdrCapabilities HdrCapabilities{mSupportedHdrTypes=[], mMaxLuminance=500.0, mMaxAverageLuminance=500.0, mMinLuminance=0.0}, allmSupported false, gameContentTypeSupported false, density 320, 268.941 x 269.373 dpi, appVsyncOff 2000000, presDeadline 11111111, cutout DisplayCutout{insets=Rect(0, 80 - 0, 0) waterfall=Insets{left=0, top=0, right=0, bottom=0} boundingRect={Bounds=[Rect(0, 0 - 0, 0), Rect(312, 0 - 408, 80), Rect(0, 0 - 0, 0), Rect(0, 0 - 0, 0)]} cutoutPathParserInfo={CutoutPathParserInfo{displayWidth=720 displayHeight=1612 physicalDisplayWidth=720 physicalDisplayHeight=1612 density={2.0} cutoutSpec={M -24,0 L -24,40 L 24,40 L 24,0 Z @dp} rotation={0} scale={1.0} physicalPixelDisplaySizeRatio={1.0}}}}, touch INTERNAL, rotation 0, type INTERNAL, address {port=0, model=0x401cec6a7a2b7b}, deviceProductInfo DeviceProductInfo{name=EMU_display_0, manufacturerPnpId=GGL, productId=1, modelYear=null, manufactureDate=ManufactureDate{week=27, year=2006}, connectionToSinkType=0}, state ON, committedState ON, frameRateOverride {uid=10176 frameRateHz=90.0} , brightnessMinimum 0.0, brightnessMaximum 1.0, brightnessDefault 0.38188976, hdrSdrRatio NaN, FLAG_ALLOWED_TO_BE_DEFAULT_DISPLAY, FLAG_ROTATES_WITH_CONTENT, FLAG_SECURE, FLAG_SUPPORTS_PROTECTED_BUFFERS, FLAG_TRUSTED, installOrientation 0, displayShape DisplayShape{ spec=-1329894761 displayWidth=720 displayHeight=1612 physicalPixelDisplaySizeRatio=1.0 rotation=0 offsetX=0 offsetY=0 scale=1.0}}
06-24 16:48:12.276  1089  1141 D Griffin/DeviceState: virtualDisplayPackageName :{}
06-24 16:48:12.279  1089  1142 D WindowManager: isSupportDynamicNavbar user0, navBarMode = 2, is3buttonModeNavbar = false
06-24 16:48:12.308  1089  1271 I InputReader: processEventsLocked: type=3 Count=4 code=57 value=-1 deviceId=1 when=92978599851000
06-24 16:48:12.308  1089  1271 D InputReader: dispatchTouches action UP now(ns): 92978600523571
06-24 16:48:12.308  1089  1271 D InputReader: notifyMotion call dispatcher
06-24 16:48:12.310  1089  1332 I ActivityManager: isUserAMonkey mUserIsMonkey = false
06-24 16:48:12.327  1089  1332 D os.WindowManagerServiceLice: onStartActivityAsUser, isPreloadIntent =  false
06-24 16:48:12.327 17969 18096 I Athena  : Athena Worker, p(t.java:17)
06-24 16:48:12.327 17969 18096 I Athena  : save Track tid = 1020,{"_eparam":{"_event_type":2},"net":1,"event":"recent_app_click"}
06-24 16:48:12.328  1089  1332 D CompatibilityChangeReporter: Compat change id reported: 161252188; UID 10300; state: DISABLED
06-24 16:48:12.336  1089  1089 I AlarmManager: going to release wakelock now
06-24 16:48:12.344  1089  1332 D os.fingerprint: onTaskMovedToFront Task{5d128e0 #250 type=standard A=10300:com.generatormobile}
06-24 16:48:12.344  1089  1332 D os.fingerprint: activityComponent = ComponentInfo{com.generatormobile/com.generatormobile.MainActivity} inMultiWindow = false
06-24 16:48:12.346   631   631 D PowerHAL: enter power::setMode
06-24 16:48:12.346   631   631 D PowerHAL: PowerSessionManager::updateHintMode: mode: LAUNCH, enabled: 1
06-24 16:48:12.346   631   631 D PowerHAL: PowerSessionManager::updateHintMode resValue = 0
06-24 16:48:12.346   631   631 D PowerHAL: ###Enter launch scene bgn###
06-24 16:48:12.346   631   631 D PowerHAL: Enter common_set: enable:1, duration: 0, /sys/devices/system/cpu/cpufreq/policy0/scaling_min_freq: 1820000
06-24 16:48:12.346   631   631 D PowerHAL: Enter set_cluster_freqs_max_min: 
06-24 16:48:12.346   631   631 D PowerHAL: Enter common_set: enable:1, duration: 0, /sys/devices/system/cpu/cpufreq/policy0/scaling_max_freq: 1820000
06-24 16:48:12.346   631   631 D PowerHAL: Enter set_cluster_freqs_max_min: 
06-24 16:48:12.346   631   631 D PowerHAL: Enter common_set: enable:1, duration: 0, /sys/devices/system/cpu/cpufreq/policy6/scaling_min_freq: 2028000
06-24 16:48:12.346   631   631 D PowerHAL: Enter set_cluster_freqs_max_min: 
06-24 16:48:12.346   631   631 D PowerHAL: Enter common_set: enable:1, duration: 0, /sys/devices/system/cpu/cpufreq/policy6/scaling_max_freq: 2028000
06-24 16:48:12.346   631   631 D PowerHAL: Enter set_cluster_freqs_max_min: 
06-24 16:48:12.347   631   631 D PowerHAL: Enter devfreq_ddr_set: enable:1, duration: 0, /sys/class/devfreq/scene-frequency/sprd-governor/scene_boost_dfs: max
06-24 16:48:12.347  1089  2028 E UNIPNP: PolicyParse: Do not support this action : KSWAPD_LITTLE_CORE
06-24 16:48:12.347  1089  2028 E UNIPNP: ActionManager: No this Action : KSWAPD_LITTLE_CORE
06-24 16:48:12.348   631   631 D PowerHAL: Enter common_set: enable:1, duration: 0, /sys/devices/system/cpu/cpu0/cpuidle/state1/disable: 1
06-24 16:48:12.348   631   631 D PowerHAL: Enter set_cluster_freqs_max_min: 
06-24 16:48:12.348   621   621 I DPUModule: DpuR5P0::checkLayerFormat <149>: checkLayerFormat: Format(1)
06-24 16:48:12.348   621   621 I DPUModule: DpuR5P0::checkTransform <44>: checkTransform: Transform(0), SRCRect(0,0)
06-24 16:48:12.348   621   621 I DPUModule: DpuR5P0::checkAFBCBlockSize <105>: checkAFBCBlockSize: compressed(1),format(1), pitch(1152), vstride(1616)
06-24 16:48:12.348   621   621 I DPUModule: DpuR5P0::checkLayerFormat <149>: checkLayerFormat: Format(1)
06-24 16:48:12.348   621   621 I DPUModule: DpuR5P0::checkTransform <44>: checkTransform: Transform(0), SRCRect(0,0)
06-24 16:48:12.348   621   621 I DPUModule: DpuR5P0::checkAFBCBlockSize <105>: checkAFBCBlockSize: compressed(1),format(1), pitch(720), vstride(1616)
06-24 16:48:12.348   631   631 D PowerHAL: Enter common_set: enable:1, duration: 0, /sys/devices/system/cpu/cpu1/cpuidle/state1/disable: 1
06-24 16:48:12.348   621   621 I DPUModule: DpuR5P0::checkLayerFormat <149>: checkLayerFormat: Format(1)
06-24 16:48:12.348   631   631 D PowerHAL: Enter set_cluster_freqs_max_min: 
06-24 16:48:12.348   621   621 I DPUModule: DpuR5P0::checkTransform <44>: checkTransform: Transform(0), SRCRect(0,0)
06-24 16:48:12.348   621   621 I DPUModule: DpuR5P0::checkAFBCBlockSize <105>: checkAFBCBlockSize: compressed(1),format(1), pitch(720), vstride(80)
06-24 16:48:12.348   621   621 I DPUModule: DpuR5P0::checkLayerFormat <149>: checkLayerFormat: Format(1)
06-24 16:48:12.348   621   621 I DPUModule: DpuR5P0::checkTransform <44>: checkTransform: Transform(0), SRCRect(0,0)
06-24 16:48:12.348   621   621 I DPUModule: DpuR5P0::checkAFBCBlockSize <105>: checkAFBCBlockSize: compressed(1),format(1), pitch(720), vstride(80)
06-24 16:48:12.348   621   621 D DPUModule: [©┤Č #] support: 0
06-24 16:48:12.348   631   631 D PowerHAL: Enter common_set: enable:1, duration: 0, /sys/devices/system/cpu/cpu2/cpuidle/state1/disable: 1
06-24 16:48:12.348   631   631 D PowerHAL: Enter set_cluster_freqs_max_min: 
06-24 16:48:12.348   631   631 D PowerHAL: Enter common_set: enable:1, duration: 0, /sys/devices/system/cpu/cpu3/cpuidle/state1/disable: 1
06-24 16:48:12.348   631   631 D PowerHAL: Enter set_cluster_freqs_max_min: 
06-24 16:48:12.348   631   631 D PowerHAL: Enter common_set: enable:1, duration: 0, /sys/devices/system/cpu/cpu4/cpuidle/state1/disable: 1
06-24 16:48:12.348   631   631 D PowerHAL: Enter set_cluster_freqs_max_min: 
06-24 16:48:12.348   631   631 D PowerHAL: Enter common_set: enable:1, duration: 0, /sys/devices/system/cpu/cpu5/cpuidle/state1/disable: 1
06-24 16:48:12.348   631   631 D PowerHAL: Enter set_cluster_freqs_max_min: 
06-24 16:48:12.348   631   631 D PowerHAL: Enter common_set: enable:1, duration: 0, /sys/devices/system/cpu/cpu6/cpuidle/state1/disable: 1
06-24 16:48:12.348   631   631 D PowerHAL: Enter set_cluster_freqs_max_min: 
06-24 16:48:12.349   631   631 D PowerHAL: Enter common_set: enable:1, duration: 0, /sys/devices/system/cpu/cpu7/cpuidle/state1/disable: 1
06-24 16:48:12.349   631   631 D PowerHAL: Enter set_cluster_freqs_max_min: 
06-24 16:48:12.349   631   631 D PowerHAL: Enter common_subsys_set: enable:1, duration: 0, subsys:uclamp: conf_launch:5
06-24 16:48:12.349   631   631 D PowerHAL: Enter common_subsys_set_current_config: 
06-24 16:48:12.350   631   631 D PowerHAL: ###Enter launch scene end###
06-24 16:48:12.351 23948 24117 D TranSplashScreenManager: modifySuggestType 1 => 1 for ActivityInfo{66eb491 com.generatormobile.MainActivity}
06-24 16:48:12.351   631   631 D PowerHAL: ###Enter interaction_launch scene bgn###
06-24 16:48:12.351   631   631 D PowerHAL: Enter common_set: enable:1, duration: 0, /sys/devices/system/cpu/cpufreq/policy0/scaling_min_freq: 1820000
06-24 16:48:12.351   631   631 D PowerHAL: Enter set_cluster_freqs_max_min: 
06-24 16:48:12.351   631   631 D PowerHAL: Enter common_set: enable:1, duration: 0, /sys/devices/system/cpu/cpufreq/policy0/scaling_max_freq: 1820000
06-24 16:48:12.351   631   631 D PowerHAL: Enter set_cluster_freqs_max_min: 
06-24 16:48:12.351   631   631 D PowerHAL: Enter common_set: enable:1, duration: 0, /sys/devices/system/cpu/cpufreq/policy6/scaling_min_freq: 2028000
06-24 16:48:12.351   631   631 D PowerHAL: Enter set_cluster_freqs_max_min: 
06-24 16:48:12.351   631   631 D PowerHAL: Enter common_set: enable:1, duration: 0, /sys/devices/system/cpu/cpufreq/policy6/scaling_max_freq: 2028000
06-24 16:48:12.351   631   631 D PowerHAL: Enter set_cluster_freqs_max_min: 
06-24 16:48:12.351   631   631 D PowerHAL: Enter devfreq_ddr_set: enable:1, duration: 0, /sys/class/devfreq/scene-frequency/sprd-governor/scene_boost_dfs: max
06-24 16:48:12.351   631   631 D PowerHAL: Enter common_subsys_set: enable:1, duration: 0, subsys:uclamp: conf_5:7
06-24 16:48:12.351   631   631 D PowerHAL: Enter common_subsys_set_current_config: 
06-24 16:48:12.352  1089  1332 I ActivityTaskManager: START u0 {act=android.intent.action.MAIN cat=[android.intent.category.LAUNCHER] flg=0x10200000 cmp=com.generatormobile/.MainActivity (has extras)} with LAUNCH_SINGLE_TASK from uid 10176 pid 17969 (BAL_ALLOW_ALLOWLISTED_COMPONENT) result code=START_SUCCESS
06-24 16:48:12.352  1089  1332 I ActivityTaskManager: Add pending draw ActivityRecord{26266e3 u0 com.generatormobile/.MainActivity t250 d0}
06-24 16:48:12.353   631   631 D PowerHAL: ###Enter interaction_launch scene end###
