06-24 16:48:17.034   621   621 I DPUModule: DpuR5P0::checkTransform <44>: checkTransform: Transform(0), SRCRect(0,0)
06-24 16:48:17.034   621   621 I DPUModule: DpuR5P0::checkAFBCBlockSize <105>: checkAFBCBlockSize: compressed(1),format(1), pitch(720), vstride(80)
06-24 16:48:17.034   621   621 D DPUModule: [©┤Č #] support: 0
06-24 16:48:17.038 31942 32010 D WM-GreedyScheduler: Ignoring {WorkSpec: 41054d9e-8f2a-447e-bd49-711499af7495}. Requires device idle.
06-24 16:48:17.038 31942 32010 D WM-WorkConstraintsTrack: NetworkRequestConstraintController unregister shared callback
06-24 16:48:17.045   621   621 I DPUModule: DpuR5P0::checkLayerFormat <149>: checkLayerFormat: Format(1)
06-24 16:48:17.045   621   621 I DPUModule: DpuR5P0::checkTransform <44>: checkTransform: Transform(0), SRCRect(0,0)
06-24 16:48:17.045   621   621 I DPUModule: DpuR5P0::checkAFBCBlockSize <105>: checkAFBCBlockSize: compressed(1),format(1), pitch(1152), vstride(1616)
06-24 16:48:17.045   621   621 I DPUModule: DpuR5P0::checkLayerFormat <149>: checkLayerFormat: Format(1)
06-24 16:48:17.045   621   621 I DPUModule: DpuR5P0::checkTransform <44>: checkTransform: Transform(0), SRCRect(0,0)
06-24 16:48:17.045   621   621 I DPUModule: DpuR5P0::checkAFBCBlockSize <105>: checkAFBCBlockSize: compressed(1),format(1), pitch(720), vstride(1616)
06-24 16:48:17.045   621   621 I DPUModule: DpuR5P0::checkLayerFormat <149>: checkLayerFormat: Format(1)
06-24 16:48:17.045   621   621 I DPUModule: DpuR5P0::checkTransform <44>: checkTransform: Transform(0), SRCRect(0,0)
06-24 16:48:17.045   621   621 I DPUModule: DpuR5P0::checkLayerFormat <149>: checkLayerFormat: Format(1)
06-24 16:48:17.045   621   621 I DPUModule: DpuR5P0::checkTransform <44>: checkTransform: Transform(0), SRCRect(0,0)
06-24 16:48:17.045   621   621 I DPUModule: DpuR5P0::checkAFBCBlockSize <105>: checkAFBCBlockSize: compressed(1),format(1), pitch(720), vstride(80)
06-24 16:48:17.045   621   621 I DPUModule: DpuR5P0::checkLayerFormat <149>: checkLayerFormat: Format(1)
06-24 16:48:17.045   621   621 I DPUModule: DpuR5P0::checkTransform <44>: checkTransform: Transform(0), SRCRect(0,0)
06-24 16:48:17.045   621   621 I DPUModule: DpuR5P0::checkAFBCBlockSize <105>: checkAFBCBlockSize: compressed(1),format(1), pitch(720), vstride(80)
06-24 16:48:17.045   621   621 D DPUModule: [©┤Č #] support: 0
06-24 16:48:17.056   621   621 I DPUModule: DpuR5P0::checkLayerFormat <149>: checkLayerFormat: Format(1)
06-24 16:48:17.056   621   621 I DPUModule: DpuR5P0::checkTransform <44>: checkTransform: Transform(0), SRCRect(0,0)
06-24 16:48:17.056   621   621 I DPUModule: DpuR5P0::checkAFBCBlockSize <105>: checkAFBCBlockSize: compressed(1),format(1), pitch(1152), vstride(1616)
06-24 16:48:17.056   621   621 I DPUModule: DpuR5P0::checkLayerFormat <149>: checkLayerFormat: Format(1)
06-24 16:48:17.056   621   621 I DPUModule: DpuR5P0::checkTransform <44>: checkTransform: Transform(0), SRCRect(0,0)
06-24 16:48:17.056   621   621 I DPUModule: DpuR5P0::checkAFBCBlockSize <105>: checkAFBCBlockSize: compressed(1),format(1), pitch(720), vstride(1616)
06-24 16:48:17.056   621   621 I DPUModule: DpuR5P0::checkLayerFormat <149>: checkLayerFormat: Format(1)
06-24 16:48:17.056   621   621 I DPUModule: DpuR5P0::checkTransform <44>: checkTransform: Transform(0), SRCRect(0,0)
06-24 16:48:17.056   621   621 I DPUModule: DpuR5P0::checkLayerFormat <149>: checkLayerFormat: Format(1)
06-24 16:48:17.057   621   621 I DPUModule: DpuR5P0::checkTransform <44>: checkTransform: Transform(0), SRCRect(0,0)
06-24 16:48:17.057   621   621 I DPUModule: DpuR5P0::checkAFBCBlockSize <105>: checkAFBCBlockSize: compressed(1),format(1), pitch(720), vstride(80)
06-24 16:48:17.057   621   621 I DPUModule: DpuR5P0::checkLayerFormat <149>: checkLayerFormat: Format(1)
06-24 16:48:17.057   621   621 I DPUModule: DpuR5P0::checkTransform <44>: checkTransform: Transform(0), SRCRect(0,0)
06-24 16:48:17.057   621   621 I DPUModule: DpuR5P0::checkAFBCBlockSize <105>: checkAFBCBlockSize: compressed(1),format(1), pitch(720), vstride(80)
06-24 16:48:17.057   621   621 D DPUModule: [©┤Č #] support: 0
06-24 16:48:17.067   621   621 I DPUModule: DpuR5P0::checkLayerFormat <149>: checkLayerFormat: Format(1)
06-24 16:48:17.068   621   621 I DPUModule: DpuR5P0::checkTransform <44>: checkTransform: Transform(0), SRCRect(0,0)
06-24 16:48:17.068   621   621 I DPUModule: DpuR5P0::checkAFBCBlockSize <105>: checkAFBCBlockSize: compressed(1),format(1), pitch(1152), vstride(1616)
06-24 16:48:17.068   621   621 I DPUModule: DpuR5P0::checkLayerFormat <149>: checkLayerFormat: Format(1)
06-24 16:48:17.068   621   621 I DPUModule: DpuR5P0::checkTransform <44>: checkTransform: Transform(0), SRCRect(0,0)
06-24 16:48:17.068   621   621 I DPUModule: DpuR5P0::checkAFBCBlockSize <105>: checkAFBCBlockSize: compressed(1),format(1), pitch(720), vstride(1616)
06-24 16:48:17.068   621   621 I DPUModule: DpuR5P0::checkLayerFormat <149>: checkLayerFormat: Format(1)
06-24 16:48:17.068   621   621 I DPUModule: DpuR5P0::checkTransform <44>: checkTransform: Transform(0), SRCRect(0,0)
06-24 16:48:17.068   621   621 I DPUModule: DpuR5P0::checkLayerFormat <149>: checkLayerFormat: Format(1)
06-24 16:48:17.068   621   621 I DPUModule: DpuR5P0::checkTransform <44>: checkTransform: Transform(0), SRCRect(0,0)
06-24 16:48:17.068   621   621 I DPUModule: DpuR5P0::checkAFBCBlockSize <105>: checkAFBCBlockSize: compressed(1),format(1), pitch(720), vstride(80)
06-24 16:48:17.068   621   621 I DPUModule: DpuR5P0::checkLayerFormat <149>: checkLayerFormat: Format(1)
06-24 16:48:17.068   621   621 I DPUModule: DpuR5P0::checkTransform <44>: checkTransform: Transform(0), SRCRect(0,0)
06-24 16:48:17.068   621   621 I DPUModule: DpuR5P0::checkAFBCBlockSize <105>: checkAFBCBlockSize: compressed(1),format(1), pitch(720), vstride(80)
06-24 16:48:17.068   621   621 D DPUModule: [©┤Č #] support: 0
06-24 16:48:17.078   621   621 I DPUModule: DpuR5P0::checkLayerFormat <149>: checkLayerFormat: Format(1)
06-24 16:48:17.079   621   621 I DPUModule: DpuR5P0::checkTransform <44>: checkTransform: Transform(0), SRCRect(0,0)
06-24 16:48:17.079   621   621 I DPUModule: DpuR5P0::checkAFBCBlockSize <105>: checkAFBCBlockSize: compressed(1),format(1), pitch(1152), vstride(1616)
06-24 16:48:17.079   621   621 I DPUModule: DpuR5P0::checkLayerFormat <149>: checkLayerFormat: Format(1)
06-24 16:48:17.079   621   621 I DPUModule: DpuR5P0::checkTransform <44>: checkTransform: Transform(0), SRCRect(0,0)
06-24 16:48:17.079   621   621 I DPUModule: DpuR5P0::checkAFBCBlockSize <105>: checkAFBCBlockSize: compressed(1),format(1), pitch(720), vstride(1616)
06-24 16:48:17.079   621   621 I DPUModule: DpuR5P0::checkLayerFormat <149>: checkLayerFormat: Format(1)
06-24 16:48:17.079   621   621 I DPUModule: DpuR5P0::checkTransform <44>: checkTransform: Transform(0), SRCRect(0,0)
06-24 16:48:17.079   621   621 I DPUModule: DpuR5P0::checkLayerFormat <149>: checkLayerFormat: Format(1)
06-24 16:48:17.079   621   621 I DPUModule: DpuR5P0::checkTransform <44>: checkTransform: Transform(0), SRCRect(0,0)
06-24 16:48:17.079   621   621 I DPUModule: DpuR5P0::checkAFBCBlockSize <105>: checkAFBCBlockSize: compressed(1),format(1), pitch(720), vstride(80)
06-24 16:48:17.079   621   621 I DPUModule: DpuR5P0::checkLayerFormat <149>: checkLayerFormat: Format(1)
06-24 16:48:17.079   621   621 I DPUModule: DpuR5P0::checkTransform <44>: checkTransform: Transform(0), SRCRect(0,0)
06-24 16:48:17.079   621   621 I DPUModule: DpuR5P0::checkAFBCBlockSize <105>: checkAFBCBlockSize: compressed(1),format(1), pitch(720), vstride(80)
06-24 16:48:17.079   621   621 D DPUModule: [©┤Č #] support: 0
06-24 16:48:17.082 23948 24025 V WindowManagerShell: Transition animation finished (aborted=false), notifying core (#1564)android.os.BinderProxy@50dff24@0
06-24 16:48:17.083 23948 24025 D ShellTransitions: Applied finish transaction
06-24 16:48:17.084   631   631 D PowerHAL: ###Exit interaction_launch scene bgn###
06-24 16:48:17.084   631   631 D PowerHAL: Enter common_set: enable:0, duration: 0, /sys/devices/system/cpu/cpufreq/policy0/scaling_min_freq: 1820000
06-24 16:48:17.084   631   631 D PowerHAL: Enter set_cluster_freqs_max_min: 
06-24 16:48:17.084   631   631 D PowerHAL: Enter common_set: enable:0, duration: 0, /sys/devices/system/cpu/cpufreq/policy0/scaling_max_freq: 1820000
06-24 16:48:17.084   631   631 D PowerHAL: Enter set_cluster_freqs_max_min: 
06-24 16:48:17.084   631   631 D PowerHAL: Enter common_set: enable:0, duration: 0, /sys/devices/system/cpu/cpufreq/policy6/scaling_min_freq: 2028000
06-24 16:48:17.084   631   631 D PowerHAL: Enter set_cluster_freqs_max_min: 
06-24 16:48:17.084   631   631 D PowerHAL: Enter common_set: enable:0, duration: 0, /sys/devices/system/cpu/cpufreq/policy6/scaling_max_freq: 2028000
06-24 16:48:17.084   631   631 D PowerHAL: Enter set_cluster_freqs_max_min: 
06-24 16:48:17.084   631   631 D PowerHAL: Enter devfreq_ddr_set: enable:0, duration: 0, /sys/class/devfreq/scene-frequency/sprd-governor/scene_boost_dfs: max
06-24 16:48:17.084   631   631 D PowerHAL: Enter common_subsys_set: enable:0, duration: 0, subsys:uclamp: conf_5:7
06-24 16:48:17.084   631   631 D PowerHAL: Enter common_subsys_set_current_config: 
06-24 16:48:17.084  1089  1138 V WindowManager: Finish Transition #1564: created at 06-24 16:48:16.695 collect-started=0.073ms request-sent=12.827ms started=19.663ms ready=69.105ms sent=74.793ms finished=389.088ms
06-24 16:48:17.085   631   631 D PowerHAL: ###Exit interaction_launch scene end###
06-24 16:48:17.087 23948 24025 V WindowManagerShell: Track 0 became idle
06-24 16:48:17.087 23948 24025 V WindowManagerShell: All active transition animations finished
06-24 16:48:17.090   621   621 I DPUModule: DpuR5P0::checkLayerFormat <149>: checkLayerFormat: Format(1)
06-24 16:48:17.090   621   621 I DPUModule: DpuR5P0::checkTransform <44>: checkTransform: Transform(0), SRCRect(0,0)
06-24 16:48:17.090   621   621 I DPUModule: DpuR5P0::checkAFBCBlockSize <105>: checkAFBCBlockSize: compressed(1),format(1), pitch(1152), vstride(1616)
06-24 16:48:17.090   621   621 I DPUModule: DpuR5P0::checkLayerFormat <149>: checkLayerFormat: Format(1)
06-24 16:48:17.090   621   621 I DPUModule: DpuR5P0::checkTransform <44>: checkTransform: Transform(0), SRCRect(0,0)
06-24 16:48:17.090   621   621 I DPUModule: DpuR5P0::checkAFBCBlockSize <105>: checkAFBCBlockSize: compressed(1),format(1), pitch(720), vstride(1616)
06-24 16:48:17.090   621   621 I DPUModule: DpuR5P0::checkLayerFormat <149>: checkLayerFormat: Format(1)
06-24 16:48:17.090   621   621 I DPUModule: DpuR5P0::checkTransform <44>: checkTransform: Transform(0), SRCRect(0,0)
06-24 16:48:17.090   621   621 I DPUModule: DpuR5P0::checkAFBCBlockSize <105>: checkAFBCBlockSize: compressed(1),format(1), pitch(720), vstride(1616)
06-24 16:48:17.090   621   621 I DPUModule: DpuR5P0::checkLayerFormat <149>: checkLayerFormat: Format(1)
06-24 16:48:17.090   621   621 I DPUModule: DpuR5P0::checkTransform <44>: checkTransform: Transform(0), SRCRect(0,0)
06-24 16:48:17.090   621   621 I DPUModule: DpuR5P0::checkAFBCBlockSize <105>: checkAFBCBlockSize: compressed(1),format(1), pitch(720), vstride(80)
06-24 16:48:17.090   621   621 I DPUModule: DpuR5P0::checkLayerFormat <149>: checkLayerFormat: Format(1)
06-24 16:48:17.090   621   621 I DPUModule: DpuR5P0::checkTransform <44>: checkTransform: Transform(0), SRCRect(0,0)
06-24 16:48:17.090   621   621 I DPUModule: DpuR5P0::checkAFBCBlockSize <105>: checkAFBCBlockSize: compressed(1),format(1), pitch(720), vstride(80)
06-24 16:48:17.090   621   621 D DPUModule: [©┤Č #] support: 0
06-24 16:48:17.095 17969 18147 D mali_gralloc: unregister: id=26c00008b35, handle=0xf0b56700, base=0x0, importpid=17969, count:0
06-24 16:48:17.096 17969 18147 D mali_gralloc: unregister: id=26c00008b37, handle=0xf0b5aec0, base=0x0, importpid=17969, count:0
06-24 16:48:17.097 17969 18147 D mali_gralloc: unregister: id=26c00008b38, handle=0xf0f90160, base=0x0, importpid=17969, count:0
06-24 16:48:17.098   649   748 D mali_gralloc: unregister: id=26c00008b3e, handle=0xf58d0560, base=0x0, importpid=649, count:0
06-24 16:48:17.099  1089  1332 D WindowManager: isSupportDynamicNavbar user0, navBarMode = 2, is3buttonModeNavbar = false
06-24 16:48:17.101   649   649 I Layer   : fillInputInfo layer:com.transsion.hilauncher/com.android.quickstep.src.com.android.launcher3.uioverrides.QuickstepLauncher#19434, visible=0 (hasInputInfo:1, isHidden:1, alpha:1.000000, parent:7ccd9f2 com.transsion.hilauncher/com.android.quickstep.src.com.android.launcher3.uioverrides.QuickstepLauncher#17200,parenthidden:1, parentalpha:1.000000, mBuffer:1, mSidebandStream:0,hasSomethingToDraw:1, hasEffect:0, fillsColor:0, drawShadows:0, hasBlur:0)
06-24 16:48:17.101   649   649 I Layer   : fillInputInfo layer:1c8ab95 ActivityRecordInputSink com.transsion.hilauncher/com.android.quickstep.src.com.android.launcher3.uioverrides.QuickstepLauncher#61, visible=0 (hasInputInfo:1, isHidden:1, alpha:1.000000, parent:ActivityRecord{38b0013 u0 com.transsion.hilauncher/com.android.quickstep.src.com.android.launcher3.uioverrides.QuickstepLauncher#52,parenthidden:1, parentalpha:1.000000, mBuffer:0, mSidebandStream:0,hasSomethingToDraw:0, hasEffect:0, fillsColor:0, drawShadows:0, hasBlur:0)
06-24 16:48:17.101   649   649 I Layer   : fillInputInfo layer:Wallpaper BBQ wrapper#19343, visible=0 (hasInputInfo:1, isHidden:1, alpha:1.000000, parent:com.android.systemui.wallpapers.ImageWallpaper#19342,parenthidden:1, parentalpha:1.000000, mBuffer:1, mSidebandStream:0,hasSomethingToDraw:1, hasEffect:0, fillsColor:0, drawShadows:0, hasBlur:0)
06-24 16:48:17.101   649   649 I Layer   : fillInputInfo layer:com.android.systemui.wallpapers.ImageWallpaper#19342, visible=0 (hasInputInfo:1, isHidden:1, alpha:1.000000, parent:baad348 com.android.systemui.wallpapers.ImageWallpaper#19341,parenthidden:0, parentalpha:1.000000, mBuffer:0, mSidebandStream:0,hasSomethingToDraw:0, hasEffect:0, fillsColor:0, drawShadows:0, hasBlur:0)
06-24 16:48:17.101   649   649 D mali_gralloc: unregister: id=26c00008b37, handle=0xf58cfca0, base=0x0, importpid=649, count:0
06-24 16:48:17.102   621   621 D mali_gralloc: unregister: id=26c00008b38, handle=0xebc30540, base=0x0, importpid=621, count:0
06-24 16:48:17.102   621   621 D mali_gralloc: unregister: id=26c00008b37, handle=0xebc30700, base=0x0, importpid=621, count:0
06-24 16:48:17.103   621   621 D mali_gralloc: unregister: id=26c00008b36, handle=0xebc307e0, base=0x0, importpid=621, count:0
06-24 16:48:17.104   621   621 D mali_gralloc: unregister: id=26c00008b02, handle=0xebc30460, base=0x0, importpid=621, count:0
06-24 16:48:17.104 17969 17969 D mali_gralloc: unregister: id=26c00008b36, handle=0xf0b568c0, base=0x0, importpid=17969, count:0
06-24 16:48:17.104   621   621 I DPUModule: DpuR5P0::checkLayerFormat <149>: checkLayerFormat: Format(1)
06-24 16:48:17.104   621   621 I DPUModule: DpuR5P0::checkTransform <44>: checkTransform: Transform(0), SRCRect(0,0)
06-24 16:48:17.104   621   621 I DPUModule: DpuR5P0::checkAFBCBlockSize <105>: checkAFBCBlockSize: compressed(1),format(1), pitch(720), vstride(1616)
06-24 16:48:17.104   621   621 I DPUModule: DpuR5P0::checkLayerFormat <149>: checkLayerFormat: Format(1)
06-24 16:48:17.104   621   621 I DPUModule: DpuR5P0::checkTransform <44>: checkTransform: Transform(0), SRCRect(0,0)
06-24 16:48:17.104   621   621 I DPUModule: DpuR5P0::checkAFBCBlockSize <105>: checkAFBCBlockSize: compressed(1),format(1), pitch(720), vstride(80)
06-24 16:48:17.104   621   621 I DPUModule: DpuR5P0::checkLayerFormat <149>: checkLayerFormat: Format(1)
06-24 16:48:17.104   621   621 I DPUModule: DpuR5P0::checkTransform <44>: checkTransform: Transform(0), SRCRect(0,0)
06-24 16:48:17.104   621   621 I DPUModule: DpuR5P0::checkAFBCBlockSize <105>: checkAFBCBlockSize: compressed(1),format(1), pitch(720), vstride(80)
06-24 16:48:17.104   621   621 D DPUModule: [©┤Č #] support: 0
06-24 16:48:17.112   621   621 I DPUModule: DpuR5P0::checkLayerFormat <149>: checkLayerFormat: Format(1)
06-24 16:48:17.112   621   621 I DPUModule: DpuR5P0::checkTransform <44>: checkTransform: Transform(0), SRCRect(0,0)
06-24 16:48:17.112   621   621 I DPUModule: DpuR5P0::checkAFBCBlockSize <105>: checkAFBCBlockSize: compressed(1),format(1), pitch(720), vstride(1616)
06-24 16:48:17.112   621   621 I DPUModule: DpuR5P0::checkLayerFormat <149>: checkLayerFormat: Format(1)
06-24 16:48:17.112   621   621 I DPUModule: DpuR5P0::checkTransform <44>: checkTransform: Transform(0), SRCRect(0,0)
06-24 16:48:17.112   621   621 I DPUModule: DpuR5P0::checkAFBCBlockSize <105>: checkAFBCBlockSize: compressed(1),format(1), pitch(720), vstride(80)
06-24 16:48:17.112   621   621 I DPUModule: DpuR5P0::checkLayerFormat <149>: checkLayerFormat: Format(1)
06-24 16:48:17.112   621   621 I DPUModule: DpuR5P0::checkTransform <44>: checkTransform: Transform(0), SRCRect(0,0)
06-24 16:48:17.112   621   621 I DPUModule: DpuR5P0::checkAFBCBlockSize <105>: checkAFBCBlockSize: compressed(1),format(1), pitch(720), vstride(80)
06-24 16:48:17.112   621   621 D DPUModule: [©┤Č #] support: 0
06-24 16:48:17.113  1089  1142 D WindowManager: isSupportDynamicNavbar user0, navBarMode = 2, is3buttonModeNavbar = false
06-24 16:48:17.162  1493  1493 D TranSignalStrengthComponentImpl: [LTE] dbm: -102
06-24 16:48:17.162  1493  1493 D TranSignalStrengthComponentImpl: [LTE] dbm: -102
06-24 16:48:17.163  1493  1708 I TranPhoneInterfaceManager: MPSTCB - onSignalStrengthsChanged
06-24 16:48:17.163  1493  1708 D TranPhoneInterfaceManager: [onSignalStrengthsChanged]
06-24 16:48:17.164  1493  1708 D TranSmartAllocController: mDefaultDataSubId = 5  subId = 5
06-24 16:48:17.164  1493  1708 D TranSmartAllocController: mSupport = true  mBwAllocEnable = true mSimReady =true  mScreenOn =true
06-24 16:48:17.164  1089  1168 D TranSignalStrengthComponentImpl: [LTE] dbm: -102
06-24 16:48:17.164 31245 31481 D TranSignalStrengthComponentImpl: [LTE] dbm: -102
06-24 16:48:17.164  1089  1128 D ActivityManager: Skip enqueue broadcast because no receiver with Intent { act=android.intent.action.SIG_STR flg=0x10 (has extras) }
06-24 16:48:17.165  1493  1493 D TranSignalStrengthComponentImpl: [LTE] dbm: -117
06-24 16:48:17.165  1493  1493 D TranSignalStrengthComponentImpl: [LTE] dbm: -117
06-24 16:48:17.166  1493  1708 I TranPhoneInterfaceManager: MPSTCB - onSignalStrengthsChanged
06-24 16:48:17.166  1493  1708 D TranPhoneInterfaceManager: [onSignalStrengthsChanged]
06-24 16:48:17.166  1493  1708 D TranSmartAllocController: mDefaultDataSubId = 5  subId = 10
06-24 16:48:17.166  1493  1708 D TranSmartAllocController: mSupport = true  mBwAllocEnable = true mSimReady =true  mScreenOn =true
06-24 16:48:17.166 23948 23948 D StatusBarIconController: ignoring old pipeline callbacks, because the new mobile icons are enabled
06-24 16:48:17.166  1089  1168 D TranSignalStrengthComponentImpl: [LTE] dbm: -117
06-24 16:48:17.167  1089  1128 D ActivityManager: Skip enqueue broadcast because no receiver with Intent { act=android.intent.action.SIG_STR flg=0x10 (has extras) }
06-24 16:48:17.167  1493  1493 D UpLinkDataController: onSignalStrengthsChanged
06-24 16:48:17.168  1493  9089 D UpLinkDataController: InitialState.processMessage:2
06-24 16:48:17.169 23948 23948 D StatusBarIconController: ignoring old pipeline callbacks, because the new mobile icons are enabled
06-24 16:48:17.339  1089  1139 D DisplayManagerService: Drop pending events for gone uid 10236
06-24 16:48:17.339  1089  2120 I ActivityManager: Killing 31942:com.linkedin.android/u0a236 (adj 905): MemAvailable
06-24 16:48:17.340  1089  2021 D Hiber/appStateMachine: uid:10236 exit RunningState
06-24 16:48:17.341  1089  2120 D os.ActivityManagerServiceLice: make process inactive com.linkedin.android(31942)
06-24 16:48:17.346  1089  1164 I libprocessgroup: Successfully killed process cgroup uid 10236 pid 31942 in 5ms
06-24 16:48:17.354 32102 32102 D nativeloader: Configuring clns-4 for other apk /data/app/~~sBsV-i0a2qGfwNcjPjV83w==/com.generatormobile-CFMMqEYEs0var1RVQKuSMA==/base.apk. target_sdk_version=36, uses_libraries=, library_path=/data/app/~~sBsV-i0a2qGfwNcjPjV83w==/com.generatormobile-CFMMqEYEs0var1RVQKuSMA==/lib/arm:/data/app/~~sBsV-i0a2qGfwNcjPjV83w==/com.generatormobile-CFMMqEYEs0var1RVQKuSMA==/base.apk!/lib/armeabi-v7a, permitted_path=/data:/mnt/expand:/data/user/0/com.generatormobile
06-24 16:48:17.363 32102 32102 W generatormobile: Monitor::Inflate: Install failed 0x727b4df8
06-24 16:48:17.366 32102 32102 D nativeloader: Load libframework-connectivity-jni.so using APEX ns com_android_tethering for caller /apex/com.android.tethering/javalib/framework-connectivity.jar: ok
06-24 16:48:17.369 32102 32102 V GraphicsEnvironment: Currently set values for:
06-24 16:48:17.369 32102 32102 V GraphicsEnvironment:   angle_gl_driver_selection_pkgs=[]
06-24 16:48:17.369 32102 32102 V GraphicsEnvironment:   angle_gl_driver_selection_values=[]
06-24 16:48:17.370 32102 32102 V GraphicsEnvironment: ANGLE GameManagerService for com.generatormobile: false
06-24 16:48:17.370 32102 32102 V GraphicsEnvironment: com.generatormobile is not listed in per-application setting
06-24 16:48:17.370 32102 32102 V GraphicsEnvironment: Neither updatable production driver nor prerelease driver is supported.
06-24 16:48:17.372 32102 32102 W generatormobile: Monitor::Inflate: Install failed 0x727b2d40
06-24 16:48:17.375 32102 32102 I LoadedApk: No resource references to update in package com.transsion.theme.icon
06-24 16:48:17.385  1089  1128 V ActivityManager: Got obituary of 31942:com.linkedin.android
06-24 16:48:17.385  1089  1314 D ConnectivityService: releasing NetworkRequest [ REQUEST id=18026, [ Capabilities: INTERNET&NOT_RESTRICTED&TRUSTED&NOT_VCN_MANAGED Uid: 10236 RequestorUid: 10236 RequestorPkg: com.linkedin.android UnderlyingNetworks: Null] ] (release request)
06-24 16:48:17.386  1089  1314 D ConnectivityService: releasing NetworkRequest [ REQUEST id=18024, [ Capabilities: INTERNET&NOT_RESTRICTED&TRUSTED&NOT_VCN_MANAGED Uid: 10236 RequestorUid: 10236 RequestorPkg: com.linkedin.android UnderlyingNetworks: Null] ] (release request)
06-24 16:48:17.386   611   611 I Zygote  : Process 31942 exited due to signal 9 (Killed)
06-24 16:48:17.387  1089 12784 D Griffin/DeviceState: Process not exit, can not record audio player!
06-24 16:48:17.413 32102 32102 W SoLoader: Initializing SoLoader: 0
06-24 16:48:17.415 32102 32102 W SoLoader: Recording new base apk path: /data/app/~~sBsV-i0a2qGfwNcjPjV83w==/com.generatormobile-CFMMqEYEs0var1RVQKuSMA==/base.apk
06-24 16:48:17.415 32102 32102 W SoLoader: Previously recorded 0 base apk paths.
06-24 16:48:17.417 32102 32102 I SoLoader: Preparing SO source: DirectorySoSource[root = /system/lib flags = 2]
06-24 16:48:17.418 32102 32102 I SoLoader: Preparing SO source: DirectorySoSource[root = /vendor/lib flags = 2]
06-24 16:48:17.418 32102 32102 I SoLoader: Preparing SO source: DirectApkSoSource[root = [/data/app/~~sBsV-i0a2qGfwNcjPjV83w==/com.generatormobile-CFMMqEYEs0var1RVQKuSMA==/base.apk!/lib/armeabi-v7a]]
06-24 16:48:17.619 32102 32102 I SoLoader: Preparing SO source: ApplicationSoSource[DirectorySoSource[root = /data/app/~~sBsV-i0a2qGfwNcjPjV83w==/com.generatormobile-CFMMqEYEs0var1RVQKuSMA==/lib/arm flags = 0]]
06-24 16:48:17.619 32102 32102 I SoLoader: init finish: 4 SO sources prepared
06-24 16:48:17.619 32102 32102 W SoLoader: SoLoader initialized: 8
06-24 16:48:17.690  1089 10372 D CompetitionModeConfig: sys.apm.competition_mode_config is not support!
06-24 16:48:17.691  1089 10372 D CompetitionModeConfig: sys.apm.competition_mode_config is not support!
06-24 16:48:17.692  1089 10372 V BroadcastQueue: Enqueuing BroadcastRecord{95657d8 Intent { flg=0x10 cmp=com.instagram.android/com.instagram.util.startup.appwarmer.KeepWarmReceiver (has extras) }/u0} from uid 10241 pid 31245 for 1 receivers
06-24 16:48:17.738 32102 32102 D nativeloader: Load /data/app/~~sBsV-i0a2qGfwNcjPjV83w==/com.generatormobile-CFMMqEYEs0var1RVQKuSMA==/base.apk!/lib/armeabi-v7a/libc++_shared.so using class loader ns clns-4 (caller=/data/app/~~sBsV-i0a2qGfwNcjPjV83w==/com.generatormobile-CFMMqEYEs0var1RVQKuSMA==/base.apk): ok
06-24 16:48:17.752 32102 32102 D nativeloader: Load /data/app/~~sBsV-i0a2qGfwNcjPjV83w==/com.generatormobile-CFMMqEYEs0var1RVQKuSMA==/base.apk!/lib/armeabi-v7a/libjsi.so using class loader ns clns-4 (caller=/data/app/~~sBsV-i0a2qGfwNcjPjV83w==/com.generatormobile-CFMMqEYEs0var1RVQKuSMA==/base.apk): ok
06-24 16:48:17.765 32102 32102 D nativeloader: Load /data/app/~~sBsV-i0a2qGfwNcjPjV83w==/com.generatormobile-CFMMqEYEs0var1RVQKuSMA==/base.apk!/lib/armeabi-v7a/libfbjni.so using class loader ns clns-4 (caller=/data/app/~~sBsV-i0a2qGfwNcjPjV83w==/com.generatormobile-CFMMqEYEs0var1RVQKuSMA==/base.apk): ok
06-24 16:48:17.777 32102 32102 D nativeloader: Load /data/app/~~sBsV-i0a2qGfwNcjPjV83w==/com.generatormobile-CFMMqEYEs0var1RVQKuSMA==/base.apk!/lib/armeabi-v7a/libreactnative.so using class loader ns clns-4 (caller=/data/app/~~sBsV-i0a2qGfwNcjPjV83w==/com.generatormobile-CFMMqEYEs0var1RVQKuSMA==/base.apk): ok
06-24 16:48:17.777 32102 32102 D jni_lib_merge: Entering merged library JNI_OnLoad.
06-24 16:48:17.777 32102 32102 D jni_lib_merge: Preparing 13 pre-merged libs (including stub)
06-24 16:48:17.777 32102 32102 D jni_lib_merge: Preparing to register libfabricjni_so.  onload_func: 0xea2098e9
06-24 16:48:17.777 32102 32102 D jni_lib_merge: Preparing to register libreact_devsupportjni_so.  onload_func: 0xea378601
06-24 16:48:17.777 32102 32102 D jni_lib_merge: Preparing to register libreact_featureflagsjni_so.  onload_func: 0xea385a7d
06-24 16:48:17.777 32102 32102 D jni_lib_merge: Preparing to register libreact_newarchdefaults_so.  onload_func: 0xea3eeaf5
06-24 16:48:17.777 32102 32102 D jni_lib_merge: Preparing to register libreact_tracingjni_so.  onload_func: 0xea5ca8fd
06-24 16:48:17.777 32102 32102 D jni_lib_merge: Preparing to register libreactnativeblob_so.  onload_func: 0xea5d6e35
06-24 16:48:17.777 32102 32102 D jni_lib_merge: Preparing to register libreactnativejni_so.  onload_func: 0xea5ed7f5
06-24 16:48:17.777 32102 32102 D jni_lib_merge: Preparing to register libreactnativejni_common_so.  onload_func: 0xea5f16b5
06-24 16:48:17.777 32102 32102 D jni_lib_merge: Preparing to register librninstance_so.  onload_func: 0xea63efed
06-24 16:48:17.777 32102 32102 D jni_lib_merge: Preparing to register libturbomodulejsijni_so.  onload_func: 0xea716191
06-24 16:48:17.777 32102 32102 D jni_lib_merge: Preparing to register libuimanagerjni_so.  onload_func: 0xea72457d
06-24 16:48:17.777 32102 32102 D jni_lib_merge: Preparing to register libyoga_so.  onload_func: 0xea72e291
06-24 16:48:17.777 32102 32102 D jni_lib_merge: About to register 12 actual methods.
06-24 16:48:17.811 32102 32102 D nativeloader: Load /data/app/~~sBsV-i0a2qGfwNcjPjV83w==/com.generatormobile-CFMMqEYEs0var1RVQKuSMA==/base.apk!/lib/armeabi-v7a/libreact_codegen_rngesturehandler_codegen.so using class loader ns clns-4 (caller=/data/app/~~sBsV-i0a2qGfwNcjPjV83w==/com.generatormobile-CFMMqEYEs0var1RVQKuSMA==/base.apk): ok
06-24 16:48:17.824  1493  1725 D MultiLinkController: handleMessage msg type: 2011
06-24 16:48:17.826 32102 32102 D nativeloader: Load /data/app/~~sBsV-i0a2qGfwNcjPjV83w==/com.generatormobile-CFMMqEYEs0var1RVQKuSMA==/base.apk!/lib/armeabi-v7a/libreact_codegen_rnscreens.so using class loader ns clns-4 (caller=/data/app/~~sBsV-i0a2qGfwNcjPjV83w==/com.generatormobile-CFMMqEYEs0var1RVQKuSMA==/base.apk): ok
06-24 16:48:17.826 32102 32102 D jni_lib_merge: Entering merged library JNI_OnLoad.
06-24 16:48:17.826 32102 32102 D jni_lib_merge: Preparing 13 pre-merged libs (including stub)
06-24 16:48:17.826 32102 32102 D jni_lib_merge: Preparing to register libfabricjni_so.  onload_func: 0xea2098e9
06-24 16:48:17.826 32102 32102 D jni_lib_merge: Preparing to register libreact_devsupportjni_so.  onload_func: 0xea378601
06-24 16:48:17.826 32102 32102 D jni_lib_merge: Preparing to register libreact_featureflagsjni_so.  onload_func: 0xea385a7d
06-24 16:48:17.826 32102 32102 D jni_lib_merge: Preparing to register libreact_newarchdefaults_so.  onload_func: 0xea3eeaf5
06-24 16:48:17.826 32102 32102 D jni_lib_merge: Preparing to register libreact_tracingjni_so.  onload_func: 0xea5ca8fd
06-24 16:48:17.826 32102 32102 D jni_lib_merge: Preparing to register libreactnativeblob_so.  onload_func: 0xea5d6e35
06-24 16:48:17.826 32102 32102 D jni_lib_merge: Preparing to register libreactnativejni_so.  onload_func: 0xea5ed7f5
06-24 16:48:17.826 32102 32102 D jni_lib_merge: Preparing to register libreactnativejni_common_so.  onload_func: 0xea5f16b5
06-24 16:48:17.826 32102 32102 D jni_lib_merge: Preparing to register librninstance_so.  onload_func: 0xea63efed
06-24 16:48:17.826 32102 32102 D jni_lib_merge: Preparing to register libturbomodulejsijni_so.  onload_func: 0xea716191
06-24 16:48:17.826 32102 32102 D jni_lib_merge: Preparing to register libuimanagerjni_so.  onload_func: 0xea72457d
06-24 16:48:17.826 32102 32102 D jni_lib_merge: Preparing to register libyoga_so.  onload_func: 0xea72e291
06-24 16:48:17.826 32102 32102 D jni_lib_merge: About to register 12 actual methods.
06-24 16:48:17.827  1493  1725 D MultiLinkController: [checkFgApp] onTaskStackChanged package: com.generatormobile
06-24 16:48:17.827  1493  1725 D MultiLinkController: [checkFgApp] onTaskStackChanged package: com.transsion.hilauncher
06-24 16:48:17.827  1493  1725 D MultiLinkController: [checkFgApp] onTaskStackChanged package: com.whatsapp
06-24 16:48:17.827  1493  1725 D MultiLinkController: [checkFgApp] onTaskStackChanged package: com.google.android.gms
06-24 16:48:17.827  1493  1725 D MultiLinkController: [checkFgApp] onTaskStackChanged package: com.sh.smart.caller
06-24 16:48:17.827  1493  1725 D MultiLinkController: [checkFgApp] onTaskStackChanged package: com.solvus_lab.android.BibleFR_lsv
06-24 16:48:17.827  1493  1725 D MultiLinkController: [checkFgApp] onTaskStackChanged package: com.transsion.phoenix
06-24 16:48:17.839 32102 32102 D nativeloader: Load /data/app/~~sBsV-i0a2qGfwNcjPjV83w==/com.generatormobile-CFMMqEYEs0var1RVQKuSMA==/base.apk!/lib/armeabi-v7a/libreact_codegen_safeareacontext.so using class loader ns clns-4 (caller=/data/app/~~sBsV-i0a2qGfwNcjPjV83w==/com.generatormobile-CFMMqEYEs0var1RVQKuSMA==/base.apk): ok
06-24 16:48:17.843 32102 32102 D nativeloader: Load /data/app/~~sBsV-i0a2qGfwNcjPjV83w==/com.generatormobile-CFMMqEYEs0var1RVQKuSMA==/base.apk!/lib/armeabi-v7a/libappmodules.so using class loader ns clns-4 (caller=/data/app/~~sBsV-i0a2qGfwNcjPjV83w==/com.generatormobile-CFMMqEYEs0var1RVQKuSMA==/base.apk): ok
06-24 16:48:17.844 32102 32102 W CheckTime: App running slow: Executing handleBindApplication : callApplicationOnCreate took 435ms
06-24 16:48:17.845  1089 10372 I ActivityManager: Flag disabled. Ignoring finishAttachApplication from uid: 10300. pid: 32102
06-24 16:48:17.845 32102 32102 W generatormobile: Monitor::Inflate: Install failed 0x7281e470
06-24 16:48:17.850 32102 32119 D vulkan  : searching for layers in '/data/app/~~sBsV-i0a2qGfwNcjPjV83w==/com.generatormobile-CFMMqEYEs0var1RVQKuSMA==/lib/arm'
06-24 16:48:17.851 32102 32119 D vulkan  : searching for layers in '/data/app/~~sBsV-i0a2qGfwNcjPjV83w==/com.generatormobile-CFMMqEYEs0var1RVQKuSMA==/base.apk!/lib/armeabi-v7a'
06-24 16:48:17.880 32102 32102 D ActivityThread: ++ activityComponent:com.generatormobile/com.generatormobile.MainActivity counts:1 ALEAK_CLEAR_SUPPORT:true
06-24 16:48:17.908 32102 32102 D AppCompatDelegate: Checking for metadata for AppLocalesMetadataHolderService : Service not found
06-24 16:48:17.998 32102 32102 D nativeloader: Load /data/app/~~sBsV-i0a2qGfwNcjPjV83w==/com.generatormobile-CFMMqEYEs0var1RVQKuSMA==/base.apk!/lib/armeabi-v7a/libhermesvm.so using class loader ns clns-4 (caller=/data/app/~~sBsV-i0a2qGfwNcjPjV83w==/com.generatormobile-CFMMqEYEs0var1RVQKuSMA==/base.apk): ok
06-24 16:48:18.000 32102 32102 D nativeloader: Load /data/app/~~sBsV-i0a2qGfwNcjPjV83w==/com.generatormobile-CFMMqEYEs0var1RVQKuSMA==/base.apk!/lib/armeabi-v7a/libhermestooling.so using class loader ns clns-4 (caller=/data/app/~~sBsV-i0a2qGfwNcjPjV83w==/com.generatormobile-CFMMqEYEs0var1RVQKuSMA==/base.apk): ok
06-24 16:48:18.000 32102 32102 D jni_lib_merge: Entering merged library JNI_OnLoad.
06-24 16:48:18.000 32102 32102 D jni_lib_merge: Preparing 4 pre-merged libs (including stub)
06-24 16:48:18.000 32102 32102 D jni_lib_merge: Preparing to register libhermes_executor_so.  onload_func: 0xea86bb69
06-24 16:48:18.000 32102 32102 D jni_lib_merge: Preparing to register libhermesinstancejni_so.  onload_func: 0xea887901
06-24 16:48:18.000 32102 32102 D jni_lib_merge: Preparing to register libjsijniprofiler_so.  onload_func: 0xea888ca5
06-24 16:48:18.000 32102 32102 D jni_lib_merge: About to register 3 actual methods.
06-24 16:48:18.111 32102 32102 D SensorManager: registerListenerImpl sensor = {Sensor name="acc_mxc4005", vendor="MEMSIC", version=1, type=1, maxRange=78.4532, resolution=0.038326, power=0.17, minDelay=5000}, delayUs = 66667, latencyUs = 0, listener = com.facebook.react.common.ShakeDetector@a5d0b6c
06-24 16:48:18.112   624   624 D SensorHub: SPRD[842]batch::handle[1], flags[0], period_ns[66667000], timeout[0]
06-24 16:48:18.113   624   624 D SensorHub: SPRD[763]setEnable::handle[1], enabled[1]
06-24 16:48:18.135 32102 32136 E AndroidRuntime: FATAL EXCEPTION: AsyncTask #1
06-24 16:48:18.135 32102 32136 E AndroidRuntime: Process: com.generatormobile, PID: 32102
06-24 16:48:18.135 32102 32136 E AndroidRuntime: java.lang.RuntimeException: An error occurred while executing doInBackground()
06-24 16:48:18.135 32102 32136 E AndroidRuntime: 	at android.os.AsyncTask$4.done(AsyncTask.java:415)
06-24 16:48:18.135 32102 32136 E AndroidRuntime: 	at java.util.concurrent.FutureTask.finishCompletion(FutureTask.java:445)
06-24 16:48:18.135 32102 32136 E AndroidRuntime: 	at java.util.concurrent.FutureTask.setException(FutureTask.java:314)
06-24 16:48:18.135 32102 32136 E AndroidRuntime: 	at java.util.concurrent.FutureTask.run(FutureTask.java:333)
06-24 16:48:18.135 32102 32136 E AndroidRuntime: 	at java.util.concurrent.ThreadPoolExecutor.runWorker(ThreadPoolExecutor.java:1100)
06-24 16:48:18.135 32102 32136 E AndroidRuntime: 	at java.util.concurrent.ThreadPoolExecutor$Worker.run(ThreadPoolExecutor.java:624)
06-24 16:48:18.135 32102 32136 E AndroidRuntime: 	at java.lang.Thread.run(Thread.java:1572)
06-24 16:48:18.135 32102 32136 E AndroidRuntime: Caused by: java.lang.IllegalArgumentException: Invalid URL port: " 8081"
06-24 16:48:18.135 32102 32136 E AndroidRuntime: 	at okhttp3.HttpUrl$Builder.parse$okhttp(HttpUrl.kt:1329)
06-24 16:48:18.135 32102 32136 E AndroidRuntime: 	at okhttp3.HttpUrl$Companion.get(HttpUrl.kt:1633)
06-24 16:48:18.135 32102 32136 E AndroidRuntime: 	at okhttp3.Request$Builder.url(Request.kt:184)
06-24 16:48:18.135 32102 32136 E AndroidRuntime: 	at com.facebook.react.packagerconnection.ReconnectingWebSocket.connect(ReconnectingWebSocket.kt:50)
06-24 16:48:18.135 32102 32136 E AndroidRuntime: 	at com.facebook.react.packagerconnection.JSPackagerClient.init(JSPackagerClient.kt:45)
06-24 16:48:18.135 32102 32136 E AndroidRuntime: 	at com.facebook.react.devsupport.DevServerHelper$openPackagerConnection$1.doInBackground(DevServerHelper.kt:188)
06-24 16:48:18.135 32102 32136 E AndroidRuntime: 	at com.facebook.react.devsupport.DevServerHelper$openPackagerConnection$1.doInBackground(DevServerHelper.kt:150)
06-24 16:48:18.135 32102 32136 E AndroidRuntime: 	at android.os.AsyncTask$3.call(AsyncTask.java:394)
06-24 16:48:18.135 32102 32136 E AndroidRuntime: 	at java.util.concurrent.FutureTask.run(FutureTask.java:328)
06-24 16:48:18.135 32102 32136 E AndroidRuntime: 	... 3 more
06-24 16:48:18.140  1089 12784 I TranSuccCrashMgr: handleApplicationJavaCrash
06-24 16:48:18.165  1493  1493 D TranSignalStrengthComponentImpl: [LTE] dbm: -103
06-24 16:48:18.165  1493  1493 D TranSignalStrengthComponentImpl: [LTE] dbm: -103
06-24 16:48:18.167  1493  1708 I TranPhoneInterfaceManager: MPSTCB - onSignalStrengthsChanged
06-24 16:48:18.167  1493  1708 D TranPhoneInterfaceManager: [onSignalStrengthsChanged]
06-24 16:48:18.167  1493  1708 D TranSmartAllocController: mDefaultDataSubId = 5  subId = 5
06-24 16:48:18.167  1493  1708 D TranSmartAllocController: mSupport = true  mBwAllocEnable = true mSimReady =true  mScreenOn =true
06-24 16:48:18.167  1089  1168 D TranSignalStrengthComponentImpl: [LTE] dbm: -103
06-24 16:48:18.168 31245 31481 D TranSignalStrengthComponentImpl: [LTE] dbm: -103
06-24 16:48:18.168  1089 10372 D ActivityManager: Skip enqueue broadcast because no receiver with Intent { act=android.intent.action.SIG_STR flg=0x10 (has extras) }
06-24 16:48:18.169  1493  1493 D TranSignalStrengthComponentImpl: [LTE] dbm: -118
06-24 16:48:18.169  1493  1493 D TranSignalStrengthComponentImpl: [LTE] dbm: -118
06-24 16:48:18.170 23948 23948 D StatusBarIconController: ignoring old pipeline callbacks, because the new mobile icons are enabled
06-24 16:48:18.170  1493  1708 I TranPhoneInterfaceManager: MPSTCB - onSignalStrengthsChanged
06-24 16:48:18.170  1493  1708 D TranPhoneInterfaceManager: [onSignalStrengthsChanged]
06-24 16:48:18.170  1493  1708 D TranSmartAllocController: mDefaultDataSubId = 5  subId = 10
06-24 16:48:18.170  1493  1708 D TranSmartAllocController: mSupport = true  mBwAllocEnable = true mSimReady =true  mScreenOn =true
06-24 16:48:18.170  1089  1168 D TranSignalStrengthComponentImpl: [LTE] dbm: -118
06-24 16:48:18.171  1089 10372 D ActivityManager: Skip enqueue broadcast because no receiver with Intent { act=android.intent.action.SIG_STR flg=0x10 (has extras) }
06-24 16:48:18.171  1493  1493 D UpLinkDataController: onSignalStrengthsChanged
06-24 16:48:18.172  1493  9089 D UpLinkDataController: InitialState.processMessage:2
06-24 16:48:18.172 23948 23948 D StatusBarIconController: ignoring old pipeline callbacks, because the new mobile icons are enabled
06-24 16:48:18.175  1089 12784 D SuccSvc.Util: hash is exist: 65560c30ecda2301819f2f88dd5c0a4d
06-24 16:48:18.175  1089 12784 I TranSuccCrashMgr: cacheCrashInfo [pkgName = com.generatormobile, procName = com.generatormobile, subject = null, hash = 65560c30ecda2301819f2f88dd5c0a4d, crashInfo = application_crash, cache_enable = true
06-24 16:48:18.175  1089 12784 D ActivityManager: crashInfo.exceptionClassName = java.lang.IllegalArgumentException , crashInfo.exceptionMessage = Invalid URL port: " 8081", crashInfo.throwFileName = HttpUrl.kt,crashInfo.throwLineNumber = 1329
06-24 16:48:18.175  1089 12784 D TABE.AppPermissionProof: permission proof speed of 0 mm
06-24 16:48:18.175  1089 12784 I TABE-TranTabeComponentImpl: reprotErrorInfoToTabe eventType=crash
06-24 16:48:18.176  1089 12784 I ActivityManager: isUserAMonkey mUserIsMonkey = false
06-24 16:48:18.176  1089 12784 D TranExceptionReporterComponentImpl: crash isBack = false
06-24 16:48:18.176  1089 12784 D CompetitionModeConfig: sys.apm.competition_mode_config is not support!
06-24 16:48:18.178 13522 13540 I TABE.TABE-MainService: handleIncomingMsgAppAprData
06-24 16:48:18.178 32059 32059 D EngineService: onStartCommand()
06-24 16:48:18.178 32059 32059 D EngineService: mSavePathExceptionDir = /tranfs/SDD/ExceptionReport/
06-24 16:48:18.178  1089 12784 W ActivityTaskManager:   Force finishing activity com.generatormobile/.MainActivity
06-24 16:48:18.178 32059 32059 I EngineService: tranfs availSize = 230
06-24 16:48:18.178 32059 32059 I EngineService: mIsTranFsExist = true
06-24 16:48:18.178 32059 32059 D EngineService: onStartCommand: bootCompleted false
06-24 16:48:18.179   631   631 D PowerHAL: ###Enter interaction_launch scene bgn###
06-24 16:48:18.179   631   631 D PowerHAL: Enter common_set: enable:1, duration: 0, /sys/devices/system/cpu/cpufreq/policy0/scaling_min_freq: 1820000
06-24 16:48:18.179   631   631 D PowerHAL: Enter set_cluster_freqs_max_min: 
06-24 16:48:18.179   631   631 D PowerHAL: Enter common_set: enable:1, duration: 0, /sys/devices/system/cpu/cpufreq/policy0/scaling_max_freq: 1820000
06-24 16:48:18.179   631   631 D PowerHAL: Enter set_cluster_freqs_max_min: 
06-24 16:48:18.179   631   631 D PowerHAL: Enter common_set: enable:1, duration: 0, /sys/devices/system/cpu/cpufreq/policy6/scaling_min_freq: 2028000
06-24 16:48:18.179   631   631 D PowerHAL: Enter set_cluster_freqs_max_min: 
06-24 16:48:18.179   631   631 D PowerHAL: Enter common_set: enable:1, duration: 0, /sys/devices/system/cpu/cpufreq/policy6/scaling_max_freq: 2028000
06-24 16:48:18.179   631   631 D PowerHAL: Enter set_cluster_freqs_max_min: 
06-24 16:48:18.179   631   631 D PowerHAL: Enter devfreq_ddr_set: enable:1, duration: 0, /sys/class/devfreq/scene-frequency/sprd-governor/scene_boost_dfs: max
06-24 16:48:18.179   631   631 D PowerHAL: Enter common_subsys_set: enable:1, duration: 0, subsys:uclamp: conf_5:7
06-24 16:48:18.179   631   631 D PowerHAL: Enter common_subsys_set_current_config: 
06-24 16:48:18.180 13522 13537 I TABE.CrashHandler: FGTag[0,3]
06-24 16:48:18.180  1089 12784 D os.fingerprint: onTaskMovedToFront Task{de70250 #2 type=home A=10176:com.transsion.hilauncher.task.Launcher}
06-24 16:48:18.180  1089 12784 D os.fingerprint: activityComponent = ComponentInfo{com.transsion.hilauncher/com.android.quickstep.src.com.android.launcher3.uioverrides.QuickstepLauncher} inMultiWindow = false
06-24 16:48:18.180 23948 24025 V WindowManagerShell: Transition requested: android.os.BinderProxy@55fee TransitionRequestInfo { type = CLOSE, triggerTask = null, remoteTransition = null, displayChange = null }
06-24 16:48:18.180  1089 12784 D os.fingerprint: onUpdateFocusedApp oldPackageName:null oldComponent:null newPackageName:com.transsion.hilauncher newComponent:ComponentInfo{com.transsion.hilauncher/com.android.quickstep.src.com.android.launcher3.uioverrides.QuickstepLauncher} mFm :android.hardware.fingerprint.FingerprintManager@8a65b18
06-24 16:48:18.181   631   631 D PowerHAL: ###Enter interaction_launch scene end###
06-24 16:48:18.181  1089 12784 D WindowManager: setFocusedApp mFocusedApp = ActivityRecord{38b0013 u0 com.transsion.hilauncher/com.android.quickstep.src.com.android.launcher3.uioverrides.QuickstepLauncher t2 d0}displayId = 0Callers = com.android.server.wm.ActivityTaskManagerService.setLastResumedActivityUncheckLocked:5349 com.android.server.wm.ActivityRecord.moveFocusableActivityToTop:3653 com.android.server.wm.TaskDisplayArea.moveHomeActivityToTop:1605 com.android.server.wm.Task.adjustFocusToNextFocusableTask:2502 
06-24 16:48:18.181  1089 12784 D InputDispatcher: setFocusedApplication displayId=0 ActivityRecord{38b0013 u0 com.transsion.hilauncher/com.android.quickstep.src.com.android.launcher3.uioverrides.QuickstepLauncher t2 d0}
06-24 16:48:18.184  1089 12784 D WindowManager: isSupportDynamicNavbar user0, navBarMode = 2, is3buttonModeNavbar = false
06-24 16:48:18.187 32102 32136 I Process : Sending signal. PID: 32102 SIG: 9
06-24 16:48:18.192  1089  1141 I DisplayDeviceRepository: Display device changed: DisplayDeviceInfo{"├ēcran int├®gr├®": uniqueId="local:4619827259835644672", 720 x 1612, modeId 2, renderFrameRate 90.0, defaultModeId 2, supportedModes [{id=1, width=720, height=1612, fps=60.0, alternativeRefreshRates=[90.0], supportedHdrTypes=[]}, {id=2, width=720, height=1612, fps=90.0, alternativeRefreshRates=[60.0], supportedHdrTypes=[]}], colorMode 0, supportedColorModes [0], hdrCapabilities HdrCapabilities{mSupportedHdrTypes=[], mMaxLuminance=500.0, mMaxAverageLuminance=500.0, mMinLuminance=0.0}, allmSupported false, gameContentTypeSupported false, density 320, 268.941 x 269.373 dpi, appVsyncOff 2000000, presDeadline 11111111, cutout DisplayCutout{insets=Rect(0, 80 - 0, 0) waterfall=Insets{left=0, top=0, right=0, bottom=0} boundingRect={Bounds=[Rect(0, 0 - 0, 0), Rect(312, 0 - 408, 80), Rect(0, 0 - 0, 0), Rect(0, 0 - 0, 0)]} cutoutPathParserInfo={CutoutPathParserInfo{displayWidth=720 displayHeight=1612 physicalDisplayWidth=720 physicalDisplayHeight=1612 density={2.0} cutoutSpec={M -24,0 L -24,40 L 24,40 L 24,0 Z @dp} rotation={0} scale={1.0} physicalPixelDisplaySizeRatio={1.0}}}}, touch INTERNAL, rotation 0, type INTERNAL, address {port=0, model=0x401cec6a7a2b7b}, deviceProductInfo DeviceProductInfo{name=EMU_display_0, manufacturerPnpId=GGL, productId=1, modelYear=null, manufactureDate=ManufactureDate{week=27, year=2006}, connectionToSinkType=0}, state ON, committedState ON, frameRateOverride , brightnessMinimum 0.0, brightnessMaximum 1.0, brightnessDefault 0.38188976, hdrSdrRatio NaN, FLAG_ALLOWED_TO_BE_DEFAULT_DISPLAY, FLAG_ROTATES_WITH_CONTENT, FLAG_SECURE, FLAG_SUPPORTS_PROTECTED_BUFFERS, FLAG_TRUSTED, installOrientation 0, displayShape DisplayShape{ spec=-1329894761 displayWidth=720 displayHeight=1612 physicalPixelDisplaySizeRatio=1.0 rotation=0 offsetX=0 offsetY=0 scale=1.0}}
06-24 16:48:18.194  1089  1141 D Griffin/DeviceState: virtualDisplayPackageName :{}
06-24 16:48:18.196  1089  1142 D WindowManager: isSupportDynamicNavbar user0, navBarMode = 2, is3buttonModeNavbar = false
06-24 16:48:18.198 13522 13537 E TABE    : Check DelDexOat: Icon Package com.generatormobile CRASH 7
06-24 16:48:18.199   649   649 I BpBinder: onLastStrongRef automatically unlinking death recipients: 
06-24 16:48:18.200   621   621 I DPUModule: DpuR5P0::checkLayerFormat <149>: checkLayerFormat: Format(1)
06-24 16:48:18.200   621   621 I DPUModule: DpuR5P0::checkTransform <44>: checkTransform: Transform(0), SRCRect(0,0)
06-24 16:48:18.200   621   621 I DPUModule: DpuR5P0::checkAFBCBlockSize <105>: checkAFBCBlockSize: compressed(1),format(1), pitch(720), vstride(1616)
06-24 16:48:18.200   621   621 I DPUModule: DpuR5P0::checkLayerFormat <149>: checkLayerFormat: Format(1)
06-24 16:48:18.200   621   621 I DPUModule: DpuR5P0::checkTransform <44>: checkTransform: Transform(0), SRCRect(0,0)
06-24 16:48:18.200   621   621 I DPUModule: DpuR5P0::checkAFBCBlockSize <105>: checkAFBCBlockSize: compressed(1),format(1), pitch(720), vstride(80)
06-24 16:48:18.200   621   621 I DPUModule: DpuR5P0::checkLayerFormat <149>: checkLayerFormat: Format(1)
06-24 16:48:18.200   621   621 I DPUModule: DpuR5P0::checkTransform <44>: checkTransform: Transform(0), SRCRect(0,0)
06-24 16:48:18.200   621   621 I DPUModule: DpuR5P0::checkAFBCBlockSize <105>: checkAFBCBlockSize: compressed(1),format(1), pitch(720), vstride(80)
06-24 16:48:18.200   621   621 D DPUModule: [©┤Č #] support: 0
06-24 16:48:18.208 13522 13537 I TABE    : NOT trigger : User version NOT TOP App:com.generatormobile
06-24 16:48:18.209 13522 13537 I TABE.CrashHandler: Exception Info{Name='TempProject', Pkg='com.generatormobile', EType='crash', ProcessType='data_app', EClassName='java.lang.IllegalArgumentException', EMessage='Invalid URL port: " 8081"', IsFG=1, TimeStamp='2026-06-24 16:48:18', Version='1.0', Installer='unk', LastUpdate=2026-06-24 16:46, Abi='armeabi-v7a'} ,isApp=true ,crashsplit=false
06-24 16:48:18.214  1089  1128 I ActivityManager: Process com.generatormobile (pid 32102) has died: fg  TOP 
06-24 16:48:18.214   624   624 D SensorHub: SPRD[763]setEnable::handle[1], enabled[0]
06-24 16:48:18.214  1089  1128 D CompetitionModeConfig: sys.apm.competition_mode_config is not support!
06-24 16:48:18.214  1089  1164 I libprocessgroup: Successfully killed process cgroup uid 10300 pid 32102 in 0ms
06-24 16:48:18.214  1089  1128 D Griffin/ComponentManager: Limit start proc:com.generatormobile restart for 3rd-normal
06-24 16:48:18.215  1089  1128 D os.ActivityManagerServiceLice: make process inactive com.generatormobile(32102)
06-24 16:48:18.215   611   611 I Zygote  : Process 32102 exited due to signal 9 (Killed)
06-24 16:48:18.216  1089  1139 D DisplayManagerService: Drop pending events for gone uid 10300
06-24 16:48:18.217  1089  1128 D os.fingerprint: onActivityResume next:ActivityRecord{38b0013 u0 com.transsion.hilauncher/com.android.quickstep.src.com.android.launcher3.uioverrides.QuickstepLauncher t2 d0}
06-24 16:48:18.217  1089  1128 D os.fingerprint: activityComponent = ComponentInfo{com.transsion.hilauncher/com.android.quickstep.src.com.android.launcher3.uioverrides.QuickstepLauncher} inMultiWindow = false
06-24 16:48:18.218  1089  1128 D os.fingerprint: onActivityResume next:ActivityRecord{38b0013 u0 com.transsion.hilauncher/com.android.quickstep.src.com.android.launcher3.uioverrides.QuickstepLauncher t2 d0}
06-24 16:48:18.218  1089  1128 D os.fingerprint: activityComponent = ComponentInfo{com.transsion.hilauncher/com.android.quickstep.src.com.android.launcher3.uioverrides.QuickstepLauncher} inMultiWindow = false
06-24 16:48:18.220  1089  1486 W libc    : Access denied finding property "ro.vendor.pnpmgr.game.record"
06-24 16:48:18.220  1089  1486 W libc    : Access denied finding property "ro.vendor.pnpmgr.touch.ctl"
06-24 16:48:18.220  1089  1150 D TranMemfusionComponentImpl: dispatch clean index=25
06-24 16:48:18.220  1089  1150 D Memfusion|Compaction: doMemFusion - 2, isAppCompactOpened : false
06-24 16:48:18.220  1089  1128 V WindowManager: Home orientation is SCREEN_ORIENTATION_PORTRAIT ,rotation=ROTATION_0 ,current sensor rotation=-1 for split screen
06-24 16:48:18.216  1089  1089 W com.transsion.p: type=1400 audit(0.0:141262): avc:  denied  { read } for  name="u:object_r:vendor_default_prop:s0" dev="tmpfs" ino=429 scontext=u:r:system_server:s0 tcontext=u:object_r:vendor_default_prop:s0 tclass=file permissive=0
06-24 16:48:18.216  1089  1089 W com.transsion.p: type=1400 audit(0.0:141263): avc:  denied  { read } for  name="u:object_r:vendor_default_prop:s0" dev="tmpfs" ino=429 scontext=u:r:system_server:s0 tcontext=u:object_r:vendor_default_prop:s0 tclass=file permissive=0
06-24 16:48:18.222  1089  1128 D WindowManager: isSupportDynamicNavbar user0, navBarMode = 2, is3buttonModeNavbar = false
06-24 16:48:18.225  1089  1997 D WindowManager: isSupportDynamicNavbar user0, navBarMode = 2, is3buttonModeNavbar = false
