06-24 16:48:12.353 23948 24025 V WindowManagerShell: Transition requested: android.os.BinderProxy@5a55ff7 TransitionRequestInfo { type = OPEN, triggerTask = TaskInfo{userId=0 taskId=250 displayId=0 isRunning=true baseIntent=Intent { act=android.intent.action.MAIN cat=[android.intent.category.LAUNCHER] flg=0x10200000 cmp=com.generatormobile/.MainActivity } baseActivity=ComponentInfo{com.generatormobile/com.generatormobile.MainActivity} topActivity=ComponentInfo{com.generatormobile/com.generatormobile.MainActivity} origActivity=null realActivity=ComponentInfo{com.generatormobile/com.generatormobile.MainActivity} numActivities=1 lastActiveTime=114255107 supportsMultiWindow=false resizeMode=1 isResizeable=true minWidth=-1 minHeight=-1 defaultMinSize=110 token=WCT{android.window.IWindowContainerToken$Stub$Proxy@ab14e64} topActivityType=1 pictureInPictureParams=null shouldDockBigOverlays=false launchIntoPipHostTaskId=-1 lastParentTaskIdBeforePip=-1 displayCutoutSafeInsets=Rect(0, 80 - 0, 0) topActivityInfo=ActivityInfo{8b908cd com.generatormobile.MainActivity} launchCookies=[] positionInParent=Point(0, 0) parentTaskId=-1 isFocused=false isVisible=false isVisibleRequested=false isSleeping=false topActivityInSizeCompat=false topActivityEligibleForLetterboxEducation= false topActivityLetterboxed= false isFromDoubleTap= false topActivityLetterboxVerticalPosition= -1 topActivityLetterboxHorizontalPosition= -1 topActivityLetterboxWidth=-1 topActivityLetterboxHeight=-1 locusId=null displayAreaFeatureId=1 cameraCompatControlState=hidden}, remoteTransition = null, displayChange = null }
06-24 16:48:12.354 17969 17969 D OxygenKolunLoader: new OxygenKolunLoader
06-24 16:48:12.354 17969 29840 W ApiInvoke: OxygenBusService1.2.153: OxygenBusCallable call start oxygenBusService
06-24 16:48:12.358  1089  1141 D ActivityManager: PROFILE_FROM_SHELL is disabled for ProcessRecord{34a8e3f 0:com.generatormobile/u0a300}
06-24 16:48:12.360  1089  1141 D CompatibilityChangeReporter: Compat change id reported: 135634846; UID 10300; state: DISABLED
06-24 16:48:12.360   621   621 I DPUModule: DpuR5P0::checkLayerFormat <149>: checkLayerFormat: Format(1)
06-24 16:48:12.360   621   621 I DPUModule: DpuR5P0::checkTransform <44>: checkTransform: Transform(0), SRCRect(0,0)
06-24 16:48:12.360   621   621 I DPUModule: DpuR5P0::checkAFBCBlockSize <105>: checkAFBCBlockSize: compressed(1),format(1), pitch(1152), vstride(1616)
06-24 16:48:12.360   621   621 I DPUModule: DpuR5P0::checkLayerFormat <149>: checkLayerFormat: Format(1)
06-24 16:48:12.360   621   621 I DPUModule: DpuR5P0::checkTransform <44>: checkTransform: Transform(0), SRCRect(0,0)
06-24 16:48:12.360   621   621 I DPUModule: DpuR5P0::checkAFBCBlockSize <105>: checkAFBCBlockSize: compressed(1),format(1), pitch(720), vstride(1616)
06-24 16:48:12.360   621   621 I DPUModule: DpuR5P0::checkLayerFormat <149>: checkLayerFormat: Format(1)
06-24 16:48:12.360   621   621 I DPUModule: DpuR5P0::checkTransform <44>: checkTransform: Transform(0), SRCRect(0,0)
06-24 16:48:12.360   621   621 I DPUModule: DpuR5P0::checkAFBCBlockSize <105>: checkAFBCBlockSize: compressed(1),format(1), pitch(720), vstride(80)
06-24 16:48:12.360   621   621 I DPUModule: DpuR5P0::checkLayerFormat <149>: checkLayerFormat: Format(1)
06-24 16:48:12.360   621   621 I DPUModule: DpuR5P0::checkTransform <44>: checkTransform: Transform(0), SRCRect(0,0)
06-24 16:48:12.360   621   621 I DPUModule: DpuR5P0::checkAFBCBlockSize <105>: checkAFBCBlockSize: compressed(1),format(1), pitch(720), vstride(80)
06-24 16:48:12.360   621   621 D DPUModule: [©┤Č #] support: 0
06-24 16:48:12.361  1089  1163 D CompatibilityChangeReporter: Compat change id reported: 143937733; UID 10300; state: ENABLED
06-24 16:48:12.361 17969 29840 E ActivityThread: Failed to find provider info for com.transsion.kolun.oxygenbus2.serviceBinder
06-24 16:48:12.362 17969 29840 W ApiInvoke: OxygenBusService1.2.153: OxygenBusCallable call end oxygenBusService
06-24 16:48:12.362 17969 17969 W ApiInvoke: OxygenBusService1.2.153: =============>>>> currentOxygenBusServer IBinder = null or not alive
06-24 16:48:12.362 17969 17969 D KolunLoader: OxygenKolunLoader fail
06-24 16:48:12.363 17969 17969 W Kolun.Kolun: service is not ready or feature not supported java.lang.NullPointerException: Attempt to invoke interface method 'android.os.IBinder l.d.l.a.l0(java.lang.String, java.lang.String)' on a null object reference
06-24 16:48:12.363 17969 17969 D KolunLoader: AidlKolunLoader fail
06-24 16:48:12.364 17969 17969 D SharedPreferencesPolicy: checkFinishers msg.what :159,msg.obj:android.app.servertransaction.ClientTransaction@111019b5
06-24 16:48:12.365  1089  1225 D CompetitionModeConfig: sys.apm.competition_mode_config is not support!
06-24 16:48:12.366 17969 17969 D SharedPreferencesPolicy: checkFinishers msg.what :159,msg.obj:android.app.servertransaction.ClientTransaction@f7bbba70
06-24 16:48:12.367  1089  1225 V BroadcastQueue: Enqueuing BroadcastRecord{263cf5b com.android.launcher3.action.LAUNCH/u0} from uid 10176 pid 17969 for 2 receivers
06-24 16:48:12.369  1089  4237 D os.fingerprint: onActivityResume next:ActivityRecord{26266e3 u0 com.generatormobile/.MainActivity t250 d0}
06-24 16:48:12.369  1089  4237 D os.fingerprint: activityComponent = ComponentInfo{com.generatormobile/com.generatormobile.MainActivity} inMultiWindow = false
06-24 16:48:12.370   649   649 I BpBinder: onLastStrongRef automatically unlinking death recipients: 
06-24 16:48:12.371   621   621 I DPUModule: DpuR5P0::checkLayerFormat <149>: checkLayerFormat: Format(1)
06-24 16:48:12.371   621   621 I DPUModule: DpuR5P0::checkTransform <44>: checkTransform: Transform(0), SRCRect(0,0)
06-24 16:48:12.371   621   621 I DPUModule: DpuR5P0::checkAFBCBlockSize <105>: checkAFBCBlockSize: compressed(1),format(1), pitch(1152), vstride(1616)
06-24 16:48:12.371   621   621 I DPUModule: DpuR5P0::checkLayerFormat <149>: checkLayerFormat: Format(1)
06-24 16:48:12.371   621   621 I DPUModule: DpuR5P0::checkTransform <44>: checkTransform: Transform(0), SRCRect(0,0)
06-24 16:48:12.371   621   621 I DPUModule: DpuR5P0::checkAFBCBlockSize <105>: checkAFBCBlockSize: compressed(1),format(1), pitch(720), vstride(1616)
06-24 16:48:12.371   621   621 I DPUModule: DpuR5P0::checkLayerFormat <149>: checkLayerFormat: Format(1)
06-24 16:48:12.371   621   621 I DPUModule: DpuR5P0::checkTransform <44>: checkTransform: Transform(0), SRCRect(0,0)
06-24 16:48:12.371   621   621 I DPUModule: DpuR5P0::checkAFBCBlockSize <105>: checkAFBCBlockSize: compressed(1),format(1), pitch(720), vstride(80)
06-24 16:48:12.371   621   621 I DPUModule: DpuR5P0::checkLayerFormat <149>: checkLayerFormat: Format(1)
06-24 16:48:12.371   621   621 I DPUModule: DpuR5P0::checkTransform <44>: checkTransform: Transform(0), SRCRect(0,0)
06-24 16:48:12.371   621   621 I DPUModule: DpuR5P0::checkAFBCBlockSize <105>: checkAFBCBlockSize: compressed(1),format(1), pitch(720), vstride(80)
06-24 16:48:12.371   621   621 D DPUModule: [©┤Č #] support: 0
06-24 16:48:12.371  1089  4237 D WindowManager: isSupportDynamicNavbar user0, navBarMode = 2, is3buttonModeNavbar = false
06-24 16:48:12.373   611   611 D Zygote  : Forked child process 31916
06-24 16:48:12.374  1089  1163 I ActivityManager: Start proc 31916:com.generatormobile/u0a300 for next-top-activity {com.generatormobile/com.generatormobile.MainActivity}
06-24 16:48:12.374  1089  1225 D CoreBackPreview: Window{8e05455 u0 Splash Screen com.generatormobile}, [type=3]*noSurface: Setting back callback OnBackInvokedCallbackInfo{mCallback=android.window.IOnBackInvokedCallback$Stub$Proxy@90f33f8, mPriority=0, mIsAnimationCallback=false}
06-24 16:48:12.376  1089  1141 W ProcessStats: Tracking association SourceState{f61349 com.android.phone/1001 Persist #679038} whose proc state 0 is better than process ProcessState{3d63f25 com.spreadtrum.ims/1001 pkg=com.spreadtrum.ims} proc state 5 (17 skipped)
06-24 16:48:12.379  1089 10372 D WindowManager: isSupportDynamicNavbar user0, navBarMode = 2, is3buttonModeNavbar = false
06-24 16:48:12.382  1089 10372 D WindowManager: isSupportDynamicNavbar user0, navBarMode = 2, is3buttonModeNavbar = false
06-24 16:48:12.382  1089 10372 I WindowManager: Input focus has changed to null from 7ccd9f2 com.transsion.hilauncher/com.android.quickstep.src.com.android.launcher3.uioverrides.QuickstepLauncher mDisplayId 0 updateInputWindows true
06-24 16:48:12.382   621   621 I DPUModule: DpuR5P0::checkLayerFormat <149>: checkLayerFormat: Format(1)
06-24 16:48:12.382   621   621 I DPUModule: DpuR5P0::checkTransform <44>: checkTransform: Transform(0), SRCRect(0,0)
06-24 16:48:12.382   621   621 I DPUModule: DpuR5P0::checkAFBCBlockSize <105>: checkAFBCBlockSize: compressed(1),format(1), pitch(1152), vstride(1616)
06-24 16:48:12.382   621   621 I DPUModule: DpuR5P0::checkLayerFormat <149>: checkLayerFormat: Format(1)
06-24 16:48:12.382   621   621 I DPUModule: DpuR5P0::checkTransform <44>: checkTransform: Transform(0), SRCRect(0,0)
06-24 16:48:12.382   621   621 I DPUModule: DpuR5P0::checkAFBCBlockSize <105>: checkAFBCBlockSize: compressed(1),format(1), pitch(720), vstride(1616)
06-24 16:48:12.382   621   621 I DPUModule: DpuR5P0::checkLayerFormat <149>: checkLayerFormat: Format(1)
06-24 16:48:12.382   621   621 I DPUModule: DpuR5P0::checkTransform <44>: checkTransform: Transform(0), SRCRect(0,0)
06-24 16:48:12.382   621   621 I DPUModule: DpuR5P0::checkAFBCBlockSize <105>: checkAFBCBlockSize: compressed(1),format(1), pitch(720), vstride(80)
06-24 16:48:12.382   621   621 I DPUModule: DpuR5P0::checkLayerFormat <149>: checkLayerFormat: Format(1)
06-24 16:48:12.382   621   621 I DPUModule: DpuR5P0::checkTransform <44>: checkTransform: Transform(0), SRCRect(0,0)
06-24 16:48:12.382   621   621 I DPUModule: DpuR5P0::checkAFBCBlockSize <105>: checkAFBCBlockSize: compressed(1),format(1), pitch(720), vstride(80)
06-24 16:48:12.382   621   621 D DPUModule: [©┤Č #] support: 0
06-24 16:48:12.382  1089 10372 D UnisocDisplayJamMonitorImpl: Switch focus to null.
06-24 16:48:12.389   620   710 I mali_gralloc: allocate: id=26c00008b31, hal_format=RGBA8888, mali_format=RGBA8888, afbc=SPLIT, usage=GPU_RW|HWC, size=720x1612(4727808), stride=720, name=VRI[generatormobile]#12(BLAST Consumer)12
06-24 16:48:12.389 23948 31917 D mali_gralloc: register: id=26c00008b31, handle=0xea0187a0, importpid=-1, gRegisteredHandles=18
06-24 16:48:12.393   621   621 I DPUModule: DpuR5P0::checkLayerFormat <149>: checkLayerFormat: Format(1)
06-24 16:48:12.393   621   621 I DPUModule: DpuR5P0::checkTransform <44>: checkTransform: Transform(0), SRCRect(0,0)
06-24 16:48:12.393   621   621 I DPUModule: DpuR5P0::checkAFBCBlockSize <105>: checkAFBCBlockSize: compressed(1),format(1), pitch(1152), vstride(1616)
06-24 16:48:12.393   621   621 I DPUModule: DpuR5P0::checkLayerFormat <149>: checkLayerFormat: Format(1)
06-24 16:48:12.393   621   621 I DPUModule: DpuR5P0::checkTransform <44>: checkTransform: Transform(0), SRCRect(0,0)
06-24 16:48:12.393   621   621 I DPUModule: DpuR5P0::checkAFBCBlockSize <105>: checkAFBCBlockSize: compressed(1),format(1), pitch(720), vstride(1616)
06-24 16:48:12.393   621   621 I DPUModule: DpuR5P0::checkLayerFormat <149>: checkLayerFormat: Format(1)
06-24 16:48:12.393   621   621 I DPUModule: DpuR5P0::checkTransform <44>: checkTransform: Transform(0), SRCRect(0,0)
06-24 16:48:12.393   621   621 I DPUModule: DpuR5P0::checkAFBCBlockSize <105>: checkAFBCBlockSize: compressed(1),format(1), pitch(720), vstride(80)
06-24 16:48:12.393   621   621 I DPUModule: DpuR5P0::checkLayerFormat <149>: checkLayerFormat: Format(1)
06-24 16:48:12.393   621   621 I DPUModule: DpuR5P0::checkTransform <44>: checkTransform: Transform(0), SRCRect(0,0)
06-24 16:48:12.393   621   621 I DPUModule: DpuR5P0::checkAFBCBlockSize <105>: checkAFBCBlockSize: compressed(1),format(1), pitch(720), vstride(80)
06-24 16:48:12.393   621   621 D DPUModule: [©┤Č #] support: 0
06-24 16:48:12.393 31916 31916 I generatormobile: Late-enabling -Xcheck:jni
06-24 16:48:12.394   620   710 I mali_gralloc: allocate: id=26c00008b32, hal_format=RGBA8888, mali_format=RGBA8888, afbc=SPLIT, usage=GPU_RW|HWC, size=720x1612(4727808), stride=720, name=VRI[generatormobile]#12(BLAST Consumer)12
06-24 16:48:12.394 23948 31917 D mali_gralloc: register: id=26c00008b32, handle=0xea019ae0, importpid=-1, gRegisteredHandles=19
06-24 16:48:12.398   620   710 I mali_gralloc: allocate: id=26c00008b33, hal_format=RGBA8888, mali_format=RGBA8888, afbc=SPLIT, usage=GPU_RW|HWC, size=720x1612(4727808), stride=720, name=VRI[generatormobile]#12(BLAST Consumer)12
06-24 16:48:12.398 23948 31917 D mali_gralloc: register: id=26c00008b33, handle=0xea019bc0, importpid=-1, gRegisteredHandles=20
06-24 16:48:12.399   649  2249 D mali_gralloc: register: id=26c00008b31, handle=0xf36106a0, importpid=23948, gRegisteredHandles=16
06-24 16:48:12.401   620   710 I mali_gralloc: allocate: id=26c00008b34, hal_format=RGBA8888, mali_format=RGBA8888, afbc=SPLIT, usage=GPU_RW|HWC, size=720x1612(4727808), stride=720, name=VRI[generatormobile]#12(BLAST Consumer)12
06-24 16:48:12.401  1089  4237 D WindowManager: finishDrawingLocked: merge with mWin.mSyncTransaction!!! ,mWin = Window{8e05455 u0 Splash Screen com.generatormobile}, [type=3]-[Surface(name=*Title#19516)/@0x34b9736, shown=false, alpha=0.0, windowType=3] ,inputHandle = 8e05455 Splash Screen com.generatormobile, frame=[0,0,0,0], touchableRegion=SkRegion((0,0,720,1612)), scaleFactor=1.0, transform=null, windowToken=android.os.BinderProxy@1cff30c, displayId=0, isClone=false, packageName=com.generatormobile, ownerPid=23948, touchableRegionSurfaceControl=java.lang.ref.WeakReference@9060637, replaceTouchableRegionWithCrop=false, changed=false
06-24 16:48:12.401 23948 31917 D mali_gralloc: register: id=26c00008b34, handle=0xea019ca0, importpid=-1, gRegisteredHandles=21
06-24 16:48:12.402  1089  1142 D WindowManager: isSupportDynamicNavbar user0, navBarMode = 2, is3buttonModeNavbar = false
06-24 16:48:12.404  1089  1142 D BLASTSyncEngine: transition TransitionRecord{2ff97a4 id=1562 type=OPEN flags=0x0} isAuthenticateSucceed false
06-24 16:48:12.405   621   621 I DPUModule: DpuR5P0::checkLayerFormat <149>: checkLayerFormat: Format(1)
06-24 16:48:12.405   621   621 I DPUModule: DpuR5P0::checkTransform <44>: checkTransform: Transform(0), SRCRect(0,0)
06-24 16:48:12.405   621   621 I DPUModule: DpuR5P0::checkAFBCBlockSize <105>: checkAFBCBlockSize: compressed(1),format(1), pitch(1152), vstride(1616)
06-24 16:48:12.405   621   621 I DPUModule: DpuR5P0::checkLayerFormat <149>: checkLayerFormat: Format(1)
06-24 16:48:12.405   621   621 I DPUModule: DpuR5P0::checkTransform <44>: checkTransform: Transform(0), SRCRect(0,0)
06-24 16:48:12.405   621   621 I DPUModule: DpuR5P0::checkAFBCBlockSize <105>: checkAFBCBlockSize: compressed(1),format(1), pitch(720), vstride(1616)
06-24 16:48:12.405   621   621 I DPUModule: DpuR5P0::checkLayerFormat <149>: checkLayerFormat: Format(1)
06-24 16:48:12.405   621   621 I DPUModule: DpuR5P0::checkTransform <44>: checkTransform: Transform(0), SRCRect(0,0)
06-24 16:48:12.405   621   621 I DPUModule: DpuR5P0::checkAFBCBlockSize <105>: checkAFBCBlockSize: compressed(1),format(1), pitch(720), vstride(80)
06-24 16:48:12.405   621   621 I DPUModule: DpuR5P0::checkLayerFormat <149>: checkLayerFormat: Format(1)
06-24 16:48:12.405   621   621 I DPUModule: DpuR5P0::checkTransform <44>: checkTransform: Transform(0), SRCRect(0,0)
06-24 16:48:12.405   621   621 I DPUModule: DpuR5P0::checkAFBCBlockSize <105>: checkAFBCBlockSize: compressed(1),format(1), pitch(720), vstride(80)
06-24 16:48:12.405   621   621 D DPUModule: [©┤Č #] support: 0
06-24 16:48:12.409  1089  1138 V WindowManager: Sent Transition #1562 createdAt=06-24 16:48:12.332 via request=TransitionRequestInfo { type = OPEN, triggerTask = TaskInfo{userId=0 taskId=250 displayId=0 isRunning=true baseIntent=Intent { act=android.intent.action.MAIN cat=[android.intent.category.LAUNCHER] flg=0x10200000 cmp=com.generatormobile/.MainActivity } baseActivity=ComponentInfo{com.generatormobile/com.generatormobile.MainActivity} topActivity=ComponentInfo{com.generatormobile/com.generatormobile.MainActivity} origActivity=null realActivity=ComponentInfo{com.generatormobile/com.generatormobile.MainActivity} numActivities=1 lastActiveTime=114255107 supportsMultiWindow=false resizeMode=1 isResizeable=true minWidth=-1 minHeight=-1 defaultMinSize=110 token=WCT{RemoteToken{42aced3 Task{5d128e0 #250 type=standard A=10300:com.generatormobile}}} topActivityType=1 pictureInPictureParams=null shouldDockBigOverlays=false launchIntoPipHostTaskId=-1 lastParentTaskIdBeforePip=-1 displayCutoutSafeInsets=Rect(0, 80 - 0, 0) topActivityInfo=ActivityInfo{b708a10 com.generatormobile.MainActivity} launchCookies=[] positionInParent=Point(0, 0) parentTaskId=-1 isFocused=false isVisible=false isVisibleRequested=false isSleeping=false topActivityInSizeCompat=false topActivityEligibleForLetterboxEducation= false topActivityLetterboxed= false isFromDoubleTap= false topActivityLetterboxVerticalPosition= -1 topActivityLetterboxHorizontalPosition= -1 topActivityLetterboxWidth=-1 topActivityLetterboxHeight=-1 locusId=null displayAreaFeatureId=1 cameraCompatControlState=hidden}, remoteTransition = null, displayChange = null }
06-24 16:48:12.409  1089  1138 V WindowManager:     startWCT=WindowContainerTransaction { changes = {} hops = [] errorCallbackToken=null taskFragmentOrganizer=null }
06-24 16:48:12.409  1089  1138 V WindowManager:     info={id=1562 t=OPEN f=0x0 trk=0 r=[0@Point(0, 0)] c=[{WCT{RemoteToken{42aced3 Task{5d128e0 #250 type=standard A=10300:com.generatormobile}}} m=OPEN f=NONE leash=Surface(name=Task=250#19513)/@0x3dfb90d sb=Rect(0, 0 - 720, 1612) eb=Rect(0, 0 - 720, 1612) d=0},{WCT{RemoteToken{efe7451 Task{40af44 #1 type=home}}} m=TO_BACK f=SHOW_WALLPAPER leash=Surface(name=Task=1#19329)/@0x80e3738 sb=Rect(0, 0 - 720, 1612) eb=Rect(0, 0 - 720, 1612) d=0}]}
06-24 16:48:12.410 23948 24025 V WindowManagerShell: onTransitionReady android.os.BinderProxy@5a55ff7: {id=1562 t=OPEN f=0x0 trk=0 r=[0@Point(0, 0)] c=[{WCT{android.window.IWindowContainerToken$Stub$Proxy@d64e62c} m=OPEN f=NONE leash=Surface(name=Task=250#19513)/@0x5c91239 sb=Rect(0, 0 - 720, 1612) eb=Rect(0, 0 - 720, 1612) d=0},{WCT{android.window.IWindowContainerToken$Stub$Proxy@41f98f5} m=TO_BACK f=SHOW_WALLPAPER leash=Surface(name=Task=1#19329)/@0xb40507e sb=Rect(0, 0 - 720, 1612) eb=Rect(0, 0 - 720, 1612) d=0}]}
06-24 16:48:12.410 23948 24025 D ShellTransitions: setupStartState hide:Surface(name=Task=1#19329)/@0xb40507e
06-24 16:48:12.410 23948 24025 D ShellTransitions: setupStartState setAlpha 0.f:Surface(name=Task=250#19513)/@0x5c91239
06-24 16:48:12.410 23948 24025 V WindowManagerShell: Playing animation for (#1562)android.os.BinderProxy@5a55ff7@0
06-24 16:48:12.411 23948 24025 V WindowManagerShell:  try handler com.android.wm.shell.keyguard.KeyguardTransitionHandler@a43c2e7
06-24 16:48:12.411 23948 24025 V WindowManagerShell:  try handler com.android.wm.shell.activityembedding.ActivityEmbeddingController@9e68e94
06-24 16:48:12.411 23948 24025 V WindowManagerShell:  try handler com.android.wm.shell.recents.RecentsTransitionHandler@6d99932
06-24 16:48:12.411 23948 24025 V ShellRecents: RecentsTransitionHandler.startAnimation: no controller found
06-24 16:48:12.411 23948 24025 V WindowManagerShell:  try handler com.android.wm.shell.pip.PipTransition@5ffa683
06-24 16:48:12.411 23948 24025 V WindowManagerShell:  try handler com.android.wm.shell.transition.RemoteTransitionHandler@10c27df
06-24 16:48:12.411 23948 24025 V WindowManagerShell: Transition doesn't have explicit remote, search filters for match for {id=1562 t=OPEN f=0x0 trk=0 r=[0@Point(0, 0)] c=[{WCT{android.window.IWindowContainerToken$Stub$Proxy@d64e62c} m=OPEN f=NONE leash=Surface(name=Task=250#19513)/@0x5c91239 sb=Rect(0, 0 - 720, 1612) eb=Rect(0, 0 - 720, 1612) d=0},{WCT{android.window.IWindowContainerToken$Stub$Proxy@41f98f5} m=TO_BACK f=SHOW_WALLPAPER leash=Surface(name=Task=1#19329)/@0xb40507e sb=Rect(0, 0 - 720, 1612) eb=Rect(0, 0 - 720, 1612) d=0}]}
06-24 16:48:12.411 23948 24025 V WindowManagerShell:  Delegate animation for #1562 to null
06-24 16:48:12.411 23948 24025 V WindowManagerShell:  try handler com.android.wm.shell.transition.DefaultTransitionHandler@bcd1c2c
06-24 16:48:12.412 23948 24025 V WindowManagerShell: start default transition animation, info = {id=1562 t=OPEN f=0x0 trk=0 r=[0@Point(0, 0)] c=[{WCT{android.window.IWindowContainerToken$Stub$Proxy@d64e62c} m=OPEN f=NONE leash=Surface(name=Task=250#19513)/@0x5c91239 sb=Rect(0, 0 - 720, 1612) eb=Rect(0, 0 - 720, 1612) d=0},{WCT{android.window.IWindowContainerToken$Stub$Proxy@41f98f5} m=TO_BACK f=SHOW_WALLPAPER leash=Surface(name=Task=1#19329)/@0xb40507e sb=Rect(0, 0 - 720, 1612) eb=Rect(0, 0 - 720, 1612) d=0}]}
06-24 16:48:12.412 23948 24025 W ReflectHelper: access method isThunderbackWindow  of class java.lang.Object failed!
06-24 16:48:12.412 23948 24025 W ReflectHelper: java.lang.NoSuchMethodException: android.content.res.Configuration.isThunderbackWindow []
06-24 16:48:12.412 23948 24025 W ReflectHelper: 	at java.lang.Class.getMethod(Class.java:2942)
06-24 16:48:12.412 23948 24025 W ReflectHelper: 	at java.lang.Class.getDeclaredMethod(Class.java:2921)
06-24 16:48:12.412 23948 24025 W ReflectHelper: 	at com.android.wm.shell.util.ReflectHelper.getMethod(SourceFile:6)
06-24 16:48:12.412 23948 24025 W ReflectHelper: 	at com.android.wm.shell.transition.DefaultTransitionHandler.startAnimation(SourceFile:138)
06-24 16:48:12.412 23948 24025 W ReflectHelper: 	at com.android.wm.shell.transition.Transitions.dispatchTransition(SourceFile:67)
06-24 16:48:12.412 23948 24025 W ReflectHelper: 	at com.android.wm.shell.transition.Transitions.playTransition(SourceFile:150)
06-24 16:48:12.412 23948 24025 W ReflectHelper: 	at com.android.wm.shell.transition.Transitions.processReadyQueue(SourceFile:165)
06-24 16:48:12.412 23948 24025 W ReflectHelper: 	at com.android.wm.shell.transition.Transitions.dispatchReady(SourceFile:380)
06-24 16:48:12.412 23948 24025 W ReflectHelper: 	at com.android.wm.shell.transition.Transitions.onTransitionReady(SourceFile:338)
06-24 16:48:12.412 23948 24025 W ReflectHelper: 	at com.android.wm.shell.transition.Transitions$TransitionPlayerImpl.lambda$onTransitionReady$0(SourceFile:2)
06-24 16:48:12.412 23948 24025 W ReflectHelper: 	at com.android.wm.shell.transition.Transitions$TransitionPlayerImpl.$r8$lambda$2MzLFGkxdsqbp8IQzir4LdcDhwY(SourceFile:0)
06-24 16:48:12.412 23948 24025 W ReflectHelper: 	at com.android.wm.shell.transition.DefaultMixedHandler$$ExternalSyntheticLambda1.run(SourceFile:26)
06-24 16:48:12.412 23948 24025 W ReflectHelper: 	at android.os.Handler.handleCallback(Handler.java:958)
06-24 16:48:12.412 23948 24025 W ReflectHelper: 	at android.os.Handler.dispatchMessage(Handler.java:99)
06-24 16:48:12.412 23948 24025 W ReflectHelper: 	at android.os.Looper.loopOnce(Looper.java:205)
06-24 16:48:12.412 23948 24025 W ReflectHelper: 	at android.os.Looper.loop(Looper.java:294)
06-24 16:48:12.412 23948 24025 W ReflectHelper: 	at android.os.HandlerThread.run(HandlerThread.java:67)
06-24 16:48:12.412  1089  1142 D WindowManager: isSupportDynamicNavbar user0, navBarMode = 2, is3buttonModeNavbar = false
06-24 16:48:12.413 23948 24025 I DefaultTransitionHandler: activityInMultiWindow Exception e = java.lang.NullPointerException: Attempt to invoke virtual method 'java.lang.Object java.lang.reflect.Method.invoke(java.lang.Object, java.lang.Object[])' on a null object reference
06-24 16:48:12.413 23948 24025 I isAnimateWithFlipScreenSmartWindow: TransitionInfo.type:1
06-24 16:48:12.413 23948 24025 D isAnimateWithFlipScreenSmartWindow: isAnimateWithFlipScreenSmartWindow(info):  false
06-24 16:48:12.413 23948 24025 I isAnimateWithFlipScreenSmartWindow: TransitionInfo.type:1
06-24 16:48:12.413 23948 24025 I isAnimateWithFlipScreenSmartWindow: TransitionInfo.type:1
06-24 16:48:12.413 23948 24025 V WindowManagerShell: loadAnimation: anim=android.view.animation.AnimationSet@5503918 animAttr=0x13 type=OPEN isEntrance=false
06-24 16:48:12.414 23948 24025 D ShellTransitions: animationRange:  Rect(0, 0 - 720, 1612)
06-24 16:48:12.414 23948 24025 I DefaultTransitionHandler: activityInMultiWindow Exception e = java.lang.NullPointerException: Attempt to invoke virtual method 'java.lang.Object java.lang.reflect.Method.invoke(java.lang.Object, java.lang.Object[])' on a null object reference
06-24 16:48:12.414 23948 24025 I isAnimateWithFlipScreenSmartWindow: TransitionInfo.type:1
06-24 16:48:12.414 23948 24025 D isAnimateWithFlipScreenSmartWindow: isAnimateWithFlipScreenSmartWindow(info):  false
06-24 16:48:12.414 23948 24025 I isAnimateWithFlipScreenSmartWindow: TransitionInfo.type:1
06-24 16:48:12.414 23948 24025 I isAnimateWithFlipScreenSmartWindow: TransitionInfo.type:1
06-24 16:48:12.415 23948 24025 V WindowManagerShell: loadAnimation: anim=android.view.animation.AnimationSet@39bcec4 animAttr=0x12 type=OPEN isEntrance=true
06-24 16:48:12.415 23948 24025 D ShellTransitions: animationRange:  Rect(0, 0 - 720, 1612)
06-24 16:48:12.416   621   621 I DPUModule: DpuR5P0::checkLayerFormat <149>: checkLayerFormat: Format(1)
06-24 16:48:12.416   621   621 I DPUModule: DpuR5P0::checkTransform <44>: checkTransform: Transform(0), SRCRect(0,0)
06-24 16:48:12.416   621   621 I DPUModule: DpuR5P0::checkAFBCBlockSize <105>: checkAFBCBlockSize: compressed(1),format(1), pitch(1152), vstride(1616)
06-24 16:48:12.416   621   621 I DPUModule: DpuR5P0::checkLayerFormat <149>: checkLayerFormat: Format(1)
06-24 16:48:12.416   621   621 I DPUModule: DpuR5P0::checkTransform <44>: checkTransform: Transform(0), SRCRect(0,0)
06-24 16:48:12.416   621   621 I DPUModule: DpuR5P0::checkAFBCBlockSize <105>: checkAFBCBlockSize: compressed(1),format(1), pitch(720), vstride(1616)
06-24 16:48:12.416   621   621 I DPUModule: DpuR5P0::checkLayerFormat <149>: checkLayerFormat: Format(1)
06-24 16:48:12.416   621   621 I DPUModule: DpuR5P0::checkTransform <44>: checkTransform: Transform(0), SRCRect(0,0)
06-24 16:48:12.416   621   621 I DPUModule: DpuR5P0::checkAFBCBlockSize <105>: checkAFBCBlockSize: compressed(1),format(1), pitch(720), vstride(80)
06-24 16:48:12.416   621   621 I DPUModule: DpuR5P0::checkLayerFormat <149>: checkLayerFormat: Format(1)
06-24 16:48:12.416   621   621 I DPUModule: DpuR5P0::checkTransform <44>: checkTransform: Transform(0), SRCRect(0,0)
06-24 16:48:12.416   621   621 I DPUModule: DpuR5P0::checkAFBCBlockSize <105>: checkAFBCBlockSize: compressed(1),format(1), pitch(720), vstride(80)
06-24 16:48:12.416   621   621 D DPUModule: [©┤Č #] support: 0
06-24 16:48:12.417 23948 24025 V WindowManagerShell:  animated by com.android.wm.shell.transition.DefaultTransitionHandler@bcd1c2c
06-24 16:48:12.419 23948 24025 V TranThreePointMenuManager: checkWindowStateDisplayInner params is null
06-24 16:48:12.423  1089  1142 D WindowManager: isSupportDynamicNavbar user0, navBarMode = 2, is3buttonModeNavbar = false
06-24 16:48:12.427   649   649 I Layer   : fillInputInfo layer:5c79f12 ActivityRecordInputSink com.generatormobile/.MainActivity#19520, visible=1 (hasInputInfo:1, isHidden:0, alpha:0.000000, parent:ActivityRecord{26266e3 u0 com.generatormobile/.MainActivity#19514,parenthidden:0, parentalpha:0.000000, mBuffer:0, mSidebandStream:0,hasSomethingToDraw:0, hasEffect:0, fillsColor:0, drawShadows:0, hasBlur:0)
06-24 16:48:12.428   621   621 I DPUModule: DpuR5P0::checkLayerFormat <149>: checkLayerFormat: Format(1)
06-24 16:48:12.428   621   621 I DPUModule: DpuR5P0::checkTransform <44>: checkTransform: Transform(0), SRCRect(0,0)
06-24 16:48:12.428   621   621 I DPUModule: DpuR5P0::checkAFBCBlockSize <105>: checkAFBCBlockSize: compressed(1),format(1), pitch(1152), vstride(1616)
06-24 16:48:12.428   621   621 I DPUModule: DpuR5P0::checkLayerFormat <149>: checkLayerFormat: Format(1)
06-24 16:48:12.428   621   621 I DPUModule: DpuR5P0::checkTransform <44>: checkTransform: Transform(0), SRCRect(0,0)
06-24 16:48:12.428   621   621 I DPUModule: DpuR5P0::checkAFBCBlockSize <105>: checkAFBCBlockSize: compressed(1),format(1), pitch(720), vstride(1616)
06-24 16:48:12.428   621   621 I DPUModule: DpuR5P0::checkLayerFormat <149>: checkLayerFormat: Format(1)
06-24 16:48:12.428   621   621 I DPUModule: DpuR5P0::checkTransform <44>: checkTransform: Transform(0), SRCRect(0,0)
06-24 16:48:12.428   621   621 I DPUModule: DpuR5P0::checkAFBCBlockSize <105>: checkAFBCBlockSize: compressed(1),format(1), pitch(720), vstride(80)
06-24 16:48:12.428   621   621 I DPUModule: DpuR5P0::checkLayerFormat <149>: checkLayerFormat: Format(1)
06-24 16:48:12.428   621   621 I DPUModule: DpuR5P0::checkTransform <44>: checkTransform: Transform(0), SRCRect(0,0)
06-24 16:48:12.428   621   621 I DPUModule: DpuR5P0::checkAFBCBlockSize <105>: checkAFBCBlockSize: compressed(1),format(1), pitch(720), vstride(80)
06-24 16:48:12.428   621   621 D DPUModule: [©┤Č #] support: 0
06-24 16:48:12.428 31916 31916 I generatormobile: Using generational CollectorTypeCMC GC.
06-24 16:48:12.430   649   649 D SurfaceFlinger: VRR attempt to change display mode to 0
06-24 16:48:12.430   649   649 I RefreshRateSelector: Display 4619827259835644672 policy changed
06-24 16:48:12.430   649   649 I RefreshRateSelector: Previous: {defaultModeId=1, allowGroupSwitching=false, primaryRanges={physical=[60.00 Hz, 120.00 Hz], render=[60.00 Hz, 90.00 Hz]}, appRequestRanges={physical=[0.00 Hz, 120.00 Hz], render=[0.00 Hz, 120.00 Hz]}}
06-24 16:48:12.430   649   649 I RefreshRateSelector: Current:  DisplayManagerPolicy{defaultModeId=0, allowGroupSwitching=false, primaryRanges={physical=[60.00 Hz, 120.00 Hz], render=[60.00 Hz, 90.00 Hz]}, appRequestRanges={physical=[0.00 Hz, 120.00 Hz], render=[0.00 Hz, 120.00 Hz]}}
06-24 16:48:12.430   649   649 I RefreshRateSelector: 14 mode changes were performed under the previous policy
06-24 16:48:12.433   892   967 I adbd    : jdwp connection from 31916
06-24 16:48:12.435  1089  1141 I DisplayDeviceRepository: Display device changed: DisplayDeviceInfo{"├ēcran int├®gr├®": uniqueId="local:4619827259835644672", 720 x 1612, modeId 2, renderFrameRate 90.0, defaultModeId 2, supportedModes [{id=1, width=720, height=1612, fps=60.0, alternativeRefreshRates=[90.0], supportedHdrTypes=[]}, {id=2, width=720, height=1612, fps=90.0, alternativeRefreshRates=[60.0], supportedHdrTypes=[]}], colorMode 0, supportedColorModes [0], hdrCapabilities HdrCapabilities{mSupportedHdrTypes=[], mMaxLuminance=500.0, mMaxAverageLuminance=500.0, mMinLuminance=0.0}, allmSupported false, gameContentTypeSupported false, density 320, 268.941 x 269.373 dpi, appVsyncOff 2000000, presDeadline 11111111, cutout DisplayCutout{insets=Rect(0, 80 - 0, 0) waterfall=Insets{left=0, top=0, right=0, bottom=0} boundingRect={Bounds=[Rect(0, 0 - 0, 0), Rect(312, 0 - 408, 80), Rect(0, 0 - 0, 0), Rect(0, 0 - 0, 0)]} cutoutPathParserInfo={CutoutPathParserInfo{displayWidth=720 displayHeight=1612 physicalDisplayWidth=720 physicalDisplayHeight=1612 density={2.0} cutoutSpec={M -24,0 L -24,40 L 24,40 L 24,0 Z @dp} rotation={0} scale={1.0} physicalPixelDisplaySizeRatio={1.0}}}}, touch INTERNAL, rotation 0, type INTERNAL, address {port=0, model=0x401cec6a7a2b7b}, deviceProductInfo DeviceProductInfo{name=EMU_display_0, manufacturerPnpId=GGL, productId=1, modelYear=null, manufactureDate=ManufactureDate{week=27, year=2006}, connectionToSinkType=0}, state ON, committedState ON, frameRateOverride , brightnessMinimum 0.0, brightnessMaximum 1.0, brightnessDefault 0.38188976, hdrSdrRatio NaN, FLAG_ALLOWED_TO_BE_DEFAULT_DISPLAY, FLAG_ROTATES_WITH_CONTENT, FLAG_SECURE, FLAG_SUPPORTS_PROTECTED_BUFFERS, FLAG_TRUSTED, installOrientation 0, displayShape DisplayShape{ spec=-1329894761 displayWidth=720 displayHeight=1612 physicalPixelDisplaySizeRatio=1.0 rotation=0 offsetX=0 offsetY=0 scale=1.0}}
06-24 16:48:12.437  1089  1141 D Griffin/DeviceState: virtualDisplayPackageName :{}
06-24 16:48:12.438   621   621 I DPUModule: DpuR5P0::checkLayerFormat <149>: checkLayerFormat: Format(1)
06-24 16:48:12.438   621   621 I DPUModule: DpuR5P0::checkTransform <44>: checkTransform: Transform(0), SRCRect(0,0)
06-24 16:48:12.438   621   621 I DPUModule: DpuR5P0::checkAFBCBlockSize <105>: checkAFBCBlockSize: compressed(1),format(1), pitch(1152), vstride(1616)
06-24 16:48:12.438   621   621 I DPUModule: DpuR5P0::checkLayerFormat <149>: checkLayerFormat: Format(1)
06-24 16:48:12.438   621   621 I DPUModule: DpuR5P0::checkTransform <44>: checkTransform: Transform(0), SRCRect(0,0)
06-24 16:48:12.438   621   621 I DPUModule: DpuR5P0::checkAFBCBlockSize <105>: checkAFBCBlockSize: compressed(1),format(1), pitch(720), vstride(1616)
06-24 16:48:12.438   621   621 I DPUModule: DpuR5P0::checkLayerFormat <149>: checkLayerFormat: Format(1)
06-24 16:48:12.438   621   621 I DPUModule: DpuR5P0::checkTransform <44>: checkTransform: Transform(0), SRCRect(0,0)
06-24 16:48:12.438   621   621 I DPUModule: DpuR5P0::checkAFBCBlockSize <105>: checkAFBCBlockSize: compressed(1),format(1), pitch(720), vstride(80)
06-24 16:48:12.438   621   621 I DPUModule: DpuR5P0::checkLayerFormat <149>: checkLayerFormat: Format(1)
06-24 16:48:12.438   621   621 I DPUModule: DpuR5P0::checkTransform <44>: checkTransform: Transform(0), SRCRect(0,0)
06-24 16:48:12.438   621   621 I DPUModule: DpuR5P0::checkAFBCBlockSize <105>: checkAFBCBlockSize: compressed(1),format(1), pitch(720), vstride(80)
06-24 16:48:12.438   621   621 D DPUModule: [©┤Č #] support: 0
06-24 16:48:12.439  1089  1142 D WindowManager: isSupportDynamicNavbar user0, navBarMode = 2, is3buttonModeNavbar = false
06-24 16:48:12.439  1089  1141 I DisplayDeviceRepository: Display device changed: DisplayDeviceInfo{"├ēcran int├®gr├®": uniqueId="local:4619827259835644672", 720 x 1612, modeId 2, renderFrameRate 90.0, defaultModeId 2, supportedModes [{id=1, width=720, height=1612, fps=60.0, alternativeRefreshRates=[90.0], supportedHdrTypes=[]}, {id=2, width=720, height=1612, fps=90.0, alternativeRefreshRates=[60.0], supportedHdrTypes=[]}], colorMode 0, supportedColorModes [0], hdrCapabilities HdrCapabilities{mSupportedHdrTypes=[], mMaxLuminance=500.0, mMaxAverageLuminance=500.0, mMinLuminance=0.0}, allmSupported false, gameContentTypeSupported false, density 320, 268.941 x 269.373 dpi, appVsyncOff 2000000, presDeadline 11111111, cutout DisplayCutout{insets=Rect(0, 80 - 0, 0) waterfall=Insets{left=0, top=0, right=0, bottom=0} boundingRect={Bounds=[Rect(0, 0 - 0, 0), Rect(312, 0 - 408, 80), Rect(0, 0 - 0, 0), Rect(0, 0 - 0, 0)]} cutoutPathParserInfo={CutoutPathParserInfo{displayWidth=720 displayHeight=1612 physicalDisplayWidth=720 physicalDisplayHeight=1612 density={2.0} cutoutSpec={M -24,0 L -24,40 L 24,40 L 24,0 Z @dp} rotation={0} scale={1.0} physicalPixelDisplaySizeRatio={1.0}}}}, touch INTERNAL, rotation 0, type INTERNAL, address {port=0, model=0x401cec6a7a2b7b}, deviceProductInfo DeviceProductInfo{name=EMU_display_0, manufacturerPnpId=GGL, productId=1, modelYear=null, manufactureDate=ManufactureDate{week=27, year=2006}, connectionToSinkType=0}, state ON, committedState ON, frameRateOverride {uid=10176 frameRateHz=90.0} , brightnessMinimum 0.0, brightnessMaximum 1.0, brightnessDefault 0.38188976, hdrSdrRatio NaN, FLAG_ALLOWED_TO_BE_DEFAULT_DISPLAY, FLAG_ROTATES_WITH_CONTENT, FLAG_SECURE, FLAG_SUPPORTS_PROTECTED_BUFFERS, FLAG_TRUSTED, installOrientation 0, displayShape DisplayShape{ spec=-1329894761 displayWidth=720 displayHeight=1612 physicalPixelDisplaySizeRatio=1.0 rotation=0 offsetX=0 offsetY=0 scale=1.0}}
06-24 16:48:12.441  1089  1141 D Griffin/DeviceState: virtualDisplayPackageName :{}
06-24 16:48:12.441 31916 31916 D nativeloader: Load libframework-connectivity-tiramisu-jni.so using APEX ns com_android_tethering for caller /apex/com.android.tethering/javalib/framework-connectivity-t.jar: ok
06-24 16:48:12.447  1089  1162 D CompetitionModeConfig: sys.apm.competition_mode_config is not support!
06-24 16:48:12.450  1089  1162 D ActivityManager: performServiceRestartLocked: app=com.transsion.sru process=com.transsion.sru uid=1000 restartDelay=93205
06-24 16:48:12.452  1089  1162 D ActivityManager: PROFILE_FROM_SHELL is disabled for ProcessRecord{25ffcc5 0:com.transsion.sru/1000}
06-24 16:48:12.452  1089  1162 D CompatibilityChangeReporter: Compat change id reported: 135634846; UID 1000; state: DISABLED
06-24 16:48:12.457  1089 10372 D os.ActivityManagerServiceLice: make process active com.generatormobile(31916)
06-24 16:48:12.459   649   649 I Layer   : fillInputInfo layer:Splash Screen com.generatormobile#19516, visible=1 (hasInputInfo:1, isHidden:0, alpha:0.082703, parent:8e05455 Splash Screen com.generatormobile#19515,parenthidden:0, parentalpha:0.082703, mBuffer:1, mSidebandStream:0,hasSomethingToDraw:1, hasEffect:0, fillsColor:0, drawShadows:0, hasBlur:0)
06-24 16:48:12.459  1089 10372 I AppsFilter: interaction: PackageSetting{edd18d3 com.generatormobile/10300} -> PackageSetting{9f9f5d8 com.transsion.hilauncher/10176} BLOCKED
06-24 16:48:12.460  1089 10372 D os.fingerprint: onRealStartActivityLocked next:ActivityRecord{26266e3 u0 com.generatormobile/.MainActivity t250 d0} isKeyguardShowing:false
06-24 16:48:12.460  1089 10372 D os.fingerprint: activityComponent = ComponentInfo{com.generatormobile/com.generatormobile.MainActivity} inMultiWindow = false
06-24 16:48:12.460  1089 10372 I ActivityTaskManager: delivered LaunchActivityItem: ActivityRecord{26266e3 u0 com.generatormobile/.MainActivity t250 d0}
06-24 16:48:12.460   621   621 D SPRDHWComposer: HWC Range:1, HWC_Transfer:4
06-24 16:48:12.460   621   621 D mali_gralloc: register: id=26c00008b31, handle=0xebc30d20, importpid=649, gRegisteredHandles=17
06-24 16:48:12.460   621   621 I DPUModule: DpuR5P0::checkLayerFormat <149>: checkLayerFormat: Format(1)
06-24 16:48:12.460   621   621 I DPUModule: DpuR5P0::checkTransform <44>: checkTransform: Transform(0), SRCRect(0,0)
06-24 16:48:12.460   621   621 I DPUModule: DpuR5P0::checkAFBCBlockSize <105>: checkAFBCBlockSize: compressed(1),format(1), pitch(1152), vstride(1616)
06-24 16:48:12.460   621   621 I DPUModule: DpuR5P0::checkLayerFormat <149>: checkLayerFormat: Format(1)
06-24 16:48:12.460   621   621 I DPUModule: DpuR5P0::checkTransform <44>: checkTransform: Transform(0), SRCRect(0,0)
06-24 16:48:12.460   621   621 I DPUModule: DpuR5P0::checkAFBCBlockSize <105>: checkAFBCBlockSize: compressed(1),format(1), pitch(720), vstride(1616)
06-24 16:48:12.460   621   621 I DPUModule: DpuR5P0::checkLayerFormat <149>: checkLayerFormat: Format(1)
06-24 16:48:12.460   621   621 I DPUModule: DpuR5P0::checkTransform <44>: checkTransform: Transform(0), SRCRect(0,0)
06-24 16:48:12.460   621   621 I DPUModule: DpuR5P0::checkLayerFormat <149>: checkLayerFormat: Format(1)
06-24 16:48:12.460   621   621 I DPUModule: DpuR5P0::checkTransform <44>: checkTransform: Transform(0), SRCRect(0,0)
06-24 16:48:12.460   621   621 I DPUModule: DpuR5P0::checkAFBCBlockSize <105>: checkAFBCBlockSize: compressed(1),format(1), pitch(720), vstride(80)
06-24 16:48:12.460   621   621 I DPUModule: DpuR5P0::checkLayerFormat <149>: checkLayerFormat: Format(1)
06-24 16:48:12.460   621   621 I DPUModule: DpuR5P0::checkTransform <44>: checkTransform: Transform(0), SRCRect(0,0)
06-24 16:48:12.460   621   621 I DPUModule: DpuR5P0::checkAFBCBlockSize <105>: checkAFBCBlockSize: compressed(1),format(1), pitch(720), vstride(80)
06-24 16:48:12.460   621   621 D DPUModule: [©┤Č #] support: 0
06-24 16:48:12.460  1089 10372 D os.fingerprint: onUpdateFocusedApp oldPackageName:com.transsion.hilauncher oldComponent:ComponentInfo{com.transsion.hilauncher/com.android.quickstep.src.com.android.launcher3.uioverrides.QuickstepLauncher} newPackageName:com.generatormobile newComponent:ComponentInfo{com.generatormobile/com.generatormobile.MainActivity} mFm :android.hardware.fingerprint.FingerprintManager@8a65b18
06-24 16:48:12.461  1089 10372 D WindowManager: setFocusedApp mFocusedApp = ActivityRecord{26266e3 u0 com.generatormobile/.MainActivity t250 d0}displayId = 0Callers = com.android.server.wm.ActivityTaskManagerService.setLastResumedActivityUncheckLocked:5349 com.android.server.wm.ActivityTaskSupervisor.updateTopResumedActivityIfNeeded:2565 com.android.server.wm.TaskFragment.setResumedActivity:574 com.android.server.wm.TaskFragment.onActivityStateChanged:870 
06-24 16:48:12.461  1089 10372 D InputDispatcher: setFocusedApplication displayId=0 ActivityRecord{26266e3 u0 com.generatormobile/.MainActivity t250 d0}
06-24 16:48:12.463  1089 10372 D os.fingerprint: onActivityResume next:ActivityRecord{26266e3 u0 com.generatormobile/.MainActivity t250 d0}
06-24 16:48:12.464  1089 10372 D os.fingerprint: activityComponent = ComponentInfo{com.generatormobile/com.generatormobile.MainActivity} inMultiWindow = false
06-24 16:48:12.464  1089  1486 W libc    : Access denied finding property "ro.vendor.pnpmgr.game.record"
06-24 16:48:12.465  1089  1486 W libc    : Access denied finding property "ro.vendor.pnpmgr.touch.ctl"
06-24 16:48:12.460  1089  1089 W com.transsion.p: type=1400 audit(0.0:141253): avc:  denied  { read } for  name="u:object_r:vendor_default_prop:s0" dev="tmpfs" ino=429 scontext=u:r:system_server:s0 tcontext=u:object_r:vendor_default_prop:s0 tclass=file permissive=0
06-24 16:48:12.460  1089  1089 W com.transsion.p: type=1400 audit(0.0:141254): avc:  denied  { read } for  name="u:object_r:vendor_default_prop:s0" dev="tmpfs" ino=429 scontext=u:r:system_server:s0 tcontext=u:object_r:vendor_default_prop:s0 tclass=file permissive=0
06-24 16:48:12.466   611   611 D Zygote  : Forked child process 31929
06-24 16:48:12.467  1089  1163 I ActivityManager: Start proc 31929:com.transsion.sru/1000 for service {com.transsion.sru/com.transsion.sru.service.SRUService}
06-24 16:48:12.471   621   621 I DPUModule: DpuR5P0::checkLayerFormat <149>: checkLayerFormat: Format(1)
06-24 16:48:12.471   621   621 I DPUModule: DpuR5P0::checkTransform <44>: checkTransform: Transform(0), SRCRect(0,0)
06-24 16:48:12.471   621   621 I DPUModule: DpuR5P0::checkAFBCBlockSize <105>: checkAFBCBlockSize: compressed(1),format(1), pitch(1152), vstride(1616)
06-24 16:48:12.471   621   621 I DPUModule: DpuR5P0::checkLayerFormat <149>: checkLayerFormat: Format(1)
06-24 16:48:12.471   621   621 I DPUModule: DpuR5P0::checkTransform <44>: checkTransform: Transform(0), SRCRect(0,0)
06-24 16:48:12.471   621   621 I DPUModule: DpuR5P0::checkAFBCBlockSize <105>: checkAFBCBlockSize: compressed(1),format(1), pitch(720), vstride(1616)
06-24 16:48:12.471   621   621 I DPUModule: DpuR5P0::checkLayerFormat <149>: checkLayerFormat: Format(1)
06-24 16:48:12.471   621   621 I DPUModule: DpuR5P0::checkTransform <44>: checkTransform: Transform(0), SRCRect(0,0)
06-24 16:48:12.471   621   621 I DPUModule: DpuR5P0::checkLayerFormat <149>: checkLayerFormat: Format(1)
06-24 16:48:12.471   621   621 I DPUModule: DpuR5P0::checkTransform <44>: checkTransform: Transform(0), SRCRect(0,0)
06-24 16:48:12.471   621   621 I DPUModule: DpuR5P0::checkAFBCBlockSize <105>: checkAFBCBlockSize: compressed(1),format(1), pitch(720), vstride(80)
06-24 16:48:12.471   621   621 I DPUModule: DpuR5P0::checkLayerFormat <149>: checkLayerFormat: Format(1)
06-24 16:48:12.471   621   621 I DPUModule: DpuR5P0::checkTransform <44>: checkTransform: Transform(0), SRCRect(0,0)
06-24 16:48:12.471   621   621 I DPUModule: DpuR5P0::checkAFBCBlockSize <105>: checkAFBCBlockSize: compressed(1),format(1), pitch(720), vstride(80)
06-24 16:48:12.471   621   621 D DPUModule: [©┤Č #] support: 0
06-24 16:48:12.472  1089  1139 I ActivityManager: isUserAMonkey mUserIsMonkey = false
06-24 16:48:12.473  1089  4237 D os.permission.PermissionInfo: checkPermission 10176:android.permission.INTERACT_ACROSS_USERS:true
06-24 16:48:12.473  1089  4237 I os.permission: Grant permission: android.permission.INTERACT_ACROSS_USERS to uid: 10176
06-24 16:48:12.474  1493  1770 D MultiLinkController: onTaskStackChanged 
06-24 16:48:12.482   621   621 I DPUModule: DpuR5P0::checkLayerFormat <149>: checkLayerFormat: Format(1)
06-24 16:48:12.482   621   621 I DPUModule: DpuR5P0::checkTransform <44>: checkTransform: Transform(0), SRCRect(0,0)
06-24 16:48:12.482   621   621 I DPUModule: DpuR5P0::checkAFBCBlockSize <105>: checkAFBCBlockSize: compressed(1),format(1), pitch(1152), vstride(1616)
06-24 16:48:12.482   621   621 I DPUModule: DpuR5P0::checkLayerFormat <149>: checkLayerFormat: Format(1)
06-24 16:48:12.482   621   621 I DPUModule: DpuR5P0::checkTransform <44>: checkTransform: Transform(0), SRCRect(0,0)
06-24 16:48:12.482   621   621 I DPUModule: DpuR5P0::checkAFBCBlockSize <105>: checkAFBCBlockSize: compressed(1),format(1), pitch(720), vstride(1616)
06-24 16:48:12.482   621   621 I DPUModule: DpuR5P0::checkLayerFormat <149>: checkLayerFormat: Format(1)
06-24 16:48:12.482   621   621 I DPUModule: DpuR5P0::checkTransform <44>: checkTransform: Transform(0), SRCRect(0,0)
06-24 16:48:12.482   621   621 I DPUModule: DpuR5P0::checkLayerFormat <149>: checkLayerFormat: Format(1)
06-24 16:48:12.482   621   621 I DPUModule: DpuR5P0::checkTransform <44>: checkTransform: Transform(0), SRCRect(0,0)
06-24 16:48:12.482   621   621 I DPUModule: DpuR5P0::checkAFBCBlockSize <105>: checkAFBCBlockSize: compressed(1),format(1), pitch(720), vstride(80)
06-24 16:48:12.482   621   621 I DPUModule: DpuR5P0::checkLayerFormat <149>: checkLayerFormat: Format(1)
06-24 16:48:12.482   621   621 I DPUModule: DpuR5P0::checkTransform <44>: checkTransform: Transform(0), SRCRect(0,0)
06-24 16:48:12.482   621   621 I DPUModule: DpuR5P0::checkAFBCBlockSize <105>: checkAFBCBlockSize: compressed(1),format(1), pitch(720), vstride(80)
06-24 16:48:12.482   621   621 D DPUModule: [©┤Č #] support: 0
06-24 16:48:12.482 23948 24025 W RecentTasksController: baseActivity and topActivity is null: com.google.android.youtube/com.google.android.youtube.app.honeycomb.Shell$HomeActivity
06-24 16:48:12.482  1089 10372 D ParticularFeatureManager: enforcePermission,  do hasFeature
06-24 16:48:12.485 31916 31916 D CompatibilityChangeReporter: Compat change id reported: 171979766; UID 10300; state: ENABLED
06-24 16:48:12.487 31916 31916 D CompatibilityChangeReporter: Compat change id reported: 242716250; UID 10300; state: ENABLED
06-24 16:48:12.489  1089  1235 D CompatibilityChangeReporter: Compat change id reported: 271850009; UID 10236; state: ENABLED
06-24 16:48:12.489 31929 31929 I m.transsion.sru: Using generational CollectorTypeCMC GC.
06-24 16:48:12.492  1089  1235 D CompetitionModeConfig: sys.apm.competition_mode_config is not support!
06-24 16:48:12.493   621   621 I DPUModule: DpuR5P0::checkLayerFormat <149>: checkLayerFormat: Format(1)
06-24 16:48:12.493   621   621 I DPUModule: DpuR5P0::checkTransform <44>: checkTransform: Transform(0), SRCRect(0,0)
06-24 16:48:12.493   621   621 I DPUModule: DpuR5P0::checkAFBCBlockSize <105>: checkAFBCBlockSize: compressed(1),format(1), pitch(1152), vstride(1616)
06-24 16:48:12.493   621   621 I DPUModule: DpuR5P0::checkLayerFormat <149>: checkLayerFormat: Format(1)
06-24 16:48:12.493   621   621 I DPUModule: DpuR5P0::checkTransform <44>: checkTransform: Transform(0), SRCRect(0,0)
06-24 16:48:12.493   621   621 I DPUModule: DpuR5P0::checkAFBCBlockSize <105>: checkAFBCBlockSize: compressed(1),format(1), pitch(720), vstride(1616)
06-24 16:48:12.493   621   621 I DPUModule: DpuR5P0::checkLayerFormat <149>: checkLayerFormat: Format(1)
06-24 16:48:12.493   621   621 I DPUModule: DpuR5P0::checkTransform <44>: checkTransform: Transform(0), SRCRect(0,0)
06-24 16:48:12.493   621   621 I DPUModule: DpuR5P0::checkLayerFormat <149>: checkLayerFormat: Format(1)
06-24 16:48:12.493   621   621 I DPUModule: DpuR5P0::checkTransform <44>: checkTransform: Transform(0), SRCRect(0,0)
06-24 16:48:12.493   621   621 I DPUModule: DpuR5P0::checkAFBCBlockSize <105>: checkAFBCBlockSize: compressed(1),format(1), pitch(720), vstride(80)
06-24 16:48:12.493   621   621 I DPUModule: DpuR5P0::checkLayerFormat <149>: checkLayerFormat: Format(1)
06-24 16:48:12.493   621   621 I DPUModule: DpuR5P0::checkTransform <44>: checkTransform: Transform(0), SRCRect(0,0)
06-24 16:48:12.493   621   621 I DPUModule: DpuR5P0::checkAFBCBlockSize <105>: checkAFBCBlockSize: compressed(1),format(1), pitch(720), vstride(80)
06-24 16:48:12.493   621   621 D DPUModule: [©┤Č #] support: 0
06-24 16:48:12.495  1089  1235 D CompetitionModeConfig: sys.apm.competition_mode_config is not support!
06-24 16:48:12.496 31916 31916 D TranClassInfo: instance successfully. com.transsion.hubcore.graphics.TranGraphicImpl@cbff06 from com.transsion.hubcore.graphics.ITranGraphic
06-24 16:48:12.497 31916 31916 D os.SingleLiceFactory: instance successfully. com.transsion.typeface.v1.TypefaceLice@b2633a0 from android.graphics.IGraphicLice
06-24 16:48:12.497 31916 31916 D os.LiceInfo: instance successfully. com.transsion.graphics.GraphicLice@33399c7 from android.graphics.IGraphicLice
06-24 16:48:12.497 31916 31916 W generatormobile: Monitor::Inflate: Install failed 0x72e034f0
06-24 16:48:12.501 31929 31929 D nativeloader: Load libframework-connectivity-tiramisu-jni.so using APEX ns com_android_tethering for caller /apex/com.android.tethering/javalib/framework-connectivity-t.jar: ok
06-24 16:48:12.504  1089  1235 D ActivityManager: PROFILE_FROM_SHELL is disabled for ProcessRecord{54a31d4 0:com.linkedin.android/u0a236}
06-24 16:48:12.504   621   621 I DPUModule: DpuR5P0::checkLayerFormat <149>: checkLayerFormat: Format(1)
06-24 16:48:12.504   621   621 I DPUModule: DpuR5P0::checkTransform <44>: checkTransform: Transform(0), SRCRect(0,0)
06-24 16:48:12.504   621   621 I DPUModule: DpuR5P0::checkAFBCBlockSize <105>: checkAFBCBlockSize: compressed(1),format(1), pitch(1152), vstride(1616)
06-24 16:48:12.504   621   621 I DPUModule: DpuR5P0::checkLayerFormat <149>: checkLayerFormat: Format(1)
06-24 16:48:12.504   621   621 I DPUModule: DpuR5P0::checkTransform <44>: checkTransform: Transform(0), SRCRect(0,0)
